172.70.82.122 - - [25/Nov/2021:00:03:19 +0000] "GET /api/data_tags HTTP/1.1" 200 2 "-" "-" 886 "rasa-production@docker" "http://172.22.0.5:5002" 357ms
172.70.82.166 - - [25/Nov/2021:00:03:20 +0000] "GET /api/conversations/cf7ee65db51a4c34842a55379dede435?format=full_conversation&since=1637798547.2380378&environment=production HTTP/1.1" 200 324 "-" "-" 887 "rasa-production@docker" "http://172.22.0.5:5002" 132ms
172.70.82.122 - - [25/Nov/2021:00:03:20 +0000] "GET /api/data_tags HTTP/1.1" 200 2 "-" "-" 889 "rasa-production@docker" "http://172.22.0.5:5002" 162ms
172.70.82.122 - - [25/Nov/2021:00:03:20 +0000] "GET /api/conversations/cf7ee65db51a4c34842a55379dede435?format=full_conversation&since=1637798547.2380378 HTTP/1.1" 200 324 "-" "-" 890 "rasa-production@docker" "http://172.22.0.5:5002" 335ms
172.70.82.122 - - [25/Nov/2021:00:03:20 +0000] "GET /api/conversations/bdc16b0064eb403e8de76167991eb286?format=full_conversation&since=1637798318.255578 HTTP/1.1" 200 324 "-" "-" 891 "rasa-production@docker" "http://172.22.0.5:5002" 391ms
172.70.82.122 - - [25/Nov/2021:00:03:20 +0000] "GET /api/version HTTP/1.1" 200 716 "-" "-" 888 "rasa-production@docker" "http://172.22.0.5:5002" 548ms
172.70.82.166 - - [25/Nov/2021:00:03:21 +0000] "GET /api/conversations/cf7ee65db51a4c34842a55379dede435?format=full_conversation&since=1637798547.2380378&environment=production HTTP/1.1" 200 324 "-" "-" 893 "rasa-production@docker" "http://172.22.0.5:5002" 140ms
172.70.82.122 - - [25/Nov/2021:00:03:21 +0000] "GET /api/conversations/cf7ee65db51a4c34842a55379dede435?format=full_conversation&since=1637798547.2380378 HTTP/1.1" 200 324 "-" "-" 894 "rasa-production@docker" "http://172.22.0.5:5002" 265ms
172.70.82.122 - - [25/Nov/2021:00:03:17 +0000] "GET /api/telemetry?include_user_groups=true HTTP/1.1" 200 88 "-" "-" 871 "rasa-production@docker" "http://172.22.0.5:5002" 4419ms
162.158.122.6 - - [25/Nov/2021:00:03:21 +0000] "GET /api/conversations/bdc16b0064eb403e8de76167991eb286?format=full_conversation&since=1637798318.255578&environment=production HTTP/1.1" 200 324 "-" "-" 895 "rasa-production@docker" "http://172.22.0.5:5002" 464ms
172.70.82.166 - - [25/Nov/2021:00:03:21 +0000] "GET /api/conversations/cf7ee65db51a4c34842a55379dede435?format=full_conversation&since=1637798547.2380378&environment=production HTTP/1.1" 200 324 "-" "-" 896 "rasa-production@docker" "http://172.22.0.5:5002" 242ms
172.70.82.122 - - [25/Nov/2021:00:03:21 +0000] "GET /api/version HTTP/1.1" 200 716 "-" "-" 892 "rasa-production@docker" "http://172.22.0.5:5002" 1275ms
172.70.82.122 - - [25/Nov/2021:00:03:22 +0000] "GET /api/conversations/cf7ee65db51a4c34842a55379dede435?format=full_conversation&since=1637798547.2380378 HTTP/1.1" 200 324 "-" "-" 897 "rasa-production@docker" "http://172.22.0.5:5002" 267ms
172.70.82.122 - - [25/Nov/2021:00:03:22 +0000] "GET /api/conversations/bdc16b0064eb403e8de76167991eb286?format=full_conversation&since=1637798318.255578 HTTP/1.1" 200 324 "-" "-" 898 "rasa-production@docker" "http://172.22.0.5:5002" 387ms
172.70.82.166 - - [25/Nov/2021:00:03:22 +0000] "GET /api/conversations/cf7ee65db51a4c34842a55379dede435?format=full_conversation&since=1637798547.2380378&environment=production HTTP/1.1" 200 324 "-" "-" 899 "rasa-production@docker" "http://172.22.0.5:5002" 209ms
172.70.82.122 - - [25/Nov/2021:00:03:23 +0000] "GET /api/conversations/cf7ee65db51a4c34842a55379dede435?format=full_conversation&since=1637798547.2380378 HTTP/1.1" 200 324 "-" "-" 900 "rasa-production@docker" "http://172.22.0.5:5002" 280ms
162.158.122.6 - - [25/Nov/2021:00:03:23 +0000] "GET /api/conversations/bdc16b0064eb403e8de76167991eb286?format=full_conversation&since=1637798318.255578&environment=production HTTP/1.1" 200 324 "-" "-" 901 "rasa-production@docker" "http://172.22.0.5:5002" 179ms
172.70.82.166 - - [25/Nov/2021:00:03:23 +0000] "GET /api/conversations/cf7ee65db51a4c34842a55379dede435?format=full_conversation&since=1637798547.2380378&environment=production HTTP/1.1" 200 324 "-" "-" 902 "rasa-production@docker" "http://172.22.0.5:5002" 152ms
172.70.82.122 - - [25/Nov/2021:00:03:24 +0000] "GET /api/conversations/cf7ee65db51a4c34842a55379dede435?format=full_conversation&since=1637798547.2380378 HTTP/1.1" 200 324 "-" "-" 903 "rasa-production@docker" "http://172.22.0.5:5002" 273ms
172.70.82.122 - - [25/Nov/2021:00:03:24 +0000] "GET /api/conversations/bdc16b0064eb403e8de76167991eb286?format=full_conversation&since=1637798318.255578 HTTP/1.1" 200 324 "-" "-" 904 "rasa-production@docker" "http://172.22.0.5:5002" 285ms
172.70.82.166 - - [25/Nov/2021:00:03:24 +0000] "GET /api/conversations/cf7ee65db51a4c34842a55379dede435?format=full_conversation&since=1637798547.2380378&environment=production HTTP/1.1" 200 324 "-" "-" 905 "rasa-production@docker" "http://172.22.0.5:5002" 396ms
172.70.82.122 - - [25/Nov/2021:00:03:25 +0000] "GET /api/conversations/cf7ee65db51a4c34842a55379dede435?format=full_conversation&since=1637798547.2380378 HTTP/1.1" 200 324 "-" "-" 906 "rasa-production@docker" "http://172.22.0.5:5002" 278ms
162.158.122.6 - - [25/Nov/2021:00:03:25 +0000] "GET /api/conversations/bdc16b0064eb403e8de76167991eb286?format=full_conversation&since=1637798318.255578&environment=production HTTP/1.1" 200 324 "-" "-" 907 "rasa-production@docker" "http://172.22.0.5:5002" 139ms
172.70.82.166 - - [25/Nov/2021:00:03:25 +0000] "GET /api/conversations/cf7ee65db51a4c34842a55379dede435?format=full_conversation&since=1637798547.2380378&environment=production HTTP/1.1" 200 324 "-" "-" 908 "rasa-production@docker" "http://172.22.0.5:5002" 173ms
172.70.82.122 - - [25/Nov/2021:00:03:26 +0000] "GET /api/conversations/cf7ee65db51a4c34842a55379dede435?format=full_conversation&since=1637798547.2380378 HTTP/1.1" 200 324 "-" "-" 909 "rasa-production@docker" "http://172.22.0.5:5002" 280ms
172.70.82.166 - - [25/Nov/2021:00:03:26 +0000] "GET /api/conversations/cf7ee65db51a4c34842a55379dede435?format=full_conversation&since=1637798547.2380378&environment=production HTTP/1.1" 200 324 "-" "-" 910 "rasa-production@docker" "http://172.22.0.5:5002" 134ms
172.70.82.122 - - [25/Nov/2021:00:03:26 +0000] "GET /api/conversations/bdc16b0064eb403e8de76167991eb286?format=full_conversation&since=1637798318.255578 HTTP/1.1" 200 324 "-" "-" 911 "rasa-production@docker" "http://172.22.0.5:5002" 331ms
172.70.82.122 - - [25/Nov/2021:00:03:27 +0000] "GET /api/conversations/cf7ee65db51a4c34842a55379dede435?format=full_conversation&since=1637798547.2380378 HTTP/1.1" 200 324 "-" "-" 912 "rasa-production@docker" "http://172.22.0.5:5002" 267ms
172.70.82.166 - - [25/Nov/2021:00:03:27 +0000] "GET /api/conversations/cf7ee65db51a4c34842a55379dede435?format=full_conversation&since=1637798547.2380378&environment=production HTTP/1.1" 200 324 "-" "-" 913 "rasa-production@docker" "http://172.22.0.5:5002" 255ms
162.158.122.6 - - [25/Nov/2021:00:03:27 +0000] "GET /api/conversations/bdc16b0064eb403e8de76167991eb286?format=full_conversation&since=1637798318.255578&environment=production HTTP/1.1" 200 324 "-" "-" 914 "rasa-production@docker" "http://172.22.0.5:5002" 242ms
172.70.82.122 - - [25/Nov/2021:00:03:28 +0000] "GET /api/conversations/cf7ee65db51a4c34842a55379dede435?format=full_conversation&since=1637798547.2380378 HTTP/1.1" 200 324 "-" "-" 915 "rasa-production@docker" "http://172.22.0.5:5002" 282ms
172.70.82.166 - - [25/Nov/2021:00:03:28 +0000] "GET /api/conversations/cf7ee65db51a4c34842a55379dede435?format=full_conversation&since=1637798547.2380378&environment=production HTTP/1.1" 200 324 "-" "-" 916 "rasa-production@docker" "http://172.22.0.5:5002" 265ms
172.70.82.122 - - [25/Nov/2021:00:03:28 +0000] "GET /api/conversations/bdc16b0064eb403e8de76167991eb286?format=full_conversation&since=1637798318.255578 HTTP/1.1" 200 324 "-" "-" 917 "rasa-production@docker" "http://172.22.0.5:5002" 334ms
172.70.82.122 - - [25/Nov/2021:00:03:29 +0000] "GET /api/conversations/cf7ee65db51a4c34842a55379dede435?format=full_conversation&since=1637798547.2380378 HTTP/1.1" 200 324 "-" "-" 918 "rasa-production@docker" "http://172.22.0.5:5002" 275ms
172.70.82.122 - - [25/Nov/2021:00:03:29 +0000] "GET /5005 HTTP/1.1" 200 3283 "-" "-" 921 "rasa-production@docker" "http://172.22.0.5:5002" 6ms
172.70.82.166 - - [25/Nov/2021:00:03:29 +0000] "GET /api/conversations/cf7ee65db51a4c34842a55379dede435?format=full_conversation&since=1637798547.2380378&environment=production HTTP/1.1" 200 324 "-" "-" 919 "rasa-production@docker" "http://172.22.0.5:5002" 293ms
162.158.122.6 - - [25/Nov/2021:00:03:29 +0000] "GET /api/conversations/bdc16b0064eb403e8de76167991eb286?format=full_conversation&since=1637798318.255578&environment=production HTTP/1.1" 200 324 "-" "-" 920 "rasa-production@docker" "http://172.22.0.5:5002" 196ms
172.70.82.144 - - [25/Nov/2021:00:03:17 +0000] "GET /api/ws HTTP/1.1" 0 0 "-" "-" 858 "rasa-production@docker" "http://172.22.0.5:5002" 12670ms
172.70.82.166 - - [25/Nov/2021:00:03:30 +0000] "GET /api/conversations/cf7ee65db51a4c34842a55379dede435?format=full_conversation&since=1637798547.2380378&environment=production HTTP/1.1" 200 324 "-" "-" 922 "rasa-production@docker" "http://172.22.0.5:5002" 138ms
172.70.82.122 - - [25/Nov/2021:00:03:30 +0000] "GET /api/data_tags HTTP/1.1" 200 2 "-" "-" 925 "rasa-production@docker" "http://172.22.0.5:5002" 162ms
172.70.82.122 - - [25/Nov/2021:00:03:30 +0000] "GET /api/projects/default/logs?q=&intent=&entity=&tags=&limit=1&offset=0 HTTP/1.1" 200 2 "-" "-" 926 "rasa-production@docker" "http://172.22.0.5:5002" 184ms
172.70.82.122 - - [25/Nov/2021:00:03:30 +0000] "GET /api/projects/default/intents?fields[example_hashes]=false&fields[suggestions]=false HTTP/1.1" 200 251 "-" "-" 927 "rasa-production@docker" "http://172.22.0.5:5002" 203ms
172.70.82.122 - - [25/Nov/2021:00:03:30 +0000] "GET /api/conversationIntents HTTP/1.1" 200 2 "-" "-" 928 "rasa-production@docker" "http://172.22.0.5:5002" 357ms
172.70.82.122 - - [25/Nov/2021:00:03:30 +0000] "GET /api/data_tags HTTP/1.1" 200 2 "-" "-" 942 "rasa-production@docker" "http://172.22.0.5:5002" 174ms
172.70.82.166 - - [25/Nov/2021:00:03:31 +0000] "GET /api/conversations/cf7ee65db51a4c34842a55379dede435?format=full_conversation&since=1637798547.2380378&environment=production HTTP/1.1" 200 324 "-" "-" 943 "rasa-production@docker" "http://172.22.0.5:5002" 169ms
162.158.122.6 - - [25/Nov/2021:00:03:31 +0000] "GET /api/conversations/bdc16b0064eb403e8de76167991eb286?format=full_conversation&since=1637798318.255578&environment=production HTTP/1.1" 200 324 "-" "-" 944 "rasa-production@docker" "http://172.22.0.5:5002" 143ms
172.70.82.166 - - [25/Nov/2021:00:03:31 +0000] "GET /api/conversations/cf7ee65db51a4c34842a55379dede435?format=full_conversation&since=1637798547.2380378&environment=production HTTP/1.1" 200 324 "-" "-" 945 "rasa-production@docker" "http://172.22.0.5:5002" 137ms
172.70.82.166 - - [25/Nov/2021:00:03:32 +0000] "GET /api/conversations/cf7ee65db51a4c34842a55379dede435?format=full_conversation&since=1637798547.2380378&environment=production HTTP/1.1" 200 324 "-" "-" 946 "rasa-production@docker" "http://172.22.0.5:5002" 137ms
162.158.122.6 - - [25/Nov/2021:00:03:33 +0000] "GET /api/conversations/bdc16b0064eb403e8de76167991eb286?format=full_conversation&since=1637798318.255578&environment=production HTTP/1.1" 200 324 "-" "-" 947 "rasa-production@docker" "http://172.22.0.5:5002" 138ms
172.70.82.166 - - [25/Nov/2021:00:03:33 +0000] "GET /api/conversations/cf7ee65db51a4c34842a55379dede435?format=full_conversation&since=1637798547.2380378&environment=production HTTP/1.1" 200 324 "-" "-" 948 "rasa-production@docker" "http://172.22.0.5:5002" 222ms
172.70.82.122 - - [25/Nov/2021:00:03:30 +0000] "POST /api/telemetry HTTP/1.1" 204 0 "-" "-" 938 "rasa-production@docker" "http://172.22.0.5:5002" 4010ms
172.70.82.122 - - [25/Nov/2021:00:03:30 +0000] "GET /api/projects/default/entities HTTP/1.1" 200 2 "-" "-" 933 "rasa-production@docker" "http://172.22.0.5:5002" 4019ms
172.70.82.122 - - [25/Nov/2021:00:03:30 +0000] "GET /api/conversations?limit=30&offset=0&minimumUserMessages=1&intent=&entity=&action=&policies=&slots=&input_channels=&tags_any=&interactive=true&exclude_self=false HTTP/1.1" 200 1590 "-" "-" 935 "rasa-production@docker" "http://172.22.0.5:5002" 4015ms
172.70.82.122 - - [25/Nov/2021:00:03:30 +0000] "GET /api/conversationPolicies HTTP/1.1" 200 2 "-" "-" 936 "rasa-production@docker" "http://172.22.0.5:5002" 4015ms
172.70.82.122 - - [25/Nov/2021:00:03:30 +0000] "GET /api/features HTTP/1.1" 200 2 "-" "-" 939 "rasa-production@docker" "http://172.22.0.5:5002" 4008ms
172.70.82.122 - - [25/Nov/2021:00:03:30 +0000] "GET /api/conversations/inputChannels HTTP/1.1" 200 17 "-" "-" 934 "rasa-production@docker" "http://172.22.0.5:5002" 4019ms
172.70.82.122 - - [25/Nov/2021:00:03:30 +0000] "GET /api/conversationActions HTTP/1.1" 200 40 "-" "-" 931 "rasa-production@docker" "http://172.22.0.5:5002" 4021ms
172.70.82.122 - - [25/Nov/2021:00:03:30 +0000] "GET /api/user HTTP/1.1" 200 3588 "-" "-" 937 "rasa-production@docker" "http://172.22.0.5:5002" 4012ms
172.70.82.122 - - [25/Nov/2021:00:03:30 +0000] "GET /api/conversations/bdc16b0064eb403e8de76167991eb286?format=full_conversation&since=1637798318.255578 HTTP/1.1" 200 324 "-" "-" 941 "rasa-production@docker" "http://172.22.0.5:5002" 3928ms
172.70.82.122 - - [25/Nov/2021:00:03:30 +0000] "GET /api/conversations/slotNames HTTP/1.1" 200 2 "-" "-" 929 "rasa-production@docker" "http://172.22.0.5:5002" 4031ms
172.70.82.122 - - [25/Nov/2021:00:03:30 +0000] "GET /api/projects/default/git_repositories HTTP/1.1" 200 2 "-" "-" 930 "rasa-production@docker" "http://172.22.0.5:5002" 4027ms
172.70.82.122 - - [25/Nov/2021:00:03:30 +0000] "GET /api/conversationEntities HTTP/1.1" 200 2 "-" "-" 932 "rasa-production@docker" "http://172.22.0.5:5002" 4021ms
172.70.82.166 - - [25/Nov/2021:00:03:34 +0000] "GET /api/conversations/cf7ee65db51a4c34842a55379dede435?format=full_conversation&since=1637798547.2380378&environment=production HTTP/1.1" 200 324 "-" "-" 949 "rasa-production@docker" "http://172.22.0.5:5002" 139ms
172.70.82.122 - - [25/Nov/2021:00:03:30 +0000] "GET /api/version HTTP/1.1" 200 716 "-" "-" 924 "rasa-production@docker" "http://172.22.0.5:5002" 4297ms
172.70.82.122 - - [25/Nov/2021:00:03:34 +0000] "GET /api/conversations/cf7ee65db51a4c34842a55379dede435?format=full_conversation&since=0 HTTP/1.1" 200 1475 "-" "-" 951 "rasa-production@docker" "http://172.22.0.5:5002" 247ms
172.70.82.122 - - [25/Nov/2021:00:03:34 +0000] "GET /api/conversations/cf7ee65db51a4c34842a55379dede435?test_story=false HTTP/1.1" 200 119 "-" "-" 950 "rasa-production@docker" "http://172.22.0.5:5002" 1569ms
172.70.82.122 - - [25/Nov/2021:00:03:30 +0000] "GET /api/telemetry?include_user_groups=true HTTP/1.1" 200 88 "-" "-" 940 "rasa-production@docker" "http://172.22.0.5:5002" 5947ms
172.70.82.166 - - [25/Nov/2021:00:03:35 +0000] "GET /api/conversations/cf7ee65db51a4c34842a55379dede435?format=full_conversation&since=1637798547.2380378&environment=production HTTP/1.1" 200 324 "-" "-" 954 "rasa-production@docker" "http://172.22.0.5:5002" 2010ms
172.70.82.122 - - [25/Nov/2021:00:03:35 +0000] "GET /api/data_tags HTTP/1.1" 200 2 "-" "-" 953 "rasa-production@docker" "http://172.22.0.5:5002" 2067ms
172.70.82.122 - - [25/Nov/2021:00:03:35 +0000] "GET /api/conversations/bdc16b0064eb403e8de76167991eb286?format=full_conversation&since=1637798318.255578 HTTP/1.1" 200 324 "-" "-" 956 "rasa-production@docker" "http://172.22.0.5:5002" 1781ms
162.158.122.6 - - [25/Nov/2021:00:03:35 +0000] "GET /api/conversations/bdc16b0064eb403e8de76167991eb286?format=full_conversation&since=1637798318.255578&environment=production HTTP/1.1" 200 324 "-" "-" 955 "rasa-production@docker" "http://172.22.0.5:5002" 1782ms
172.70.82.122 - - [25/Nov/2021:00:03:35 +0000] "GET /api/conversations/cf7ee65db51a4c34842a55379dede435?format=full_conversation&since=1637798547.2380378 HTTP/1.1" 200 324 "-" "-" 957 "rasa-production@docker" "http://172.22.0.5:5002" 1539ms
172.70.82.122 - - [25/Nov/2021:00:03:36 +0000] "GET /api/conversations/cf7ee65db51a4c34842a55379dede435?test_story=true HTTP/1.1" 200 143 "-" "-" 958 "rasa-production@docker" "http://172.22.0.5:5002" 1064ms
172.70.82.122 - - [25/Nov/2021:00:03:37 +0000] "GET /api/data_tags HTTP/1.1" 200 2 "-" "-" 959 "rasa-production@docker" "http://172.22.0.5:5002" 251ms
172.70.82.122 - - [25/Nov/2021:00:03:34 +0000] "GET /api/version HTTP/1.1" 200 716 "-" "-" 952 "rasa-production@docker" "http://172.22.0.5:5002" 3097ms
172.70.82.166 - - [25/Nov/2021:00:03:38 +0000] "GET /api/conversations/cf7ee65db51a4c34842a55379dede435?format=full_conversation&since=1637798547.2380378&environment=production HTTP/1.1" 200 324 "-" "-" 960 "rasa-production@docker" "http://172.22.0.5:5002" 139ms
172.70.82.122 - - [25/Nov/2021:00:03:38 +0000] "GET /api/conversations/cf7ee65db51a4c34842a55379dede435?format=full_conversation&since=1637798547.2380378 HTTP/1.1" 200 324 "-" "-" 961 "rasa-production@docker" "http://172.22.0.5:5002" 535ms
172.70.82.122 - - [25/Nov/2021:00:03:38 +0000] "GET /api/conversations/bdc16b0064eb403e8de76167991eb286?format=full_conversation&since=1637798318.255578 HTTP/1.1" 200 324 "-" "-" 963 "rasa-production@docker" "http://172.22.0.5:5002" 404ms
162.158.122.6 - - [25/Nov/2021:00:03:38 +0000] "GET /api/conversations/bdc16b0064eb403e8de76167991eb286?format=full_conversation&since=1637798318.255578&environment=production HTTP/1.1" 200 324 "-" "-" 964 "rasa-production@docker" "http://172.22.0.5:5002" 407ms
172.70.82.166 - - [25/Nov/2021:00:03:38 +0000] "GET /api/conversations/cf7ee65db51a4c34842a55379dede435?format=full_conversation&since=1637798547.2380378&environment=production HTTP/1.1" 200 324 "-" "-" 965 "rasa-production@docker" "http://172.22.0.5:5002" 264ms
172.70.82.122 - - [25/Nov/2021:00:03:38 +0000] "GET /api/version HTTP/1.1" 200 716 "-" "-" 962 "rasa-production@docker" "http://172.22.0.5:5002" 1152ms
172.70.82.122 - - [25/Nov/2021:00:03:39 +0000] "GET /api/conversations/cf7ee65db51a4c34842a55379dede435?format=full_conversation&since=1637798547.2380378 HTTP/1.1" 200 324 "-" "-" 966 "rasa-production@docker" "http://172.22.0.5:5002" 275ms
172.70.82.166 - - [25/Nov/2021:00:03:39 +0000] "GET /api/conversations/cf7ee65db51a4c34842a55379dede435?format=full_conversation&since=1637798547.2380378&environment=production HTTP/1.1" 200 324 "-" "-" 967 "rasa-production@docker" "http://172.22.0.5:5002" 134ms
172.70.82.122 - - [25/Nov/2021:00:03:40 +0000] "POST /api/telemetry HTTP/1.1" 204 0 "-" "-" 968 "rasa-production@docker" "http://172.22.0.5:5002" 139ms
172.70.82.122 - - [25/Nov/2021:00:03:40 +0000] "GET /api/conversations/cf7ee65db51a4c34842a55379dede435?format=full_conversation&since=1637798547.2380378 HTTP/1.1" 200 324 "-" "-" 969 "rasa-production@docker" "http://172.22.0.5:5002" 270ms
172.70.82.122 - - [25/Nov/2021:00:03:40 +0000] "GET /api/conversations/bdc16b0064eb403e8de76167991eb286?format=full_conversation&since=1637798318.255578 HTTP/1.1" 200 324 "-" "-" 970 "rasa-production@docker" "http://172.22.0.5:5002" 268ms
172.70.82.166 - - [25/Nov/2021:00:03:40 +0000] "GET /api/conversations/cf7ee65db51a4c34842a55379dede435?format=full_conversation&since=1637798547.2380378&environment=production HTTP/1.1" 200 324 "-" "-" 972 "rasa-production@docker" "http://172.22.0.5:5002" 421ms
162.158.122.6 - - [25/Nov/2021:00:03:40 +0000] "GET /api/conversations/bdc16b0064eb403e8de76167991eb286?format=full_conversation&since=1637798318.255578&environment=production HTTP/1.1" 200 324 "-" "-" 971 "rasa-production@docker" "http://172.22.0.5:5002" 522ms
172.70.82.122 - - [25/Nov/2021:00:03:41 +0000] "GET /api/conversations/cf7ee65db51a4c34842a55379dede435?format=full_conversation&since=1637798547.2380378 HTTP/1.1" 200 324 "-" "-" 973 "rasa-production@docker" "http://172.22.0.5:5002" 290ms
162.158.122.6 - - [25/Nov/2021:00:03:41 +0000] "GET /api/conversations/bdc16b0064eb403e8de76167991eb286?format=full_conversation&since=1637798318.255578&environment=production HTTP/1.1" 200 324 "-" "-" 974 "rasa-production@docker" "http://172.22.0.5:5002" 137ms
172.70.82.166 - - [25/Nov/2021:00:03:41 +0000] "GET /api/conversations/cf7ee65db51a4c34842a55379dede435?format=full_conversation&since=1637798547.2380378&environment=production HTTP/1.1" 200 324 "-" "-" 975 "rasa-production@docker" "http://172.22.0.5:5002" 280ms
172.70.82.122 - - [25/Nov/2021:00:03:42 +0000] "GET /api/conversations/bdc16b0064eb403e8de76167991eb286?format=full_conversation&since=1637798318.255578 HTTP/1.1" 200 324 "-" "-" 976 "rasa-production@docker" "http://172.22.0.5:5002" 276ms
172.70.82.122 - - [25/Nov/2021:00:03:42 +0000] "GET /api/conversations/cf7ee65db51a4c34842a55379dede435?format=full_conversation&since=1637798547.2380378 HTTP/1.1" 200 324 "-" "-" 977 "rasa-production@docker" "http://172.22.0.5:5002" 506ms
172.70.82.166 - - [25/Nov/2021:00:03:42 +0000] "GET /api/conversations/cf7ee65db51a4c34842a55379dede435?format=full_conversation&since=1637798547.2380378&environment=production HTTP/1.1" 200 324 "-" "-" 978 "rasa-production@docker" "http://172.22.0.5:5002" 248ms
162.158.122.6 - - [25/Nov/2021:00:03:43 +0000] "GET /api/conversations/bdc16b0064eb403e8de76167991eb286?format=full_conversation&since=1637798318.255578&environment=production HTTP/1.1" 200 324 "-" "-" 979 "rasa-production@docker" "http://172.22.0.5:5002" 133ms
172.70.82.122 - - [25/Nov/2021:00:03:43 +0000] "GET /api/conversations/bdc16b0064eb403e8de76167991eb286?format=full_conversation&since=1637798318.255578 HTTP/1.1" 200 324 "-" "-" 980 "rasa-production@docker" "http://172.22.0.5:5002" 266ms
172.70.82.166 - - [25/Nov/2021:00:03:43 +0000] "GET /api/conversations/cf7ee65db51a4c34842a55379dede435?format=full_conversation&since=1637798547.2380378&environment=production HTTP/1.1" 200 324 "-" "-" 982 "rasa-production@docker" "http://172.22.0.5:5002" 501ms
172.70.82.122 - - [25/Nov/2021:00:03:43 +0000] "GET /api/conversations/cf7ee65db51a4c34842a55379dede435?format=full_conversation&since=1637798547.2380378 HTTP/1.1" 200 324 "-" "-" 981 "rasa-production@docker" "http://172.22.0.5:5002" 638ms
162.158.122.6 - - [25/Nov/2021:00:03:44 +0000] "GET /api/conversations/bdc16b0064eb403e8de76167991eb286?format=full_conversation&since=1637798318.255578&environment=production HTTP/1.1" 200 324 "-" "-" 983 "rasa-production@docker" "http://172.22.0.5:5002" 138ms
172.70.82.122 - - [25/Nov/2021:00:03:44 +0000] "GET /api/conversations/cf7ee65db51a4c34842a55379dede435?format=full_conversation&since=1637798547.2380378 HTTP/1.1" 200 324 "-" "-" 984 "rasa-production@docker" "http://172.22.0.5:5002" 414ms
172.70.82.166 - - [25/Nov/2021:00:03:45 +0000] "GET /api/conversations/cf7ee65db51a4c34842a55379dede435?format=full_conversation&since=1637798547.2380378&environment=production HTTP/1.1" 200 324 "-" "-" 985 "rasa-production@docker" "http://172.22.0.5:5002" 310ms
172.70.82.122 - - [25/Nov/2021:00:03:45 +0000] "GET /api/conversations/bdc16b0064eb403e8de76167991eb286?format=full_conversation&since=1637798318.255578 HTTP/1.1" 200 324 "-" "-" 986 "rasa-production@docker" "http://172.22.0.5:5002" 269ms
172.70.82.122 - - [25/Nov/2021:00:03:46 +0000] "GET /api/conversations/cf7ee65db51a4c34842a55379dede435?format=full_conversation&since=1637798547.2380378 HTTP/1.1" 200 324 "-" "-" 987 "rasa-production@docker" "http://172.22.0.5:5002" 266ms
172.70.82.166 - - [25/Nov/2021:00:03:46 +0000] "GET /api/conversations/cf7ee65db51a4c34842a55379dede435?format=full_conversation&since=1637798547.2380378&environment=production HTTP/1.1" 200 324 "-" "-" 988 "rasa-production@docker" "http://172.22.0.5:5002" 299ms
162.158.122.6 - - [25/Nov/2021:00:03:46 +0000] "GET /api/conversations/bdc16b0064eb403e8de76167991eb286?format=full_conversation&since=1637798318.255578&environment=production HTTP/1.1" 200 324 "-" "-" 989 "rasa-production@docker" "http://172.22.0.5:5002" 180ms
172.70.82.122 - - [25/Nov/2021:00:03:47 +0000] "GET /api/conversations/cf7ee65db51a4c34842a55379dede435?format=full_conversation&since=1637798547.2380378 HTTP/1.1" 200 324 "-" "-" 990 "rasa-production@docker" "http://172.22.0.5:5002" 270ms
172.70.82.166 - - [25/Nov/2021:00:03:47 +0000] "GET /api/conversations/cf7ee65db51a4c34842a55379dede435?format=full_conversation&since=1637798547.2380378&environment=production HTTP/1.1" 200 324 "-" "-" 991 "rasa-production@docker" "http://172.22.0.5:5002" 216ms
172.70.82.122 - - [25/Nov/2021:00:03:47 +0000] "GET /api/conversations/bdc16b0064eb403e8de76167991eb286?format=full_conversation&since=1637798318.255578 HTTP/1.1" 200 324 "-" "-" 992 "rasa-production@docker" "http://172.22.0.5:5002" 272ms
162.158.122.6 - - [25/Nov/2021:00:03:47 +0000] "GET /api/conversations/bdc16b0064eb403e8de76167991eb286?format=full_conversation&since=1637798318.255578&environment=production HTTP/1.1" 200 324 "-" "-" 993 "rasa-production@docker" "http://172.22.0.5:5002" 392ms
172.70.82.122 - - [25/Nov/2021:00:03:47 +0000] "GET /api/conversations/cf7ee65db51a4c34842a55379dede435?format=full_conversation&since=1637798547.2380378 HTTP/1.1" 200 324 "-" "-" 994 "rasa-production@docker" "http://172.22.0.5:5002" 313ms
172.70.82.166 - - [25/Nov/2021:00:03:48 +0000] "GET /api/conversations/cf7ee65db51a4c34842a55379dede435?format=full_conversation&since=1637798547.2380378&environment=production HTTP/1.1" 200 324 "-" "-" 995 "rasa-production@docker" "http://172.22.0.5:5002" 308ms
172.70.82.122 - - [25/Nov/2021:00:03:48 +0000] "GET /api/conversations/cf7ee65db51a4c34842a55379dede435?format=full_conversation&since=1637798547.2380378 HTTP/1.1" 200 324 "-" "-" 996 "rasa-production@docker" "http://172.22.0.5:5002" 275ms
172.70.82.166 - - [25/Nov/2021:00:03:49 +0000] "GET /api/conversations/cf7ee65db51a4c34842a55379dede435?format=full_conversation&since=1637798547.2380378&environment=production HTTP/1.1" 200 324 "-" "-" 997 "rasa-production@docker" "http://172.22.0.5:5002" 284ms
172.70.82.122 - - [25/Nov/2021:00:03:49 +0000] "GET /api/conversations/bdc16b0064eb403e8de76167991eb286?format=full_conversation&since=1637798318.255578 HTTP/1.1" 200 324 "-" "-" 998 "rasa-production@docker" "http://172.22.0.5:5002" 267ms
162.158.122.6 - - [25/Nov/2021:00:03:49 +0000] "GET /api/conversations/bdc16b0064eb403e8de76167991eb286?format=full_conversation&since=1637798318.255578&environment=production HTTP/1.1" 200 324 "-" "-" 999 "rasa-production@docker" "http://172.22.0.5:5002" 313ms
172.70.82.122 - - [25/Nov/2021:00:03:49 +0000] "GET /api/conversations/cf7ee65db51a4c34842a55379dede435?format=full_conversation&since=1637798547.2380378 HTTP/1.1" 200 324 "-" "-" 1000 "rasa-production@docker" "http://172.22.0.5:5002" 278ms
172.70.82.166 - - [25/Nov/2021:00:03:50 +0000] "GET /api/conversations/cf7ee65db51a4c34842a55379dede435?format=full_conversation&since=1637798547.2380378&environment=production HTTP/1.1" 200 324 "-" "-" 1001 "rasa-production@docker" "http://172.22.0.5:5002" 300ms
172.70.82.122 - - [25/Nov/2021:00:03:50 +0000] "GET /api/conversations/cf7ee65db51a4c34842a55379dede435?format=full_conversation&since=1637798547.2380378 HTTP/1.1" 200 324 "-" "-" 1002 "rasa-production@docker" "http://172.22.0.5:5002" 274ms
172.70.82.166 - - [25/Nov/2021:00:03:51 +0000] "GET /api/conversations/cf7ee65db51a4c34842a55379dede435?format=full_conversation&since=1637798547.2380378&environment=production HTTP/1.1" 200 324 "-" "-" 1003 "rasa-production@docker" "http://172.22.0.5:5002" 270ms
172.70.82.122 - - [25/Nov/2021:00:03:51 +0000] "GET /api/conversations/bdc16b0064eb403e8de76167991eb286?format=full_conversation&since=1637798318.255578 HTTP/1.1" 200 324 "-" "-" 1004 "rasa-production@docker" "http://172.22.0.5:5002" 324ms
162.158.122.6 - - [25/Nov/2021:00:03:51 +0000] "GET /api/conversations/bdc16b0064eb403e8de76167991eb286?format=full_conversation&since=1637798318.255578&environment=production HTTP/1.1" 200 324 "-" "-" 1005 "rasa-production@docker" "http://172.22.0.5:5002" 434ms
172.70.82.166 - - [25/Nov/2021:00:03:52 +0000] "GET /api/conversations/cf7ee65db51a4c34842a55379dede435?format=full_conversation&since=1637798547.2380378&environment=production HTTP/1.1" 200 324 "-" "-" 1007 "rasa-production@docker" "http://172.22.0.5:5002" 144ms
172.70.82.122 - - [25/Nov/2021:00:03:51 +0000] "GET /api/conversations/cf7ee65db51a4c34842a55379dede435?format=full_conversation&since=1637798547.2380378 HTTP/1.1" 200 324 "-" "-" 1006 "rasa-production@docker" "http://172.22.0.5:5002" 370ms
172.70.82.166 - - [25/Nov/2021:00:03:52 +0000] "GET /api/conversations/cf7ee65db51a4c34842a55379dede435?format=full_conversation&since=1637798547.2380378&environment=production HTTP/1.1" 200 324 "-" "-" 1008 "rasa-production@docker" "http://172.22.0.5:5002" 135ms
172.70.82.122 - - [25/Nov/2021:00:03:53 +0000] "GET /api/conversations/cf7ee65db51a4c34842a55379dede435?format=full_conversation&since=1637798547.2380378 HTTP/1.1" 200 324 "-" "-" 1009 "rasa-production@docker" "http://172.22.0.5:5002" 277ms
162.158.122.6 - - [25/Nov/2021:00:03:53 +0000] "GET /api/conversations/bdc16b0064eb403e8de76167991eb286?format=full_conversation&since=1637798318.255578&environment=production HTTP/1.1" 200 324 "-" "-" 1010 "rasa-production@docker" "http://172.22.0.5:5002" 151ms
172.70.82.122 - - [25/Nov/2021:00:03:53 +0000] "GET /api/conversations/bdc16b0064eb403e8de76167991eb286?format=full_conversation&since=1637798318.255578 HTTP/1.1" 200 324 "-" "-" 1011 "rasa-production@docker" "http://172.22.0.5:5002" 272ms
172.70.82.166 - - [25/Nov/2021:00:03:53 +0000] "GET /api/conversations/cf7ee65db51a4c34842a55379dede435?format=full_conversation&since=1637798547.2380378&environment=production HTTP/1.1" 200 324 "-" "-" 1012 "rasa-production@docker" "http://172.22.0.5:5002" 268ms
172.70.82.122 - - [25/Nov/2021:00:03:54 +0000] "GET /api/conversations/cf7ee65db51a4c34842a55379dede435?format=full_conversation&since=1637798547.2380378 HTTP/1.1" 200 324 "-" "-" 1013 "rasa-production@docker" "http://172.22.0.5:5002" 271ms
172.70.82.166 - - [25/Nov/2021:00:03:54 +0000] "GET /api/conversations/cf7ee65db51a4c34842a55379dede435?format=full_conversation&since=1637798547.2380378&environment=production HTTP/1.1" 200 324 "-" "-" 1014 "rasa-production@docker" "http://172.22.0.5:5002" 136ms
172.70.82.122 - - [25/Nov/2021:00:03:54 +0000] "GET /api/conversations/cf7ee65db51a4c34842a55379dede435?format=full_conversation&since=1637798547.2380378 HTTP/1.1" 200 324 "-" "-" 1015 "rasa-production@docker" "http://172.22.0.5:5002" 286ms
172.70.82.166 - - [25/Nov/2021:00:03:55 +0000] "GET /api/conversations/cf7ee65db51a4c34842a55379dede435?format=full_conversation&since=1637798547.2380378&environment=production HTTP/1.1" 200 324 "-" "-" 1016 "rasa-production@docker" "http://172.22.0.5:5002" 141ms
162.158.122.6 - - [25/Nov/2021:00:03:55 +0000] "GET /api/conversations/bdc16b0064eb403e8de76167991eb286?format=full_conversation&since=1637798318.255578&environment=production HTTP/1.1" 200 324 "-" "-" 1017 "rasa-production@docker" "http://172.22.0.5:5002" 233ms
172.70.82.122 - - [25/Nov/2021:00:03:55 +0000] "GET /api/conversations/bdc16b0064eb403e8de76167991eb286?format=full_conversation&since=1637798318.255578 HTTP/1.1" 200 324 "-" "-" 1018 "rasa-production@docker" "http://172.22.0.5:5002" 301ms
172.70.82.122 - - [25/Nov/2021:00:03:55 +0000] "GET /api/conversations/cf7ee65db51a4c34842a55379dede435?format=full_conversation&since=1637798547.2380378 HTTP/1.1" 200 324 "-" "-" 1019 "rasa-production@docker" "http://172.22.0.5:5002" 273ms
172.70.82.166 - - [25/Nov/2021:00:03:56 +0000] "GET /api/conversations/cf7ee65db51a4c34842a55379dede435?format=full_conversation&since=1637798547.2380378&environment=production HTTP/1.1" 200 324 "-" "-" 1020 "rasa-production@docker" "http://172.22.0.5:5002" 144ms
172.70.82.122 - - [25/Nov/2021:00:03:56 +0000] "GET /api/conversations/cf7ee65db51a4c34842a55379dede435?format=full_conversation&since=1637798547.2380378 HTTP/1.1" 200 324 "-" "-" 1021 "rasa-production@docker" "http://172.22.0.5:5002" 314ms
172.70.82.166 - - [25/Nov/2021:00:03:57 +0000] "GET /api/conversations/cf7ee65db51a4c34842a55379dede435?format=full_conversation&since=1637798547.2380378&environment=production HTTP/1.1" 200 324 "-" "-" 1022 "rasa-production@docker" "http://172.22.0.5:5002" 159ms
162.158.122.6 - - [25/Nov/2021:00:03:57 +0000] "GET /api/conversations/bdc16b0064eb403e8de76167991eb286?format=full_conversation&since=1637798318.255578&environment=production HTTP/1.1" 200 324 "-" "-" 1024 "rasa-production@docker" "http://172.22.0.5:5002" 144ms
172.70.82.122 - - [25/Nov/2021:00:03:57 +0000] "GET /api/conversations/bdc16b0064eb403e8de76167991eb286?format=full_conversation&since=1637798318.255578 HTTP/1.1" 200 324 "-" "-" 1023 "rasa-production@docker" "http://172.22.0.5:5002" 275ms
172.70.82.166 - - [25/Nov/2021:00:03:58 +0000] "GET /api/conversations/cf7ee65db51a4c34842a55379dede435?format=full_conversation&since=1637798547.2380378&environment=production HTTP/1.1" 200 324 "-" "-" 1026 "rasa-production@docker" "http://172.22.0.5:5002" 177ms
172.70.82.122 - - [25/Nov/2021:00:03:57 +0000] "GET /api/conversations/cf7ee65db51a4c34842a55379dede435?format=full_conversation&since=1637798547.2380378 HTTP/1.1" 200 324 "-" "-" 1025 "rasa-production@docker" "http://172.22.0.5:5002" 312ms
172.70.82.166 - - [25/Nov/2021:00:03:58 +0000] "GET /api/conversations/cf7ee65db51a4c34842a55379dede435?format=full_conversation&since=1637798547.2380378&environment=production HTTP/1.1" 200 324 "-" "-" 1027 "rasa-production@docker" "http://172.22.0.5:5002" 135ms
172.70.82.122 - - [25/Nov/2021:00:03:59 +0000] "GET /api/conversations/cf7ee65db51a4c34842a55379dede435?format=full_conversation&since=1637798547.2380378 HTTP/1.1" 200 324 "-" "-" 1028 "rasa-production@docker" "http://172.22.0.5:5002" 270ms
162.158.122.6 - - [25/Nov/2021:00:03:59 +0000] "GET /api/conversations/bdc16b0064eb403e8de76167991eb286?format=full_conversation&since=1637798318.255578&environment=production HTTP/1.1" 200 324 "-" "-" 1029 "rasa-production@docker" "http://172.22.0.5:5002" 144ms
172.70.82.122 - - [25/Nov/2021:00:03:59 +0000] "GET /api/conversations/bdc16b0064eb403e8de76167991eb286?format=full_conversation&since=1637798318.255578 HTTP/1.1" 200 324 "-" "-" 1030 "rasa-production@docker" "http://172.22.0.5:5002" 272ms
172.70.82.166 - - [25/Nov/2021:00:03:59 +0000] "GET /api/conversations/cf7ee65db51a4c34842a55379dede435?format=full_conversation&since=1637798547.2380378&environment=production HTTP/1.1" 200 324 "-" "-" 1031 "rasa-production@docker" "http://172.22.0.5:5002" 188ms
172.70.82.122 - - [25/Nov/2021:00:04:00 +0000] "GET /api/conversations/cf7ee65db51a4c34842a55379dede435?format=full_conversation&since=1637798547.2380378 HTTP/1.1" 200 324 "-" "-" 1032 "rasa-production@docker" "http://172.22.0.5:5002" 534ms
172.70.82.166 - - [25/Nov/2021:00:04:00 +0000] "GET /api/conversations/cf7ee65db51a4c34842a55379dede435?format=full_conversation&since=1637798547.2380378&environment=production HTTP/1.1" 200 324 "-" "-" 1033 "rasa-production@docker" "http://172.22.0.5:5002" 136ms
172.70.82.122 - - [25/Nov/2021:00:04:01 +0000] "GET /api/conversations/cf7ee65db51a4c34842a55379dede435?format=full_conversation&since=1637798547.2380378 HTTP/1.1" 200 324 "-" "-" 1034 "rasa-production@docker" "http://172.22.0.5:5002" 268ms
172.70.82.166 - - [25/Nov/2021:00:04:01 +0000] "GET /api/conversations/cf7ee65db51a4c34842a55379dede435?format=full_conversation&since=1637798547.2380378&environment=production HTTP/1.1" 200 324 "-" "-" 1035 "rasa-production@docker" "http://172.22.0.5:5002" 137ms
162.158.122.6 - - [25/Nov/2021:00:04:01 +0000] "GET /api/conversations/bdc16b0064eb403e8de76167991eb286?format=full_conversation&since=1637798318.255578&environment=production HTTP/1.1" 200 324 "-" "-" 1036 "rasa-production@docker" "http://172.22.0.5:5002" 162ms
172.70.82.122 - - [25/Nov/2021:00:04:01 +0000] "GET /api/conversations/bdc16b0064eb403e8de76167991eb286?format=full_conversation&since=1637798318.255578 HTTP/1.1" 200 324 "-" "-" 1037 "rasa-production@docker" "http://172.22.0.5:5002" 452ms
172.70.82.166 - - [25/Nov/2021:00:04:02 +0000] "GET /api/conversations/cf7ee65db51a4c34842a55379dede435?format=full_conversation&since=1637798547.2380378&environment=production HTTP/1.1" 200 324 "-" "-" 1038 "rasa-production@docker" "http://172.22.0.5:5002" 142ms
172.70.82.122 - - [25/Nov/2021:00:04:02 +0000] "GET /api/conversations/cf7ee65db51a4c34842a55379dede435?format=full_conversation&since=1637798547.2380378 HTTP/1.1" 200 324 "-" "-" 1039 "rasa-production@docker" "http://172.22.0.5:5002" 365ms
172.70.82.166 - - [25/Nov/2021:00:04:03 +0000] "GET /api/conversations/cf7ee65db51a4c34842a55379dede435?format=full_conversation&since=1637798547.2380378&environment=production HTTP/1.1" 200 324 "-" "-" 1040 "rasa-production@docker" "http://172.22.0.5:5002" 143ms
172.70.82.122 - - [25/Nov/2021:00:04:03 +0000] "GET /api/conversations/cf7ee65db51a4c34842a55379dede435?format=full_conversation&since=1637798547.2380378 HTTP/1.1" 200 324 "-" "-" 1041 "rasa-production@docker" "http://172.22.0.5:5002" 306ms
162.158.122.6 - - [25/Nov/2021:00:04:03 +0000] "GET /api/conversations/bdc16b0064eb403e8de76167991eb286?format=full_conversation&since=1637798318.255578&environment=production HTTP/1.1" 200 324 "-" "-" 1043 "rasa-production@docker" "http://172.22.0.5:5002" 139ms
172.70.82.122 - - [25/Nov/2021:00:04:03 +0000] "GET /api/conversations/bdc16b0064eb403e8de76167991eb286?format=full_conversation&since=1637798318.255578 HTTP/1.1" 200 324 "-" "-" 1042 "rasa-production@docker" "http://172.22.0.5:5002" 403ms
172.70.82.166 - - [25/Nov/2021:00:04:03 +0000] "GET /api/conversations/cf7ee65db51a4c34842a55379dede435?format=full_conversation&since=1637798547.2380378&environment=production HTTP/1.1" 200 324 "-" "-" 1044 "rasa-production@docker" "http://172.22.0.5:5002" 141ms
172.70.82.122 - - [25/Nov/2021:00:04:04 +0000] "GET /api/conversations/cf7ee65db51a4c34842a55379dede435?format=full_conversation&since=1637798547.2380378 HTTP/1.1" 200 324 "-" "-" 1045 "rasa-production@docker" "http://172.22.0.5:5002" 290ms
172.70.82.166 - - [25/Nov/2021:00:04:04 +0000] "GET /api/conversations/cf7ee65db51a4c34842a55379dede435?format=full_conversation&since=1637798547.2380378&environment=production HTTP/1.1" 200 324 "-" "-" 1046 "rasa-production@docker" "http://172.22.0.5:5002" 137ms
172.70.82.122 - - [25/Nov/2021:00:04:05 +0000] "GET /api/conversations/cf7ee65db51a4c34842a55379dede435?format=full_conversation&since=1637798547.2380378 HTTP/1.1" 200 324 "-" "-" 1047 "rasa-production@docker" "http://172.22.0.5:5002" 268ms
172.70.82.166 - - [25/Nov/2021:00:04:05 +0000] "GET /api/conversations/cf7ee65db51a4c34842a55379dede435?format=full_conversation&since=1637798547.2380378&environment=production HTTP/1.1" 200 324 "-" "-" 1048 "rasa-production@docker" "http://172.22.0.5:5002" 138ms
162.158.122.6 - - [25/Nov/2021:00:04:05 +0000] "GET /api/conversations/bdc16b0064eb403e8de76167991eb286?format=full_conversation&since=1637798318.255578&environment=production HTTP/1.1" 200 324 "-" "-" 1049 "rasa-production@docker" "http://172.22.0.5:5002" 274ms
172.70.82.122 - - [25/Nov/2021:00:04:05 +0000] "GET /api/conversations/bdc16b0064eb403e8de76167991eb286?format=full_conversation&since=1637798318.255578 HTTP/1.1" 200 324 "-" "-" 1050 "rasa-production@docker" "http://172.22.0.5:5002" 283ms
172.70.82.166 - - [25/Nov/2021:00:04:06 +0000] "GET /api/conversations/cf7ee65db51a4c34842a55379dede435?format=full_conversation&since=1637798547.2380378&environment=production HTTP/1.1" 200 324 "-" "-" 1052 "rasa-production@docker" "http://172.22.0.5:5002" 137ms
172.70.82.122 - - [25/Nov/2021:00:04:06 +0000] "GET /api/conversations/cf7ee65db51a4c34842a55379dede435?format=full_conversation&since=1637798547.2380378 HTTP/1.1" 200 324 "-" "-" 1051 "rasa-production@docker" "http://172.22.0.5:5002" 267ms
172.70.82.166 - - [25/Nov/2021:00:04:07 +0000] "GET /api/conversations/cf7ee65db51a4c34842a55379dede435?format=full_conversation&since=1637798547.2380378&environment=production HTTP/1.1" 200 324 "-" "-" 1053 "rasa-production@docker" "http://172.22.0.5:5002" 134ms
172.70.82.122 - - [25/Nov/2021:00:04:07 +0000] "GET /api/conversations/cf7ee65db51a4c34842a55379dede435?format=full_conversation&since=1637798547.2380378 HTTP/1.1" 200 324 "-" "-" 1054 "rasa-production@docker" "http://172.22.0.5:5002" 275ms
162.158.122.6 - - [25/Nov/2021:00:04:07 +0000] "GET /api/conversations/bdc16b0064eb403e8de76167991eb286?format=full_conversation&since=1637798318.255578&environment=production HTTP/1.1" 200 324 "-" "-" 1055 "rasa-production@docker" "http://172.22.0.5:5002" 139ms
172.70.82.122 - - [25/Nov/2021:00:04:07 +0000] "GET /api/conversations/bdc16b0064eb403e8de76167991eb286?format=full_conversation&since=1637798318.255578 HTTP/1.1" 200 324 "-" "-" 1056 "rasa-production@docker" "http://172.22.0.5:5002" 292ms
172.70.82.166 - - [25/Nov/2021:00:04:08 +0000] "GET /api/conversations/cf7ee65db51a4c34842a55379dede435?format=full_conversation&since=1637798547.2380378&environment=production HTTP/1.1" 200 324 "-" "-" 1057 "rasa-production@docker" "http://172.22.0.5:5002" 135ms
172.70.82.122 - - [25/Nov/2021:00:04:08 +0000] "GET /api/conversations/cf7ee65db51a4c34842a55379dede435?format=full_conversation&since=1637798547.2380378 HTTP/1.1" 200 324 "-" "-" 1058 "rasa-production@docker" "http://172.22.0.5:5002" 320ms
172.70.82.166 - - [25/Nov/2021:00:04:08 +0000] "GET /api/conversations/cf7ee65db51a4c34842a55379dede435?format=full_conversation&since=1637798547.2380378&environment=production HTTP/1.1" 200 324 "-" "-" 1059 "rasa-production@docker" "http://172.22.0.5:5002" 228ms
172.70.82.122 - - [25/Nov/2021:00:04:09 +0000] "GET /api/conversations/cf7ee65db51a4c34842a55379dede435?format=full_conversation&since=1637798547.2380378 HTTP/1.1" 200 324 "-" "-" 1060 "rasa-production@docker" "http://172.22.0.5:5002" 272ms
162.158.122.6 - - [25/Nov/2021:00:04:09 +0000] "GET /api/conversations/bdc16b0064eb403e8de76167991eb286?format=full_conversation&since=1637798318.255578&environment=production HTTP/1.1" 200 324 "-" "-" 1061 "rasa-production@docker" "http://172.22.0.5:5002" 150ms
172.70.82.122 - - [25/Nov/2021:00:04:09 +0000] "GET /api/conversations/bdc16b0064eb403e8de76167991eb286?format=full_conversation&since=1637798318.255578 HTTP/1.1" 200 324 "-" "-" 1062 "rasa-production@docker" "http://172.22.0.5:5002" 288ms
172.70.82.166 - - [25/Nov/2021:00:04:09 +0000] "GET /api/conversations/cf7ee65db51a4c34842a55379dede435?format=full_conversation&since=1637798547.2380378&environment=production HTTP/1.1" 200 324 "-" "-" 1063 "rasa-production@docker" "http://172.22.0.5:5002" 142ms
172.70.82.122 - - [25/Nov/2021:00:04:10 +0000] "GET /api/conversations/cf7ee65db51a4c34842a55379dede435?format=full_conversation&since=1637798547.2380378 HTTP/1.1" 200 324 "-" "-" 1064 "rasa-production@docker" "http://172.22.0.5:5002" 267ms
162.158.122.6 - - [25/Nov/2021:00:04:10 +0000] "GET /api/conversations/bdc16b0064eb403e8de76167991eb286?format=full_conversation&since=1637798318.255578&environment=production HTTP/1.1" 200 324 "-" "-" 1065 "rasa-production@docker" "http://172.22.0.5:5002" 136ms
172.70.82.166 - - [25/Nov/2021:00:04:10 +0000] "GET /api/conversations/cf7ee65db51a4c34842a55379dede435?format=full_conversation&since=1637798547.2380378&environment=production HTTP/1.1" 200 324 "-" "-" 1066 "rasa-production@docker" "http://172.22.0.5:5002" 137ms
162.158.122.6 - - [25/Nov/2021:00:04:11 +0000] "GET /api/conversations/bdc16b0064eb403e8de76167991eb286?format=full_conversation&since=1637798318.255578&environment=production HTTP/1.1" 200 324 "-" "-" 1068 "rasa-production@docker" "http://172.22.0.5:5002" 136ms
172.70.82.122 - - [25/Nov/2021:00:04:11 +0000] "GET /api/conversations/cf7ee65db51a4c34842a55379dede435?format=full_conversation&since=1637798547.2380378 HTTP/1.1" 200 324 "-" "-" 1067 "rasa-production@docker" "http://172.22.0.5:5002" 267ms
172.70.82.166 - - [25/Nov/2021:00:04:11 +0000] "GET /api/conversations/cf7ee65db51a4c34842a55379dede435?format=full_conversation&since=1637798547.2380378&environment=production HTTP/1.1" 200 324 "-" "-" 1069 "rasa-production@docker" "http://172.22.0.5:5002" 139ms
172.70.82.122 - - [25/Nov/2021:00:04:11 +0000] "GET /api/conversations/bdc16b0064eb403e8de76167991eb286?format=full_conversation&since=1637798318.255578 HTTP/1.1" 200 324 "-" "-" 1070 "rasa-production@docker" "http://172.22.0.5:5002" 277ms
172.70.82.166 - - [25/Nov/2021:00:04:12 +0000] "GET /api/conversations/cf7ee65db51a4c34842a55379dede435?format=full_conversation&since=1637798547.2380378&environment=production HTTP/1.1" 200 324 "-" "-" 1072 "rasa-production@docker" "http://172.22.0.5:5002" 133ms
172.70.82.122 - - [25/Nov/2021:00:04:12 +0000] "GET /api/conversations/cf7ee65db51a4c34842a55379dede435?format=full_conversation&since=1637798547.2380378 HTTP/1.1" 200 324 "-" "-" 1071 "rasa-production@docker" "http://172.22.0.5:5002" 265ms
162.158.122.6 - - [25/Nov/2021:00:04:12 +0000] "GET /api/conversations/bdc16b0064eb403e8de76167991eb286?format=full_conversation&since=1637798318.255578&environment=production HTTP/1.1" 200 324 "-" "-" 1073 "rasa-production@docker" "http://172.22.0.5:5002" 136ms
172.70.82.166 - - [25/Nov/2021:00:04:13 +0000] "GET /api/conversations/cf7ee65db51a4c34842a55379dede435?format=full_conversation&since=1637798547.2380378&environment=production HTTP/1.1" 200 324 "-" "-" 1074 "rasa-production@docker" "http://172.22.0.5:5002" 138ms
162.158.122.6 - - [25/Nov/2021:00:04:13 +0000] "GET /api/conversations/bdc16b0064eb403e8de76167991eb286?format=full_conversation&since=1637798318.255578&environment=production HTTP/1.1" 200 324 "-" "-" 1076 "rasa-production@docker" "http://172.22.0.5:5002" 149ms
172.70.82.122 - - [25/Nov/2021:00:04:13 +0000] "GET /api/conversations/bdc16b0064eb403e8de76167991eb286?format=full_conversation&since=1637798318.255578 HTTP/1.1" 200 324 "-" "-" 1075 "rasa-production@docker" "http://172.22.0.5:5002" 287ms
172.70.82.122 - - [25/Nov/2021:00:04:13 +0000] "GET /api/conversations/cf7ee65db51a4c34842a55379dede435?format=full_conversation&since=1637798547.2380378 HTTP/1.1" 200 324 "-" "-" 1077 "rasa-production@docker" "http://172.22.0.5:5002" 295ms
172.70.82.166 - - [25/Nov/2021:00:04:13 +0000] "GET /api/conversations/cf7ee65db51a4c34842a55379dede435?format=full_conversation&since=1637798547.2380378&environment=production HTTP/1.1" 200 324 "-" "-" 1078 "rasa-production@docker" "http://172.22.0.5:5002" 134ms
162.158.122.6 - - [25/Nov/2021:00:04:14 +0000] "GET /api/conversations/bdc16b0064eb403e8de76167991eb286?format=full_conversation&since=1637798318.255578&environment=production HTTP/1.1" 200 324 "-" "-" 1079 "rasa-production@docker" "http://172.22.0.5:5002" 139ms
172.70.82.166 - - [25/Nov/2021:00:04:14 +0000] "GET /api/conversations/cf7ee65db51a4c34842a55379dede435?format=full_conversation&since=1637798547.2380378&environment=production HTTP/1.1" 200 324 "-" "-" 1080 "rasa-production@docker" "http://172.22.0.5:5002" 135ms
172.70.82.166 - - [25/Nov/2021:00:04:15 +0000] "GET /api/conversations/cf7ee65db51a4c34842a55379dede435?format=full_conversation&since=1637798547.2380378&environment=production HTTP/1.1" 200 324 "-" "-" 1081 "rasa-production@docker" "http://172.22.0.5:5002" 138ms
162.158.122.6 - - [25/Nov/2021:00:04:15 +0000] "GET /api/conversations/bdc16b0064eb403e8de76167991eb286?format=full_conversation&since=1637798318.255578&environment=production HTTP/1.1" 200 324 "-" "-" 1084 "rasa-production@docker" "http://172.22.0.5:5002" 146ms
172.70.82.122 - - [25/Nov/2021:00:04:15 +0000] "GET /api/conversations/cf7ee65db51a4c34842a55379dede435?format=full_conversation&since=1637798547.2380378 HTTP/1.1" 200 324 "-" "-" 1082 "rasa-production@docker" "http://172.22.0.5:5002" 268ms
172.70.82.122 - - [25/Nov/2021:00:04:15 +0000] "GET /api/conversations/bdc16b0064eb403e8de76167991eb286?format=full_conversation&since=1637798318.255578 HTTP/1.1" 200 324 "-" "-" 1083 "rasa-production@docker" "http://172.22.0.5:5002" 266ms
172.70.82.166 - - [25/Nov/2021:00:04:16 +0000] "GET /api/conversations/cf7ee65db51a4c34842a55379dede435?format=full_conversation&since=1637798547.2380378&environment=production HTTP/1.1" 200 324 "-" "-" 1085 "rasa-production@docker" "http://172.22.0.5:5002" 135ms
172.70.82.166 - - [25/Nov/2021:00:04:17 +0000] "GET /api/conversations/cf7ee65db51a4c34842a55379dede435?format=full_conversation&since=1637798547.2380378&environment=production HTTP/1.1" 200 324 "-" "-" 1086 "rasa-production@docker" "http://172.22.0.5:5002" 139ms
162.158.122.6 - - [25/Nov/2021:00:04:17 +0000] "GET /api/conversations/bdc16b0064eb403e8de76167991eb286?format=full_conversation&since=1637798318.255578&environment=production HTTP/1.1" 200 324 "-" "-" 1087 "rasa-production@docker" "http://172.22.0.5:5002" 139ms
172.70.82.122 - - [25/Nov/2021:00:04:17 +0000] "GET /api/conversations/bdc16b0064eb403e8de76167991eb286?format=full_conversation&since=1637798318.255578 HTTP/1.1" 200 324 "-" "-" 1089 "rasa-production@docker" "http://172.22.0.5:5002" 274ms
172.70.82.122 - - [25/Nov/2021:00:04:17 +0000] "GET /api/conversations/cf7ee65db51a4c34842a55379dede435?format=full_conversation&since=1637798547.2380378 HTTP/1.1" 200 324 "-" "-" 1088 "rasa-production@docker" "http://172.22.0.5:5002" 276ms
172.70.82.166 - - [25/Nov/2021:00:04:18 +0000] "GET /api/conversations/cf7ee65db51a4c34842a55379dede435?format=full_conversation&since=1637798547.2380378&environment=production HTTP/1.1" 200 324 "-" "-" 1090 "rasa-production@docker" "http://172.22.0.5:5002" 142ms
172.70.82.166 - - [25/Nov/2021:00:04:18 +0000] "GET /api/conversations/cf7ee65db51a4c34842a55379dede435?format=full_conversation&since=1637798547.2380378&environment=production HTTP/1.1" 200 324 "-" "-" 1091 "rasa-production@docker" "http://172.22.0.5:5002" 148ms
162.158.122.6 - - [25/Nov/2021:00:04:19 +0000] "GET /api/conversations/bdc16b0064eb403e8de76167991eb286?format=full_conversation&since=1637798318.255578&environment=production HTTP/1.1" 200 324 "-" "-" 1094 "rasa-production@docker" "http://172.22.0.5:5002" 136ms
