172.70.54.82 - - [24/Nov/2021:23:58:56 +0000] "GET /api/conversations/c203d80a927747e3b016d2522f1c172d?format=full_conversation&since=1637798331.7252574&environment=production HTTP/1.1" 200 324 "-" "-" 266 "rasa-production@docker" "http://172.22.0.5:5002" 135ms
172.70.54.82 - - [24/Nov/2021:23:58:57 +0000] "GET /api/conversations/c203d80a927747e3b016d2522f1c172d?format=full_conversation&since=1637798331.7252574&environment=production HTTP/1.1" 200 324 "-" "-" 267 "rasa-production@docker" "http://172.22.0.5:5002" 155ms
162.158.122.6 - - [24/Nov/2021:23:58:57 +0000] "GET /api/conversations/bdc16b0064eb403e8de76167991eb286?format=full_conversation&since=1637798318.255578&environment=production HTTP/1.1" 200 324 "-" "-" 268 "rasa-production@docker" "http://172.22.0.5:5002" 134ms
172.70.54.82 - - [24/Nov/2021:23:58:58 +0000] "GET /api/conversations/c203d80a927747e3b016d2522f1c172d?format=full_conversation&since=1637798331.7252574&environment=production HTTP/1.1" 200 324 "-" "-" 269 "rasa-production@docker" "http://172.22.0.5:5002" 134ms
162.158.122.6 - - [24/Nov/2021:23:58:58 +0000] "GET /api/conversations/bdc16b0064eb403e8de76167991eb286?format=full_conversation&since=1637798318.255578&environment=production HTTP/1.1" 200 324 "-" "-" 270 "rasa-production@docker" "http://172.22.0.5:5002" 163ms
172.70.54.82 - - [24/Nov/2021:23:58:59 +0000] "GET /api/conversations/c203d80a927747e3b016d2522f1c172d?format=full_conversation&since=1637798331.7252574&environment=production HTTP/1.1" 200 324 "-" "-" 271 "rasa-production@docker" "http://172.22.0.5:5002" 134ms
162.158.122.6 - - [24/Nov/2021:23:58:59 +0000] "GET /api/conversations/bdc16b0064eb403e8de76167991eb286?format=full_conversation&since=1637798318.255578&environment=production HTTP/1.1" 200 324 "-" "-" 272 "rasa-production@docker" "http://172.22.0.5:5002" 147ms
172.70.54.82 - - [24/Nov/2021:23:58:59 +0000] "GET /api/conversations/c203d80a927747e3b016d2522f1c172d?format=full_conversation&since=1637798331.7252574&environment=production HTTP/1.1" 200 324 "-" "-" 273 "rasa-production@docker" "http://172.22.0.5:5002" 137ms
162.158.122.6 - - [24/Nov/2021:23:59:00 +0000] "GET /api/conversations/bdc16b0064eb403e8de76167991eb286?format=full_conversation&since=1637798318.255578&environment=production HTTP/1.1" 200 324 "-" "-" 274 "rasa-production@docker" "http://172.22.0.5:5002" 132ms
172.70.54.82 - - [24/Nov/2021:23:59:00 +0000] "GET /api/conversations/c203d80a927747e3b016d2522f1c172d?format=full_conversation&since=1637798331.7252574&environment=production HTTP/1.1" 200 324 "-" "-" 275 "rasa-production@docker" "http://172.22.0.5:5002" 131ms
172.70.54.82 - - [24/Nov/2021:23:59:01 +0000] "GET /api/conversations/c203d80a927747e3b016d2522f1c172d?format=full_conversation&since=1637798331.7252574&environment=production HTTP/1.1" 200 324 "-" "-" 276 "rasa-production@docker" "http://172.22.0.5:5002" 175ms
172.70.82.122 - - [24/Nov/2021:23:59:01 +0000] "GET /api/conversationEntities HTTP/1.1" 200 2 "-" "-" 280 "rasa-production@docker" "http://172.22.0.5:5002" 154ms
172.70.82.122 - - [24/Nov/2021:23:59:01 +0000] "GET /api/conversationActions HTTP/1.1" 200 40 "-" "-" 279 "rasa-production@docker" "http://172.22.0.5:5002" 161ms
172.70.82.122 - - [24/Nov/2021:23:59:01 +0000] "GET /api/conversations/slotNames HTTP/1.1" 200 2 "-" "-" 278 "rasa-production@docker" "http://172.22.0.5:5002" 193ms
172.70.82.122 - - [24/Nov/2021:23:59:01 +0000] "GET /api/projects/default/intents?fields[example_hashes]=false&fields[suggestions]=false HTTP/1.1" 200 251 "-" "-" 277 "rasa-production@docker" "http://172.22.0.5:5002" 223ms
172.70.54.82 - - [24/Nov/2021:23:59:02 +0000] "GET /api/conversations/c203d80a927747e3b016d2522f1c172d?format=full_conversation&since=1637798331.7252574&environment=production HTTP/1.1" 200 324 "-" "-" 288 "rasa-production@docker" "http://172.22.0.5:5002" 168ms
162.158.122.6 - - [24/Nov/2021:23:59:02 +0000] "GET /api/conversations/bdc16b0064eb403e8de76167991eb286?format=full_conversation&since=1637798318.255578&environment=production HTTP/1.1" 200 324 "-" "-" 289 "rasa-production@docker" "http://172.22.0.5:5002" 159ms
172.70.54.82 - - [24/Nov/2021:23:59:03 +0000] "GET /api/conversations/c203d80a927747e3b016d2522f1c172d?format=full_conversation&since=1637798331.7252574&environment=production HTTP/1.1" 200 324 "-" "-" 290 "rasa-production@docker" "http://172.22.0.5:5002" 140ms
172.70.82.122 - - [24/Nov/2021:23:59:01 +0000] "GET /api/conversations?limit=30&offset=0&minimumUserMessages=1&intent=&entity=&action=&policies=&slots=&input_channels=&tags_any=&interactive=true&exclude_self=false HTTP/1.1" 200 1062 "-" "-" 284 "rasa-production@docker" "http://172.22.0.5:5002" 1819ms
172.70.82.122 - - [24/Nov/2021:23:59:02 +0000] "POST /api/telemetry HTTP/1.1" 204 0 "-" "-" 287 "rasa-production@docker" "http://172.22.0.5:5002" 1753ms
172.70.82.122 - - [24/Nov/2021:23:59:01 +0000] "GET /api/data_tags HTTP/1.1" 200 2 "-" "-" 286 "rasa-production@docker" "http://172.22.0.5:5002" 1815ms
172.70.82.122 - - [24/Nov/2021:23:59:01 +0000] "GET /api/projects/default/entities HTTP/1.1" 200 2 "-" "-" 281 "rasa-production@docker" "http://172.22.0.5:5002" 1829ms
172.70.82.122 - - [24/Nov/2021:23:59:01 +0000] "GET /api/conversationIntents HTTP/1.1" 200 2 "-" "-" 282 "rasa-production@docker" "http://172.22.0.5:5002" 1829ms
172.70.82.122 - - [24/Nov/2021:23:59:01 +0000] "GET /api/conversations/inputChannels HTTP/1.1" 200 17 "-" "-" 285 "rasa-production@docker" "http://172.22.0.5:5002" 1817ms
172.70.82.122 - - [24/Nov/2021:23:59:01 +0000] "GET /api/conversationPolicies HTTP/1.1" 200 2 "-" "-" 283 "rasa-production@docker" "http://172.22.0.5:5002" 1825ms
172.70.82.122 - - [24/Nov/2021:23:59:04 +0000] "GET /api/data_tags HTTP/1.1" 200 2 "-" "-" 291 "rasa-production@docker" "http://172.22.0.5:5002" 220ms
172.70.82.122 - - [24/Nov/2021:23:59:04 +0000] "GET /api/conversations/c203d80a927747e3b016d2522f1c172d?test_story=false HTTP/1.1" 200 134 "-" "-" 293 "rasa-production@docker" "http://172.22.0.5:5002" 827ms
172.70.82.122 - - [24/Nov/2021:23:59:04 +0000] "GET /api/conversations/c203d80a927747e3b016d2522f1c172d?format=full_conversation&since=0 HTTP/1.1" 200 1873 "-" "-" 292 "rasa-production@docker" "http://172.22.0.5:5002" 830ms
172.70.54.82 - - [24/Nov/2021:23:59:04 +0000] "GET /api/conversations/c203d80a927747e3b016d2522f1c172d?format=full_conversation&since=1637798331.7252574&environment=production HTTP/1.1" 200 324 "-" "-" 294 "rasa-production@docker" "http://172.22.0.5:5002" 813ms
162.158.122.6 - - [24/Nov/2021:23:59:04 +0000] "GET /api/conversations/bdc16b0064eb403e8de76167991eb286?format=full_conversation&since=1637798318.255578&environment=production HTTP/1.1" 200 324 "-" "-" 295 "rasa-production@docker" "http://172.22.0.5:5002" 298ms
172.70.82.122 - - [24/Nov/2021:23:59:05 +0000] "POST /api/telemetry HTTP/1.1" 204 0 "-" "-" 296 "rasa-production@docker" "http://172.22.0.5:5002" 138ms
172.70.82.122 - - [24/Nov/2021:23:59:05 +0000] "GET /api/conversations/c203d80a927747e3b016d2522f1c172d?test_story=true HTTP/1.1" 200 180 "-" "-" 298 "rasa-production@docker" "http://172.22.0.5:5002" 509ms
172.70.82.122 - - [24/Nov/2021:23:59:05 +0000] "GET /api/responseGroups?q=&response_name=&intersect_filters=true&precise_response_name_search=false HTTP/1.1" 200 12820 "-" "-" 297 "rasa-production@docker" "http://172.22.0.5:5002" 511ms
172.70.54.82 - - [24/Nov/2021:23:59:05 +0000] "GET /api/conversations/c203d80a927747e3b016d2522f1c172d?format=full_conversation&since=1637798331.7252574&environment=production HTTP/1.1" 200 324 "-" "-" 299 "rasa-production@docker" "http://172.22.0.5:5002" 197ms
172.70.54.82 - - [24/Nov/2021:23:59:06 +0000] "GET /api/conversations/c203d80a927747e3b016d2522f1c172d?format=full_conversation&since=1637798331.7252574&environment=production HTTP/1.1" 200 324 "-" "-" 300 "rasa-production@docker" "http://172.22.0.5:5002" 134ms
162.158.122.6 - - [24/Nov/2021:23:59:06 +0000] "GET /api/conversations/bdc16b0064eb403e8de76167991eb286?format=full_conversation&since=1637798318.255578&environment=production HTTP/1.1" 200 324 "-" "-" 301 "rasa-production@docker" "http://172.22.0.5:5002" 132ms
172.70.54.82 - - [24/Nov/2021:23:59:07 +0000] "GET /api/conversations/c203d80a927747e3b016d2522f1c172d?format=full_conversation&since=1637798331.7252574&environment=production HTTP/1.1" 200 324 "-" "-" 302 "rasa-production@docker" "http://172.22.0.5:5002" 135ms
172.70.54.82 - - [24/Nov/2021:23:59:08 +0000] "GET /api/conversations/c203d80a927747e3b016d2522f1c172d?format=full_conversation&since=1637798331.7252574&environment=production HTTP/1.1" 200 324 "-" "-" 303 "rasa-production@docker" "http://172.22.0.5:5002" 131ms
162.158.122.6 - - [24/Nov/2021:23:59:08 +0000] "GET /api/conversations/bdc16b0064eb403e8de76167991eb286?format=full_conversation&since=1637798318.255578&environment=production HTTP/1.1" 200 324 "-" "-" 304 "rasa-production@docker" "http://172.22.0.5:5002" 133ms
172.70.54.82 - - [24/Nov/2021:23:59:08 +0000] "GET /api/conversations/c203d80a927747e3b016d2522f1c172d?format=full_conversation&since=1637798331.7252574&environment=production HTTP/1.1" 200 324 "-" "-" 305 "rasa-production@docker" "http://172.22.0.5:5002" 213ms
172.70.54.82 - - [24/Nov/2021:23:59:09 +0000] "GET /api/conversations/c203d80a927747e3b016d2522f1c172d?format=full_conversation&since=1637798331.7252574&environment=production HTTP/1.1" 200 324 "-" "-" 306 "rasa-production@docker" "http://172.22.0.5:5002" 135ms
172.70.54.82 - - [24/Nov/2021:23:59:10 +0000] "GET /api/conversations/c203d80a927747e3b016d2522f1c172d?format=full_conversation&since=1637798331.7252574&environment=production HTTP/1.1" 200 324 "-" "-" 307 "rasa-production@docker" "http://172.22.0.5:5002" 135ms
162.158.122.6 - - [24/Nov/2021:23:59:10 +0000] "GET /api/conversations/bdc16b0064eb403e8de76167991eb286?format=full_conversation&since=1637798318.255578&environment=production HTTP/1.1" 200 324 "-" "-" 308 "rasa-production@docker" "http://172.22.0.5:5002" 134ms
172.70.54.82 - - [24/Nov/2021:23:59:11 +0000] "GET /api/conversations/c203d80a927747e3b016d2522f1c172d?format=full_conversation&since=1637798331.7252574&environment=production HTTP/1.1" 200 324 "-" "-" 309 "rasa-production@docker" "http://172.22.0.5:5002" 132ms
172.70.54.82 - - [24/Nov/2021:23:59:12 +0000] "GET /api/conversations/c203d80a927747e3b016d2522f1c172d?format=full_conversation&since=1637798331.7252574&environment=production HTTP/1.1" 200 324 "-" "-" 310 "rasa-production@docker" "http://172.22.0.5:5002" 134ms
162.158.122.6 - - [24/Nov/2021:23:59:12 +0000] "GET /api/conversations/bdc16b0064eb403e8de76167991eb286?format=full_conversation&since=1637798318.255578&environment=production HTTP/1.1" 200 324 "-" "-" 311 "rasa-production@docker" "http://172.22.0.5:5002" 133ms
172.70.54.82 - - [24/Nov/2021:23:59:13 +0000] "GET /api/conversations/c203d80a927747e3b016d2522f1c172d?format=full_conversation&since=1637798331.7252574&environment=production HTTP/1.1" 200 324 "-" "-" 312 "rasa-production@docker" "http://172.22.0.5:5002" 134ms
162.158.122.6 - - [24/Nov/2021:23:59:13 +0000] "GET /api/conversations/bdc16b0064eb403e8de76167991eb286?format=full_conversation&since=1637798318.255578&environment=production HTTP/1.1" 200 324 "-" "-" 313 "rasa-production@docker" "http://172.22.0.5:5002" 132ms
172.70.54.82 - - [24/Nov/2021:23:59:13 +0000] "GET /api/conversations/c203d80a927747e3b016d2522f1c172d?format=full_conversation&since=1637798331.7252574&environment=production HTTP/1.1" 200 324 "-" "-" 314 "rasa-production@docker" "http://172.22.0.5:5002" 135ms
162.158.122.6 - - [24/Nov/2021:23:59:14 +0000] "GET /api/conversations/bdc16b0064eb403e8de76167991eb286?format=full_conversation&since=1637798318.255578&environment=production HTTP/1.1" 200 324 "-" "-" 315 "rasa-production@docker" "http://172.22.0.5:5002" 137ms
172.70.54.82 - - [24/Nov/2021:23:59:14 +0000] "GET /api/conversations/c203d80a927747e3b016d2522f1c172d?format=full_conversation&since=1637798331.7252574&environment=production HTTP/1.1" 200 324 "-" "-" 316 "rasa-production@docker" "http://172.22.0.5:5002" 135ms
162.158.122.6 - - [24/Nov/2021:23:59:15 +0000] "GET /api/conversations/bdc16b0064eb403e8de76167991eb286?format=full_conversation&since=1637798318.255578&environment=production HTTP/1.1" 200 324 "-" "-" 317 "rasa-production@docker" "http://172.22.0.5:5002" 134ms
172.70.54.82 - - [24/Nov/2021:23:59:15 +0000] "GET /api/conversations/c203d80a927747e3b016d2522f1c172d?format=full_conversation&since=1637798331.7252574&environment=production HTTP/1.1" 200 324 "-" "-" 318 "rasa-production@docker" "http://172.22.0.5:5002" 134ms
172.70.54.82 - - [24/Nov/2021:23:59:16 +0000] "GET /api/conversations/c203d80a927747e3b016d2522f1c172d?format=full_conversation&since=1637798331.7252574&environment=production HTTP/1.1" 200 324 "-" "-" 319 "rasa-production@docker" "http://172.22.0.5:5002" 131ms
172.70.54.82 - - [24/Nov/2021:23:59:17 +0000] "GET /api/conversations/c203d80a927747e3b016d2522f1c172d?format=full_conversation&since=1637798331.7252574&environment=production HTTP/1.1" 200 324 "-" "-" 320 "rasa-production@docker" "http://172.22.0.5:5002" 139ms
162.158.122.6 - - [24/Nov/2021:23:59:17 +0000] "GET /api/conversations/bdc16b0064eb403e8de76167991eb286?format=full_conversation&since=1637798318.255578&environment=production HTTP/1.1" 200 324 "-" "-" 321 "rasa-production@docker" "http://172.22.0.5:5002" 132ms
172.70.54.82 - - [24/Nov/2021:23:59:18 +0000] "GET /api/conversations/c203d80a927747e3b016d2522f1c172d?format=full_conversation&since=1637798331.7252574&environment=production HTTP/1.1" 200 324 "-" "-" 322 "rasa-production@docker" "http://172.22.0.5:5002" 137ms
172.70.54.82 - - [24/Nov/2021:23:59:18 +0000] "GET /api/conversations/c203d80a927747e3b016d2522f1c172d?format=full_conversation&since=1637798331.7252574&environment=production HTTP/1.1" 200 324 "-" "-" 323 "rasa-production@docker" "http://172.22.0.5:5002" 135ms
172.70.82.122 - - [24/Nov/2021:23:59:19 +0000] "POST /api/telemetry HTTP/1.1" 204 0 "-" "-" 324 "rasa-production@docker" "http://172.22.0.5:5002" 134ms
172.70.82.122 - - [24/Nov/2021:23:59:19 +0000] "GET /api/stories?q=&limit=20&offset=0 HTTP/1.1" 200 2 "-" "-" 325 "rasa-production@docker" "http://172.22.0.5:5002" 177ms
162.158.122.6 - - [24/Nov/2021:23:59:19 +0000] "GET /api/conversations/bdc16b0064eb403e8de76167991eb286?format=full_conversation&since=1637798318.255578&environment=production HTTP/1.1" 200 324 "-" "-" 326 "rasa-production@docker" "http://172.22.0.5:5002" 143ms
172.70.54.82 - - [24/Nov/2021:23:59:19 +0000] "GET /api/conversations/c203d80a927747e3b016d2522f1c172d?format=full_conversation&since=1637798331.7252574&environment=production HTTP/1.1" 200 324 "-" "-" 327 "rasa-production@docker" "http://172.22.0.5:5002" 143ms
172.70.54.82 - - [24/Nov/2021:23:59:20 +0000] "GET /api/conversations/c203d80a927747e3b016d2522f1c172d?format=full_conversation&since=1637798331.7252574&environment=production HTTP/1.1" 200 324 "-" "-" 328 "rasa-production@docker" "http://172.22.0.5:5002" 135ms
172.70.54.82 - - [24/Nov/2021:23:59:21 +0000] "GET /api/conversations/c203d80a927747e3b016d2522f1c172d?format=full_conversation&since=1637798331.7252574&environment=production HTTP/1.1" 200 324 "-" "-" 329 "rasa-production@docker" "http://172.22.0.5:5002" 132ms
162.158.122.6 - - [24/Nov/2021:23:59:21 +0000] "GET /api/conversations/bdc16b0064eb403e8de76167991eb286?format=full_conversation&since=1637798318.255578&environment=production HTTP/1.1" 200 324 "-" "-" 330 "rasa-production@docker" "http://172.22.0.5:5002" 135ms
172.70.54.82 - - [24/Nov/2021:23:59:22 +0000] "GET /api/conversations/c203d80a927747e3b016d2522f1c172d?format=full_conversation&since=1637798331.7252574&environment=production HTTP/1.1" 200 324 "-" "-" 331 "rasa-production@docker" "http://172.22.0.5:5002" 133ms
172.70.54.82 - - [24/Nov/2021:23:59:23 +0000] "GET /api/conversations/c203d80a927747e3b016d2522f1c172d?format=full_conversation&since=1637798331.7252574&environment=production HTTP/1.1" 200 324 "-" "-" 332 "rasa-production@docker" "http://172.22.0.5:5002" 134ms
162.158.122.6 - - [24/Nov/2021:23:59:23 +0000] "GET /api/conversations/bdc16b0064eb403e8de76167991eb286?format=full_conversation&since=1637798318.255578&environment=production HTTP/1.1" 200 324 "-" "-" 333 "rasa-production@docker" "http://172.22.0.5:5002" 132ms
172.70.54.82 - - [24/Nov/2021:23:59:23 +0000] "GET /api/conversations/c203d80a927747e3b016d2522f1c172d?format=full_conversation&since=1637798331.7252574&environment=production HTTP/1.1" 200 324 "-" "-" 334 "rasa-production@docker" "http://172.22.0.5:5002" 136ms
172.70.54.82 - - [24/Nov/2021:23:59:24 +0000] "GET /api/conversations/c203d80a927747e3b016d2522f1c172d?format=full_conversation&since=1637798331.7252574&environment=production HTTP/1.1" 200 324 "-" "-" 335 "rasa-production@docker" "http://172.22.0.5:5002" 138ms
172.70.54.82 - - [24/Nov/2021:23:59:25 +0000] "GET /api/conversations/c203d80a927747e3b016d2522f1c172d?format=full_conversation&since=1637798331.7252574&environment=production HTTP/1.1" 200 324 "-" "-" 336 "rasa-production@docker" "http://172.22.0.5:5002" 135ms
162.158.122.6 - - [24/Nov/2021:23:59:25 +0000] "GET /api/conversations/bdc16b0064eb403e8de76167991eb286?format=full_conversation&since=1637798318.255578&environment=production HTTP/1.1" 200 324 "-" "-" 337 "rasa-production@docker" "http://172.22.0.5:5002" 137ms
172.70.82.122 - - [24/Nov/2021:23:59:26 +0000] "POST /api/telemetry HTTP/1.1" 204 0 "-" "-" 338 "rasa-production@docker" "http://172.22.0.5:5002" 137ms
172.70.82.122 - - [24/Nov/2021:23:59:26 +0000] "GET /api/rules?q=&limit=20&offset=0 HTTP/1.1" 200 2 "-" "-" 339 "rasa-production@docker" "http://172.22.0.5:5002" 181ms
172.70.54.82 - - [24/Nov/2021:23:59:26 +0000] "GET /api/conversations/c203d80a927747e3b016d2522f1c172d?format=full_conversation&since=1637798331.7252574&environment=production HTTP/1.1" 200 324 "-" "-" 340 "rasa-production@docker" "http://172.22.0.5:5002" 136ms
172.70.54.82 - - [24/Nov/2021:23:59:27 +0000] "GET /api/conversations/c203d80a927747e3b016d2522f1c172d?format=full_conversation&since=1637798331.7252574&environment=production HTTP/1.1" 200 324 "-" "-" 341 "rasa-production@docker" "http://172.22.0.5:5002" 140ms
162.158.122.6 - - [24/Nov/2021:23:59:27 +0000] "GET /api/conversations/bdc16b0064eb403e8de76167991eb286?format=full_conversation&since=1637798318.255578&environment=production HTTP/1.1" 200 324 "-" "-" 342 "rasa-production@docker" "http://172.22.0.5:5002" 134ms
172.70.54.82 - - [24/Nov/2021:23:59:28 +0000] "GET /api/conversations/c203d80a927747e3b016d2522f1c172d?format=full_conversation&since=1637798331.7252574&environment=production HTTP/1.1" 200 324 "-" "-" 343 "rasa-production@docker" "http://172.22.0.5:5002" 134ms
172.70.82.122 - - [24/Nov/2021:23:59:28 +0000] "POST /api/telemetry HTTP/1.1" 204 0 "-" "-" 346 "rasa-production@docker" "http://172.22.0.5:5002" 139ms
172.70.82.122 - - [24/Nov/2021:23:59:28 +0000] "GET /api/projects/default/synonyms?q=&reference=&mapped_value= HTTP/1.1" 200 2 "-" "-" 344 "rasa-production@docker" "http://172.22.0.5:5002" 155ms
172.70.82.122 - - [24/Nov/2021:23:59:28 +0000] "GET /api/projects/default/training_examples?q=&intent=&limit=20&offset=0 HTTP/1.1" 200 170 "-" "-" 347 "rasa-production@docker" "http://172.22.0.5:5002" 185ms
172.70.82.122 - - [24/Nov/2021:23:59:28 +0000] "GET /api/projects/default/entities HTTP/1.1" 200 2 "-" "-" 345 "rasa-production@docker" "http://172.22.0.5:5002" 237ms
172.70.82.122 - - [24/Nov/2021:23:59:28 +0000] "GET /api/projects/default/training_data_warnings HTTP/1.1" 200 148 "-" "-" 349 "rasa-production@docker" "http://172.22.0.5:5002" 508ms
172.70.82.122 - - [24/Nov/2021:23:59:28 +0000] "GET /api/projects/default/intents?fields[example_hashes]=false&fields[suggestions]=false HTTP/1.1" 200 251 "-" "-" 348 "rasa-production@docker" "http://172.22.0.5:5002" 509ms
172.70.54.82 - - [24/Nov/2021:23:59:28 +0000] "GET /api/conversations/c203d80a927747e3b016d2522f1c172d?format=full_conversation&since=1637798331.7252574&environment=production HTTP/1.1" 200 324 "-" "-" 350 "rasa-production@docker" "http://172.22.0.5:5002" 132ms
172.70.54.82 - - [24/Nov/2021:23:59:29 +0000] "GET /api/conversations/c203d80a927747e3b016d2522f1c172d?format=full_conversation&since=1637798331.7252574&environment=production HTTP/1.1" 200 324 "-" "-" 351 "rasa-production@docker" "http://172.22.0.5:5002" 129ms
162.158.122.6 - - [24/Nov/2021:23:59:29 +0000] "GET /api/conversations/bdc16b0064eb403e8de76167991eb286?format=full_conversation&since=1637798318.255578&environment=production HTTP/1.1" 200 324 "-" "-" 352 "rasa-production@docker" "http://172.22.0.5:5002" 132ms
172.70.82.122 - - [24/Nov/2021:23:59:29 +0000] "POST /api/telemetry HTTP/1.1" 204 0 "-" "-" 354 "rasa-production@docker" "http://172.22.0.5:5002" 142ms
172.70.82.122 - - [24/Nov/2021:23:59:29 +0000] "GET /api/projects/default/settings HTTP/1.1" 200 430 "-" "-" 353 "rasa-production@docker" "http://172.22.0.5:5002" 274ms
172.70.54.82 - - [24/Nov/2021:23:59:30 +0000] "GET /api/conversations/c203d80a927747e3b016d2522f1c172d?format=full_conversation&since=1637798331.7252574&environment=production HTTP/1.1" 200 324 "-" "-" 355 "rasa-production@docker" "http://172.22.0.5:5002" 135ms
172.70.54.82 - - [24/Nov/2021:23:59:31 +0000] "GET /api/conversations/c203d80a927747e3b016d2522f1c172d?format=full_conversation&since=1637798331.7252574&environment=production HTTP/1.1" 200 324 "-" "-" 356 "rasa-production@docker" "http://172.22.0.5:5002" 133ms
162.158.122.6 - - [24/Nov/2021:23:59:31 +0000] "GET /api/conversations/bdc16b0064eb403e8de76167991eb286?format=full_conversation&since=1637798318.255578&environment=production HTTP/1.1" 200 324 "-" "-" 357 "rasa-production@docker" "http://172.22.0.5:5002" 135ms
172.70.54.82 - - [24/Nov/2021:23:59:32 +0000] "GET /api/conversations/c203d80a927747e3b016d2522f1c172d?format=full_conversation&since=1637798331.7252574&environment=production HTTP/1.1" 200 324 "-" "-" 358 "rasa-production@docker" "http://172.22.0.5:5002" 136ms
172.70.54.82 - - [24/Nov/2021:23:59:32 +0000] "GET /api/conversations/c203d80a927747e3b016d2522f1c172d?format=full_conversation&since=1637798331.7252574&environment=production HTTP/1.1" 200 324 "-" "-" 359 "rasa-production@docker" "http://172.22.0.5:5002" 134ms
162.158.122.6 - - [24/Nov/2021:23:59:33 +0000] "GET /api/conversations/bdc16b0064eb403e8de76167991eb286?format=full_conversation&since=1637798318.255578&environment=production HTTP/1.1" 200 324 "-" "-" 360 "rasa-production@docker" "http://172.22.0.5:5002" 134ms
172.70.54.82 - - [24/Nov/2021:23:59:33 +0000] "GET /api/conversations/c203d80a927747e3b016d2522f1c172d?format=full_conversation&since=1637798331.7252574&environment=production HTTP/1.1" 200 324 "-" "-" 361 "rasa-production@docker" "http://172.22.0.5:5002" 131ms
172.70.54.82 - - [24/Nov/2021:23:59:34 +0000] "GET /api/conversations/c203d80a927747e3b016d2522f1c172d?format=full_conversation&since=1637798331.7252574&environment=production HTTP/1.1" 200 324 "-" "-" 362 "rasa-production@docker" "http://172.22.0.5:5002" 136ms
162.158.122.6 - - [24/Nov/2021:23:59:35 +0000] "GET /api/conversations/bdc16b0064eb403e8de76167991eb286?format=full_conversation&since=1637798318.255578&environment=production HTTP/1.1" 200 324 "-" "-" 363 "rasa-production@docker" "http://172.22.0.5:5002" 130ms
172.70.54.82 - - [24/Nov/2021:23:59:35 +0000] "GET /api/conversations/c203d80a927747e3b016d2522f1c172d?format=full_conversation&since=1637798331.7252574&environment=production HTTP/1.1" 200 324 "-" "-" 364 "rasa-production@docker" "http://172.22.0.5:5002" 134ms
172.70.54.82 - - [24/Nov/2021:23:59:36 +0000] "GET /api/conversations/c203d80a927747e3b016d2522f1c172d?format=full_conversation&since=1637798331.7252574&environment=production HTTP/1.1" 200 324 "-" "-" 365 "rasa-production@docker" "http://172.22.0.5:5002" 135ms
162.158.122.6 - - [24/Nov/2021:23:59:36 +0000] "GET /api/conversations/bdc16b0064eb403e8de76167991eb286?format=full_conversation&since=1637798318.255578&environment=production HTTP/1.1" 200 324 "-" "-" 366 "rasa-production@docker" "http://172.22.0.5:5002" 135ms
172.70.82.122 - - [24/Nov/2021:23:59:36 +0000] "POST /api/telemetry HTTP/1.1" 204 0 "-" "-" 368 "rasa-production@docker" "http://172.22.0.5:5002" 131ms
172.70.82.122 - - [24/Nov/2021:23:59:36 +0000] "GET /api/projects/default/synonyms?q=&reference=&mapped_value= HTTP/1.1" 200 2 "-" "-" 369 "rasa-production@docker" "http://172.22.0.5:5002" 154ms
172.70.82.122 - - [24/Nov/2021:23:59:36 +0000] "GET /api/projects/default/entities HTTP/1.1" 200 2 "-" "-" 367 "rasa-production@docker" "http://172.22.0.5:5002" 239ms
172.70.82.122 - - [24/Nov/2021:23:59:36 +0000] "GET /api/projects/default/intents?fields[example_hashes]=false&fields[suggestions]=false HTTP/1.1" 200 251 "-" "-" 370 "rasa-production@docker" "http://172.22.0.5:5002" 198ms
172.70.82.122 - - [24/Nov/2021:23:59:36 +0000] "GET /api/projects/default/training_data_warnings HTTP/1.1" 200 148 "-" "-" 372 "rasa-production@docker" "http://172.22.0.5:5002" 247ms
172.70.82.122 - - [24/Nov/2021:23:59:36 +0000] "GET /api/projects/default/training_examples?q=&intent=&limit=20&offset=0 HTTP/1.1" 200 170 "-" "-" 371 "rasa-production@docker" "http://172.22.0.5:5002" 378ms
172.70.54.82 - - [24/Nov/2021:23:59:37 +0000] "GET /api/conversations/c203d80a927747e3b016d2522f1c172d?format=full_conversation&since=1637798331.7252574&environment=production HTTP/1.1" 200 324 "-" "-" 373 "rasa-production@docker" "http://172.22.0.5:5002" 133ms
162.158.122.6 - - [24/Nov/2021:23:59:37 +0000] "GET /api/conversations/bdc16b0064eb403e8de76167991eb286?format=full_conversation&since=1637798318.255578&environment=production HTTP/1.1" 200 324 "-" "-" 374 "rasa-production@docker" "http://172.22.0.5:5002" 132ms
172.70.54.82 - - [24/Nov/2021:23:59:37 +0000] "GET /api/conversations/c203d80a927747e3b016d2522f1c172d?format=full_conversation&since=1637798331.7252574&environment=production HTTP/1.1" 200 324 "-" "-" 375 "rasa-production@docker" "http://172.22.0.5:5002" 137ms
172.70.54.82 - - [24/Nov/2021:23:59:38 +0000] "GET /api/conversations/c203d80a927747e3b016d2522f1c172d?format=full_conversation&since=1637798331.7252574&environment=production HTTP/1.1" 200 324 "-" "-" 376 "rasa-production@docker" "http://172.22.0.5:5002" 134ms
172.70.82.122 - - [24/Nov/2021:23:59:39 +0000] "GET /api/projects/default/domains HTTP/1.1" 200 6865 "-" "-" 378 "rasa-production@docker" "http://172.22.0.5:5002" 313ms
172.70.82.122 - - [24/Nov/2021:23:59:39 +0000] "GET /api/domainWarnings HTTP/1.1" 200 623 "-" "-" 377 "rasa-production@docker" "http://172.22.0.5:5002" 542ms
172.70.54.82 - - [24/Nov/2021:23:59:39 +0000] "GET /api/conversations/c203d80a927747e3b016d2522f1c172d?format=full_conversation&since=1637798331.7252574&environment=production HTTP/1.1" 200 324 "-" "-" 379 "rasa-production@docker" "http://172.22.0.5:5002" 134ms
162.158.122.6 - - [24/Nov/2021:23:59:39 +0000] "GET /api/conversations/bdc16b0064eb403e8de76167991eb286?format=full_conversation&since=1637798318.255578&environment=production HTTP/1.1" 200 324 "-" "-" 380 "rasa-production@docker" "http://172.22.0.5:5002" 132ms
172.70.82.122 - - [24/Nov/2021:23:59:39 +0000] "GET /api/domainWarnings HTTP/1.1" 200 623 "-" "-" 381 "rasa-production@docker" "http://172.22.0.5:5002" 625ms
172.70.54.82 - - [24/Nov/2021:23:59:40 +0000] "GET /api/conversations/c203d80a927747e3b016d2522f1c172d?format=full_conversation&since=1637798331.7252574&environment=production HTTP/1.1" 200 324 "-" "-" 382 "rasa-production@docker" "http://172.22.0.5:5002" 134ms
172.70.54.82 - - [24/Nov/2021:23:59:41 +0000] "GET /api/conversations/c203d80a927747e3b016d2522f1c172d?format=full_conversation&since=1637798331.7252574&environment=production HTTP/1.1" 200 324 "-" "-" 383 "rasa-production@docker" "http://172.22.0.5:5002" 135ms
162.158.122.6 - - [24/Nov/2021:23:59:41 +0000] "GET /api/conversations/bdc16b0064eb403e8de76167991eb286?format=full_conversation&since=1637798318.255578&environment=production HTTP/1.1" 200 324 "-" "-" 384 "rasa-production@docker" "http://172.22.0.5:5002" 137ms
172.70.54.82 - - [24/Nov/2021:23:59:42 +0000] "GET /api/conversations/c203d80a927747e3b016d2522f1c172d?format=full_conversation&since=1637798331.7252574&environment=production HTTP/1.1" 200 324 "-" "-" 385 "rasa-production@docker" "http://172.22.0.5:5002" 133ms
172.70.54.82 - - [24/Nov/2021:23:59:42 +0000] "GET /api/conversations/c203d80a927747e3b016d2522f1c172d?format=full_conversation&since=1637798331.7252574&environment=production HTTP/1.1" 200 324 "-" "-" 386 "rasa-production@docker" "http://172.22.0.5:5002" 134ms
162.158.122.6 - - [24/Nov/2021:23:59:43 +0000] "GET /api/conversations/bdc16b0064eb403e8de76167991eb286?format=full_conversation&since=1637798318.255578&environment=production HTTP/1.1" 200 324 "-" "-" 387 "rasa-production@docker" "http://172.22.0.5:5002" 133ms
172.70.54.82 - - [24/Nov/2021:23:59:43 +0000] "GET /api/conversations/c203d80a927747e3b016d2522f1c172d?format=full_conversation&since=1637798331.7252574&environment=production HTTP/1.1" 200 324 "-" "-" 388 "rasa-production@docker" "http://172.22.0.5:5002" 136ms
172.70.54.82 - - [24/Nov/2021:23:59:44 +0000] "GET /api/conversations/c203d80a927747e3b016d2522f1c172d?format=full_conversation&since=1637798331.7252574&environment=production HTTP/1.1" 200 324 "-" "-" 389 "rasa-production@docker" "http://172.22.0.5:5002" 138ms
172.70.54.82 - - [24/Nov/2021:23:59:45 +0000] "GET /api/conversations/c203d80a927747e3b016d2522f1c172d?format=full_conversation&since=1637798331.7252574&environment=production HTTP/1.1" 200 324 "-" "-" 390 "rasa-production@docker" "http://172.22.0.5:5002" 137ms
162.158.122.6 - - [24/Nov/2021:23:59:45 +0000] "GET /api/conversations/bdc16b0064eb403e8de76167991eb286?format=full_conversation&since=1637798318.255578&environment=production HTTP/1.1" 200 324 "-" "-" 391 "rasa-production@docker" "http://172.22.0.5:5002" 134ms
172.70.54.82 - - [24/Nov/2021:23:59:46 +0000] "GET /api/conversations/c203d80a927747e3b016d2522f1c172d?format=full_conversation&since=1637798331.7252574&environment=production HTTP/1.1" 200 324 "-" "-" 392 "rasa-production@docker" "http://172.22.0.5:5002" 134ms
172.70.54.82 - - [24/Nov/2021:23:59:47 +0000] "GET /api/conversations/c203d80a927747e3b016d2522f1c172d?format=full_conversation&since=1637798331.7252574&environment=production HTTP/1.1" 200 324 "-" "-" 393 "rasa-production@docker" "http://172.22.0.5:5002" 136ms
162.158.122.6 - - [24/Nov/2021:23:59:47 +0000] "GET /api/conversations/bdc16b0064eb403e8de76167991eb286?format=full_conversation&since=1637798318.255578&environment=production HTTP/1.1" 200 324 "-" "-" 394 "rasa-production@docker" "http://172.22.0.5:5002" 132ms
172.70.54.82 - - [24/Nov/2021:23:59:47 +0000] "GET /api/conversations/c203d80a927747e3b016d2522f1c172d?format=full_conversation&since=1637798331.7252574&environment=production HTTP/1.1" 200 324 "-" "-" 395 "rasa-production@docker" "http://172.22.0.5:5002" 143ms
172.70.54.82 - - [24/Nov/2021:23:59:48 +0000] "GET /api/conversations/c203d80a927747e3b016d2522f1c172d?format=full_conversation&since=1637798331.7252574&environment=production HTTP/1.1" 200 324 "-" "-" 396 "rasa-production@docker" "http://172.22.0.5:5002" 133ms
172.70.54.82 - - [24/Nov/2021:23:59:49 +0000] "GET /api/conversations/c203d80a927747e3b016d2522f1c172d?format=full_conversation&since=1637798331.7252574&environment=production HTTP/1.1" 200 324 "-" "-" 397 "rasa-production@docker" "http://172.22.0.5:5002" 134ms
162.158.122.6 - - [24/Nov/2021:23:59:49 +0000] "GET /api/conversations/bdc16b0064eb403e8de76167991eb286?format=full_conversation&since=1637798318.255578&environment=production HTTP/1.1" 200 324 "-" "-" 398 "rasa-production@docker" "http://172.22.0.5:5002" 134ms
172.70.54.82 - - [24/Nov/2021:23:59:50 +0000] "GET /api/conversations/c203d80a927747e3b016d2522f1c172d?format=full_conversation&since=1637798331.7252574&environment=production HTTP/1.1" 200 324 "-" "-" 399 "rasa-production@docker" "http://172.22.0.5:5002" 147ms
162.158.122.6 - - [24/Nov/2021:23:59:51 +0000] "GET /api/conversations/bdc16b0064eb403e8de76167991eb286?format=full_conversation&since=1637798318.255578&environment=production HTTP/1.1" 200 324 "-" "-" 400 "rasa-production@docker" "http://172.22.0.5:5002" 135ms
172.70.54.82 - - [24/Nov/2021:23:59:52 +0000] "GET /api/conversations/c203d80a927747e3b016d2522f1c172d?format=full_conversation&since=1637798331.7252574&environment=production HTTP/1.1" 200 324 "-" "-" 401 "rasa-production@docker" "http://172.22.0.5:5002" 134ms
172.70.54.82 - - [24/Nov/2021:23:59:53 +0000] "GET /api/conversations/c203d80a927747e3b016d2522f1c172d?format=full_conversation&since=1637798331.7252574&environment=production HTTP/1.1" 200 324 "-" "-" 402 "rasa-production@docker" "http://172.22.0.5:5002" 133ms
162.158.122.6 - - [24/Nov/2021:23:59:53 +0000] "GET /api/conversations/bdc16b0064eb403e8de76167991eb286?format=full_conversation&since=1637798318.255578&environment=production HTTP/1.1" 200 324 "-" "-" 403 "rasa-production@docker" "http://172.22.0.5:5002" 137ms
172.70.54.82 - - [24/Nov/2021:23:59:53 +0000] "GET /api/conversations/c203d80a927747e3b016d2522f1c172d?format=full_conversation&since=1637798331.7252574&environment=production HTTP/1.1" 200 324 "-" "-" 404 "rasa-production@docker" "http://172.22.0.5:5002" 133ms
172.70.54.82 - - [24/Nov/2021:23:59:54 +0000] "GET /api/conversations/c203d80a927747e3b016d2522f1c172d?format=full_conversation&since=1637798331.7252574&environment=production HTTP/1.1" 200 324 "-" "-" 405 "rasa-production@docker" "http://172.22.0.5:5002" 135ms
172.70.54.82 - - [24/Nov/2021:23:59:55 +0000] "GET /api/conversations/c203d80a927747e3b016d2522f1c172d?format=full_conversation&since=1637798331.7252574&environment=production HTTP/1.1" 200 324 "-" "-" 406 "rasa-production@docker" "http://172.22.0.5:5002" 134ms
162.158.122.6 - - [24/Nov/2021:23:59:55 +0000] "GET /api/conversations/bdc16b0064eb403e8de76167991eb286?format=full_conversation&since=1637798318.255578&environment=production HTTP/1.1" 200 324 "-" "-" 407 "rasa-production@docker" "http://172.22.0.5:5002" 133ms
172.70.54.82 - - [24/Nov/2021:23:59:56 +0000] "GET /api/conversations/c203d80a927747e3b016d2522f1c172d?format=full_conversation&since=1637798331.7252574&environment=production HTTP/1.1" 200 324 "-" "-" 408 "rasa-production@docker" "http://172.22.0.5:5002" 135ms
172.70.54.82 - - [24/Nov/2021:23:59:57 +0000] "GET /api/conversations/c203d80a927747e3b016d2522f1c172d?format=full_conversation&since=1637798331.7252574&environment=production HTTP/1.1" 200 324 "-" "-" 409 "rasa-production@docker" "http://172.22.0.5:5002" 134ms
162.158.122.6 - - [24/Nov/2021:23:59:57 +0000] "GET /api/conversations/bdc16b0064eb403e8de76167991eb286?format=full_conversation&since=1637798318.255578&environment=production HTTP/1.1" 200 324 "-" "-" 410 "rasa-production@docker" "http://172.22.0.5:5002" 134ms
172.70.54.82 - - [24/Nov/2021:23:59:58 +0000] "GET /api/conversations/c203d80a927747e3b016d2522f1c172d?format=full_conversation&since=1637798331.7252574&environment=production HTTP/1.1" 200 324 "-" "-" 411 "rasa-production@docker" "http://172.22.0.5:5002" 133ms
172.70.82.122 - - [24/Nov/2021:23:59:58 +0000] "POST /api/telemetry HTTP/1.1" 204 0 "-" "-" 415 "rasa-production@docker" "http://172.22.0.5:5002" 149ms
172.70.82.122 - - [24/Nov/2021:23:59:58 +0000] "GET /api/environments HTTP/1.1" 200 202 "-" "-" 414 "rasa-production@docker" "http://172.22.0.5:5002" 158ms
172.70.82.122 - - [24/Nov/2021:23:59:58 +0000] "GET /api/projects/default/models?limit=1&offset=0 HTTP/1.1" 200 235 "-" "-" 413 "rasa-production@docker" "http://172.22.0.5:5002" 235ms
172.70.54.82 - - [24/Nov/2021:23:59:58 +0000] "GET /api/conversations/c203d80a927747e3b016d2522f1c172d?format=full_conversation&since=1637798331.7252574&environment=production HTTP/1.1" 200 324 "-" "-" 416 "rasa-production@docker" "http://172.22.0.5:5002" 184ms
172.70.82.122 - - [24/Nov/2021:23:59:58 +0000] "GET /api/health HTTP/1.1" 200 308 "-" "-" 412 "rasa-production@docker" "http://172.22.0.5:5002" 939ms
162.158.122.6 - - [24/Nov/2021:23:59:59 +0000] "GET /api/conversations/bdc16b0064eb403e8de76167991eb286?format=full_conversation&since=1637798318.255578&environment=production HTTP/1.1" 200 324 "-" "-" 417 "rasa-production@docker" "http://172.22.0.5:5002" 166ms
172.70.54.82 - - [24/Nov/2021:23:59:59 +0000] "GET /api/conversations/c203d80a927747e3b016d2522f1c172d?format=full_conversation&since=1637798331.7252574&environment=production HTTP/1.1" 200 324 "-" "-" 418 "rasa-production@docker" "http://172.22.0.5:5002" 478ms
172.70.54.82 - - [25/Nov/2021:00:00:00 +0000] "GET /api/conversations/c203d80a927747e3b016d2522f1c172d?format=full_conversation&since=1637798331.7252574&environment=production HTTP/1.1" 200 324 "-" "-" 419 "rasa-production@docker" "http://172.22.0.5:5002" 153ms
162.158.122.6 - - [25/Nov/2021:00:00:01 +0000] "GET /api/conversations/bdc16b0064eb403e8de76167991eb286?format=full_conversation&since=1637798318.255578&environment=production HTTP/1.1" 200 324 "-" "-" 420 "rasa-production@docker" "http://172.22.0.5:5002" 160ms
172.70.54.82 - - [25/Nov/2021:00:00:01 +0000] "GET /api/conversations/c203d80a927747e3b016d2522f1c172d?format=full_conversation&since=1637798331.7252574&environment=production HTTP/1.1" 200 324 "-" "-" 421 "rasa-production@docker" "http://172.22.0.5:5002" 243ms
172.70.54.82 - - [25/Nov/2021:00:00:02 +0000] "GET /api/conversations/c203d80a927747e3b016d2522f1c172d?format=full_conversation&since=1637798331.7252574&environment=production HTTP/1.1" 200 324 "-" "-" 422 "rasa-production@docker" "http://172.22.0.5:5002" 173ms
172.70.54.82 - - [25/Nov/2021:00:00:03 +0000] "GET /api/conversations/c203d80a927747e3b016d2522f1c172d?format=full_conversation&since=1637798331.7252574&environment=production HTTP/1.1" 200 324 "-" "-" 423 "rasa-production@docker" "http://172.22.0.5:5002" 147ms
162.158.122.6 - - [25/Nov/2021:00:00:03 +0000] "GET /api/conversations/bdc16b0064eb403e8de76167991eb286?format=full_conversation&since=1637798318.255578&environment=production HTTP/1.1" 200 324 "-" "-" 424 "rasa-production@docker" "http://172.22.0.5:5002" 222ms
172.70.54.82 - - [25/Nov/2021:00:00:04 +0000] "GET /api/conversations/c203d80a927747e3b016d2522f1c172d?format=full_conversation&since=1637798331.7252574&environment=production HTTP/1.1" 200 324 "-" "-" 425 "rasa-production@docker" "http://172.22.0.5:5002" 174ms
172.70.54.82 - - [25/Nov/2021:00:00:05 +0000] "GET /api/conversations/c203d80a927747e3b016d2522f1c172d?format=full_conversation&since=1637798331.7252574&environment=production HTTP/1.1" 200 324 "-" "-" 426 "rasa-production@docker" "http://172.22.0.5:5002" 205ms
162.158.122.6 - - [25/Nov/2021:00:00:05 +0000] "GET /api/conversations/bdc16b0064eb403e8de76167991eb286?format=full_conversation&since=1637798318.255578&environment=production HTTP/1.1" 200 324 "-" "-" 427 "rasa-production@docker" "http://172.22.0.5:5002" 182ms
172.70.54.82 - - [25/Nov/2021:00:00:06 +0000] "GET /api/conversations/c203d80a927747e3b016d2522f1c172d?format=full_conversation&since=1637798331.7252574&environment=production HTTP/1.1" 200 324 "-" "-" 428 "rasa-production@docker" "http://172.22.0.5:5002" 170ms
172.70.54.82 - - [25/Nov/2021:00:00:07 +0000] "GET /api/conversations/c203d80a927747e3b016d2522f1c172d?format=full_conversation&since=1637798331.7252574&environment=production HTTP/1.1" 200 324 "-" "-" 429 "rasa-production@docker" "http://172.22.0.5:5002" 184ms
162.158.122.6 - - [25/Nov/2021:00:00:07 +0000] "GET /api/conversations/bdc16b0064eb403e8de76167991eb286?format=full_conversation&since=1637798318.255578&environment=production HTTP/1.1" 200 324 "-" "-" 430 "rasa-production@docker" "http://172.22.0.5:5002" 299ms
172.70.54.82 - - [25/Nov/2021:00:00:07 +0000] "GET /api/conversations/c203d80a927747e3b016d2522f1c172d?format=full_conversation&since=1637798331.7252574&environment=production HTTP/1.1" 200 324 "-" "-" 431 "rasa-production@docker" "http://172.22.0.5:5002" 204ms
162.158.122.6 - - [25/Nov/2021:00:00:08 +0000] "GET /api/conversations/bdc16b0064eb403e8de76167991eb286?format=full_conversation&since=1637798318.255578&environment=production HTTP/1.1" 200 324 "-" "-" 432 "rasa-production@docker" "http://172.22.0.5:5002" 172ms
172.70.54.82 - - [25/Nov/2021:00:00:08 +0000] "GET /api/conversations/c203d80a927747e3b016d2522f1c172d?format=full_conversation&since=1637798331.7252574&environment=production HTTP/1.1" 200 324 "-" "-" 433 "rasa-production@docker" "http://172.22.0.5:5002" 201ms
172.70.54.82 - - [25/Nov/2021:00:00:09 +0000] "GET /api/conversations/c203d80a927747e3b016d2522f1c172d?format=full_conversation&since=1637798331.7252574&environment=production HTTP/1.1" 200 324 "-" "-" 434 "rasa-production@docker" "http://172.22.0.5:5002" 355ms
162.158.122.6 - - [25/Nov/2021:00:00:10 +0000] "GET /api/conversations/bdc16b0064eb403e8de76167991eb286?format=full_conversation&since=1637798318.255578&environment=production HTTP/1.1" 200 324 "-" "-" 435 "rasa-production@docker" "http://172.22.0.5:5002" 178ms
172.70.54.82 - - [25/Nov/2021:00:00:10 +0000] "GET /api/conversations/c203d80a927747e3b016d2522f1c172d?format=full_conversation&since=1637798331.7252574&environment=production HTTP/1.1" 200 324 "-" "-" 436 "rasa-production@docker" "http://172.22.0.5:5002" 227ms
172.70.54.82 - - [25/Nov/2021:00:00:11 +0000] "GET /api/conversations/c203d80a927747e3b016d2522f1c172d?format=full_conversation&since=1637798331.7252574&environment=production HTTP/1.1" 200 324 "-" "-" 437 "rasa-production@docker" "http://172.22.0.5:5002" 163ms
172.70.54.82 - - [25/Nov/2021:00:00:12 +0000] "GET /api/conversations/c203d80a927747e3b016d2522f1c172d?format=full_conversation&since=1637798331.7252574&environment=production HTTP/1.1" 200 324 "-" "-" 438 "rasa-production@docker" "http://172.22.0.5:5002" 152ms
162.158.122.6 - - [25/Nov/2021:00:00:12 +0000] "GET /api/conversations/bdc16b0064eb403e8de76167991eb286?format=full_conversation&since=1637798318.255578&environment=production HTTP/1.1" 200 324 "-" "-" 439 "rasa-production@docker" "http://172.22.0.5:5002" 152ms
172.70.54.82 - - [25/Nov/2021:00:00:13 +0000] "GET /api/conversations/c203d80a927747e3b016d2522f1c172d?format=full_conversation&since=1637798331.7252574&environment=production HTTP/1.1" 200 324 "-" "-" 440 "rasa-production@docker" "http://172.22.0.5:5002" 144ms
172.70.54.82 - - [25/Nov/2021:00:00:14 +0000] "GET /api/conversations/c203d80a927747e3b016d2522f1c172d?format=full_conversation&since=1637798331.7252574&environment=production HTTP/1.1" 200 324 "-" "-" 441 "rasa-production@docker" "http://172.22.0.5:5002" 145ms
162.158.122.6 - - [25/Nov/2021:00:00:14 +0000] "GET /api/conversations/bdc16b0064eb403e8de76167991eb286?format=full_conversation&since=1637798318.255578&environment=production HTTP/1.1" 200 324 "-" "-" 442 "rasa-production@docker" "http://172.22.0.5:5002" 226ms
172.70.54.82 - - [25/Nov/2021:00:00:15 +0000] "GET /api/conversations/c203d80a927747e3b016d2522f1c172d?format=full_conversation&since=1637798331.7252574&environment=production HTTP/1.1" 200 324 "-" "-" 443 "rasa-production@docker" "http://172.22.0.5:5002" 147ms
172.70.54.82 - - [25/Nov/2021:00:00:15 +0000] "GET /api/conversations/c203d80a927747e3b016d2522f1c172d?format=full_conversation&since=1637798331.7252574&environment=production HTTP/1.1" 200 324 "-" "-" 444 "rasa-production@docker" "http://172.22.0.5:5002" 156ms
162.158.122.6 - - [25/Nov/2021:00:00:16 +0000] "GET /api/conversations/bdc16b0064eb403e8de76167991eb286?format=full_conversation&since=1637798318.255578&environment=production HTTP/1.1" 200 324 "-" "-" 445 "rasa-production@docker" "http://172.22.0.5:5002" 156ms
172.70.54.82 - - [25/Nov/2021:00:00:16 +0000] "GET /api/conversations/c203d80a927747e3b016d2522f1c172d?format=full_conversation&since=1637798331.7252574&environment=production HTTP/1.1" 200 324 "-" "-" 446 "rasa-production@docker" "http://172.22.0.5:5002" 144ms
162.158.122.6 - - [25/Nov/2021:00:00:17 +0000] "GET /api/conversations/bdc16b0064eb403e8de76167991eb286?format=full_conversation&since=1637798318.255578&environment=production HTTP/1.1" 200 324 "-" "-" 447 "rasa-production@docker" "http://172.22.0.5:5002" 224ms
172.70.54.82 - - [25/Nov/2021:00:00:17 +0000] "GET /api/conversations/c203d80a927747e3b016d2522f1c172d?format=full_conversation&since=1637798331.7252574&environment=production HTTP/1.1" 200 324 "-" "-" 448 "rasa-production@docker" "http://172.22.0.5:5002" 181ms
172.70.54.82 - - [25/Nov/2021:00:00:18 +0000] "GET /api/conversations/c203d80a927747e3b016d2522f1c172d?format=full_conversation&since=1637798331.7252574&environment=production HTTP/1.1" 200 324 "-" "-" 449 "rasa-production@docker" "http://172.22.0.5:5002" 142ms
172.70.54.82 - - [25/Nov/2021:00:00:19 +0000] "GET /api/conversations/c203d80a927747e3b016d2522f1c172d?format=full_conversation&since=1637798331.7252574&environment=production HTTP/1.1" 200 324 "-" "-" 450 "rasa-production@docker" "http://172.22.0.5:5002" 143ms
162.158.122.6 - - [25/Nov/2021:00:00:19 +0000] "GET /api/conversations/bdc16b0064eb403e8de76167991eb286?format=full_conversation&since=1637798318.255578&environment=production HTTP/1.1" 200 324 "-" "-" 451 "rasa-production@docker" "http://172.22.0.5:5002" 160ms
172.70.54.82 - - [25/Nov/2021:00:00:20 +0000] "GET /api/conversations/c203d80a927747e3b016d2522f1c172d?format=full_conversation&since=1637798331.7252574&environment=production HTTP/1.1" 200 324 "-" "-" 452 "rasa-production@docker" "http://172.22.0.5:5002" 139ms
172.70.54.82 - - [25/Nov/2021:00:00:21 +0000] "GET /api/conversations/c203d80a927747e3b016d2522f1c172d?format=full_conversation&since=1637798331.7252574&environment=production HTTP/1.1" 200 324 "-" "-" 453 "rasa-production@docker" "http://172.22.0.5:5002" 145ms
162.158.122.6 - - [25/Nov/2021:00:00:22 +0000] "GET /api/conversations/bdc16b0064eb403e8de76167991eb286?format=full_conversation&since=1637798318.255578&environment=production HTTP/1.1" 200 324 "-" "-" 454 "rasa-production@docker" "http://172.22.0.5:5002" 136ms
172.70.54.82 - - [25/Nov/2021:00:00:22 +0000] "GET /api/conversations/c203d80a927747e3b016d2522f1c172d?format=full_conversation&since=1637798331.7252574&environment=production HTTP/1.1" 200 324 "-" "-" 455 "rasa-production@docker" "http://172.22.0.5:5002" 137ms
172.70.54.82 - - [25/Nov/2021:00:00:23 +0000] "GET /api/conversations/c203d80a927747e3b016d2522f1c172d?format=full_conversation&since=1637798331.7252574&environment=production HTTP/1.1" 200 324 "-" "-" 456 "rasa-production@docker" "http://172.22.0.5:5002" 135ms
162.158.122.6 - - [25/Nov/2021:00:00:23 +0000] "GET /api/conversations/bdc16b0064eb403e8de76167991eb286?format=full_conversation&since=1637798318.255578&environment=production HTTP/1.1" 200 324 "-" "-" 457 "rasa-production@docker" "http://172.22.0.5:5002" 135ms
172.70.54.82 - - [25/Nov/2021:00:00:24 +0000] "GET /api/conversations/c203d80a927747e3b016d2522f1c172d?format=full_conversation&since=1637798331.7252574&environment=production HTTP/1.1" 200 324 "-" "-" 458 "rasa-production@docker" "http://172.22.0.5:5002" 133ms
172.70.54.82 - - [25/Nov/2021:00:00:24 +0000] "GET /api/conversations/c203d80a927747e3b016d2522f1c172d?format=full_conversation&since=1637798331.7252574&environment=production HTTP/1.1" 200 324 "-" "-" 459 "rasa-production@docker" "http://172.22.0.5:5002" 162ms
162.158.122.6 - - [25/Nov/2021:00:00:25 +0000] "GET /api/conversations/bdc16b0064eb403e8de76167991eb286?format=full_conversation&since=1637798318.255578&environment=production HTTP/1.1" 200 324 "-" "-" 460 "rasa-production@docker" "http://172.22.0.5:5002" 133ms
172.70.54.82 - - [25/Nov/2021:00:00:25 +0000] "GET /api/conversations/c203d80a927747e3b016d2522f1c172d?format=full_conversation&since=1637798331.7252574&environment=production HTTP/1.1" 200 324 "-" "-" 461 "rasa-production@docker" "http://172.22.0.5:5002" 140ms
162.158.122.6 - - [25/Nov/2021:00:00:26 +0000] "GET /api/conversations/bdc16b0064eb403e8de76167991eb286?format=full_conversation&since=1637798318.255578&environment=production HTTP/1.1" 200 324 "-" "-" 462 "rasa-production@docker" "http://172.22.0.5:5002" 152ms
172.70.54.82 - - [25/Nov/2021:00:00:26 +0000] "GET /api/conversations/c203d80a927747e3b016d2522f1c172d?format=full_conversation&since=1637798331.7252574&environment=production HTTP/1.1" 200 324 "-" "-" 463 "rasa-production@docker" "http://172.22.0.5:5002" 135ms
162.158.122.6 - - [25/Nov/2021:00:00:27 +0000] "GET /api/conversations/bdc16b0064eb403e8de76167991eb286?format=full_conversation&since=1637798318.255578&environment=production HTTP/1.1" 200 324 "-" "-" 464 "rasa-production@docker" "http://172.22.0.5:5002" 135ms
172.70.54.82 - - [25/Nov/2021:00:00:27 +0000] "GET /api/conversations/c203d80a927747e3b016d2522f1c172d?format=full_conversation&since=1637798331.7252574&environment=production HTTP/1.1" 200 324 "-" "-" 465 "rasa-production@docker" "http://172.22.0.5:5002" 150ms
172.70.54.82 - - [25/Nov/2021:00:00:28 +0000] "GET /api/conversations/c203d80a927747e3b016d2522f1c172d?format=full_conversation&since=1637798331.7252574&environment=production HTTP/1.1" 200 324 "-" "-" 466 "rasa-production@docker" "http://172.22.0.5:5002" 151ms
162.158.122.6 - - [25/Nov/2021:00:00:28 +0000] "GET /api/conversations/bdc16b0064eb403e8de76167991eb286?format=full_conversation&since=1637798318.255578&environment=production HTTP/1.1" 200 324 "-" "-" 467 "rasa-production@docker" "http://172.22.0.5:5002" 149ms
172.70.54.82 - - [25/Nov/2021:00:00:29 +0000] "GET /api/conversations/c203d80a927747e3b016d2522f1c172d?format=full_conversation&since=1637798331.7252574&environment=production HTTP/1.1" 200 324 "-" "-" 468 "rasa-production@docker" "http://172.22.0.5:5002" 138ms
172.70.54.82 - - [25/Nov/2021:00:00:30 +0000] "GET /api/conversations/c203d80a927747e3b016d2522f1c172d?format=full_conversation&since=1637798331.7252574&environment=production HTTP/1.1" 200 324 "-" "-" 469 "rasa-production@docker" "http://172.22.0.5:5002" 139ms
