108.162.210.148 - - [24/Nov/2021:23:51:51 +0000] "GET /api/projects/default/git_repositories HTTP/1.1" 200 2 "-" "-" 18 "rasa-production@docker" "http://172.22.0.5:5002" 176ms
182.72.231.115 - - [24/Nov/2021:23:51:52 +0000] "GET /jenkins/login HTTP/1.1" 404 19 "-" "-" 37 "-" "-" 0ms
108.162.210.148 - - [24/Nov/2021:23:51:51 +0000] "GET /api/conversationActions HTTP/1.1" 200 2 "-" "-" 21 "rasa-production@docker" "http://172.22.0.5:5002" 711ms
108.162.210.148 - - [24/Nov/2021:23:51:51 +0000] "GET /api/conversations/slotNames HTTP/1.1" 200 2 "-" "-" 25 "rasa-production@docker" "http://172.22.0.5:5002" 722ms
182.72.231.115 - - [24/Nov/2021:23:51:52 +0000] "GET /manager/html HTTP/1.1" 404 19 "-" "-" 38 "-" "-" 0ms
108.162.210.148 - - [24/Nov/2021:23:51:51 +0000] "GET /api/conversationPolicies HTTP/1.1" 200 2 "-" "-" 26 "rasa-production@docker" "http://172.22.0.5:5002" 1101ms
108.162.210.148 - - [24/Nov/2021:23:51:52 +0000] "GET /api/projects/default/entities HTTP/1.1" 200 2 "-" "-" 30 "rasa-production@docker" "http://172.22.0.5:5002" 1058ms
108.162.210.148 - - [24/Nov/2021:23:51:51 +0000] "GET /api/projects/default/logs?q=&intent=&entity=&tags=&limit=1&offset=0 HTTP/1.1" 200 2 "-" "-" 28 "rasa-production@docker" "http://172.22.0.5:5002" 1096ms
108.162.210.148 - - [24/Nov/2021:23:51:51 +0000] "GET /api/data_tags HTTP/1.1" 200 2 "-" "-" 29 "rasa-production@docker" "http://172.22.0.5:5002" 1091ms
108.162.210.148 - - [24/Nov/2021:23:51:52 +0000] "POST /api/telemetry HTTP/1.1" 204 0 "-" "-" 31 "rasa-production@docker" "http://172.22.0.5:5002" 1054ms
108.162.210.148 - - [24/Nov/2021:23:51:51 +0000] "GET /api/conversationIntents HTTP/1.1" 200 2 "-" "-" 27 "rasa-production@docker" "http://172.22.0.5:5002" 1100ms
108.162.210.148 - - [24/Nov/2021:23:51:51 +0000] "GET /api/projects/default/intents?fields[example_hashes]=false&fields[suggestions]=false HTTP/1.1" 200 251 "-" "-" 23 "rasa-production@docker" "http://172.22.0.5:5002" 1203ms
108.162.210.148 - - [24/Nov/2021:23:51:51 +0000] "GET /api/conversationEntities HTTP/1.1" 200 2 "-" "-" 24 "rasa-production@docker" "http://172.22.0.5:5002" 1205ms
182.72.231.115 - - [24/Nov/2021:23:51:53 +0000] "GET /wp-login.php HTTP/1.1" 404 19 "-" "-" 40 "-" "-" 0ms
108.162.210.148 - - [24/Nov/2021:23:51:52 +0000] "GET /api/conversations/inputChannels HTTP/1.1" 200 2 "-" "-" 35 "rasa-production@docker" "http://172.22.0.5:5002" 1845ms
108.162.210.148 - - [24/Nov/2021:23:51:52 +0000] "GET /api/user HTTP/1.1" 200 3421 "-" "-" 36 "rasa-production@docker" "http://172.22.0.5:5002" 1838ms
108.162.210.148 - - [24/Nov/2021:23:51:52 +0000] "GET /api/conversations?limit=30&offset=0&minimumUserMessages=1&intent=&entity=&action=&policies=&slots=&input_channels=&tags_any=&interactive=true&exclude_self=false HTTP/1.1" 200 2 "-" "-" 34 "rasa-production@docker" "http://172.22.0.5:5002" 1861ms
182.72.231.115 - - [24/Nov/2021:23:51:54 +0000] "GET /?s=/Index/\think\app/invokefunction&function=call_user_func_array&vars[0]=md5&vars[1][]=cu3kkpvu HTTP/1.1" 404 19 "-" "-" 41 "-" "-" 0ms
108.162.210.148 - - [24/Nov/2021:23:51:53 +0000] "GET /api/data_tags HTTP/1.1" 200 2 "-" "-" 39 "rasa-production@docker" "http://172.22.0.5:5002" 797ms
108.162.210.148 - - [24/Nov/2021:23:51:51 +0000] "GET /api/version HTTP/1.1" 200 716 "-" "-" 22 "rasa-production@docker" "http://172.22.0.5:5002" 2261ms
108.162.210.148 - - [24/Nov/2021:23:51:52 +0000] "GET /api/features HTTP/1.1" 200 2 "-" "-" 33 "rasa-production@docker" "http://172.22.0.5:5002" 2286ms
182.72.231.115 - - [24/Nov/2021:23:51:54 +0000] "GET /users/sign_in HTTP/1.1" 404 19 "-" "-" 43 "-" "-" 0ms
108.162.210.148 - - [24/Nov/2021:23:51:54 +0000] "GET /api/version HTTP/1.1" 200 716 "-" "-" 42 "rasa-production@docker" "http://172.22.0.5:5002" 257ms
108.162.210.148 - - [24/Nov/2021:23:51:52 +0000] "GET /api/telemetry?include_user_groups=true HTTP/1.1" 200 88 "-" "-" 32 "rasa-production@docker" "http://172.22.0.5:5002" 3755ms
108.162.210.148 - - [24/Nov/2021:23:51:54 +0000] "GET /api/version HTTP/1.1" 200 716 "-" "-" 44 "rasa-production@docker" "http://172.22.0.5:5002" 1143ms
108.162.210.148 - - [24/Nov/2021:23:51:58 +0000] "POST /api/telemetry HTTP/1.1" 204 0 "-" "-" 45 "rasa-production@docker" "http://172.22.0.5:5002" 133ms
108.162.210.148 - - [24/Nov/2021:23:52:06 +0000] "POST /api/telemetry HTTP/1.1" 204 0 "-" "-" 48 "rasa-production@docker" "http://172.22.0.5:5002" 137ms
108.162.210.148 - - [24/Nov/2021:23:52:06 +0000] "GET /api/projects/default/training_examples?q=&intent=&limit=20&offset=0 HTTP/1.1" 200 2 "-" "-" 47 "rasa-production@docker" "http://172.22.0.5:5002" 191ms
108.162.210.148 - - [24/Nov/2021:23:52:06 +0000] "GET /api/projects/default/intents?fields[example_hashes]=false&fields[suggestions]=false HTTP/1.1" 200 251 "-" "-" 46 "rasa-production@docker" "http://172.22.0.5:5002" 206ms
108.162.210.148 - - [24/Nov/2021:23:52:06 +0000] "GET /api/projects/default/entities HTTP/1.1" 200 2 "-" "-" 50 "rasa-production@docker" "http://172.22.0.5:5002" 245ms
108.162.210.148 - - [24/Nov/2021:23:52:06 +0000] "GET /api/projects/default/synonyms?q=&reference=&mapped_value= HTTP/1.1" 200 2 "-" "-" 49 "rasa-production@docker" "http://172.22.0.5:5002" 290ms
108.162.210.148 - - [24/Nov/2021:23:52:06 +0000] "GET /api/projects/default/training_data_warnings HTTP/1.1" 200 83 "-" "-" 51 "rasa-production@docker" "http://172.22.0.5:5002" 465ms
108.162.210.148 - - [24/Nov/2021:23:52:16 +0000] "GET /api/projects/default/synonyms?q=&reference=&mapped_value= HTTP/1.1" 200 2 "-" "-" 54 "rasa-production@docker" "http://172.22.0.5:5002" 159ms
108.162.210.148 - - [24/Nov/2021:23:52:16 +0000] "GET /api/data_tags HTTP/1.1" 200 2 "-" "-" 55 "rasa-production@docker" "http://172.22.0.5:5002" 158ms
108.162.210.148 - - [24/Nov/2021:23:52:16 +0000] "GET /api/projects/default/intents?fields[example_hashes]=false&fields[suggestions]=false HTTP/1.1" 200 251 "-" "-" 52 "rasa-production@docker" "http://172.22.0.5:5002" 198ms
108.162.210.148 - - [24/Nov/2021:23:52:16 +0000] "GET /api/projects/default/entities HTTP/1.1" 200 2 "-" "-" 53 "rasa-production@docker" "http://172.22.0.5:5002" 243ms
108.162.210.148 - - [24/Nov/2021:23:52:16 +0000] "GET /api/projects/default/logs?q=&intent=&entity=&tags=&limit=50&offset=0&sort_by=time&sort_order=desc HTTP/1.1" 200 2 "-" "-" 56 "rasa-production@docker" "http://172.22.0.5:5002" 182ms
108.162.210.148 - - [24/Nov/2021:23:52:16 +0000] "GET /api/data_tags HTTP/1.1" 200 2 "-" "-" 57 "rasa-production@docker" "http://172.22.0.5:5002" 156ms
108.162.210.148 - - [24/Nov/2021:23:52:30 +0000] "POST /api/telemetry HTTP/1.1" 204 0 "-" "-" 59 "rasa-production@docker" "http://172.22.0.5:5002" 131ms
108.162.210.148 - - [24/Nov/2021:23:52:30 +0000] "GET /api/projects/default/training_data_warnings HTTP/1.1" 200 83 "-" "-" 58 "rasa-production@docker" "http://172.22.0.5:5002" 178ms
108.162.210.148 - - [24/Nov/2021:23:52:30 +0000] "GET /api/projects/default/entities HTTP/1.1" 200 2 "-" "-" 60 "rasa-production@docker" "http://172.22.0.5:5002" 241ms
108.162.210.148 - - [24/Nov/2021:23:52:31 +0000] "GET /api/projects/default/intents?fields[example_hashes]=false&fields[suggestions]=false HTTP/1.1" 200 251 "-" "-" 63 "rasa-production@docker" "http://172.22.0.5:5002" 272ms
108.162.210.148 - - [24/Nov/2021:23:52:30 +0000] "GET /api/projects/default/synonyms?q=&reference=&mapped_value= HTTP/1.1" 200 2 "-" "-" 61 "rasa-production@docker" "http://172.22.0.5:5002" 337ms
108.162.210.148 - - [24/Nov/2021:23:52:30 +0000] "GET /api/projects/default/training_examples?q=&intent=&limit=20&offset=0 HTTP/1.1" 200 2 "-" "-" 62 "rasa-production@docker" "http://172.22.0.5:5002" 336ms
108.162.210.186 - - [24/Nov/2021:23:52:39 +0000] "GET /static/media/nlu_training_placeholder.23524ae2.svg HTTP/1.1" 200 5226 "-" "-" 67 "rasa-production@docker" "http://172.22.0.5:5002" 5ms
108.162.210.148 - - [24/Nov/2021:23:52:39 +0000] "POST /api/telemetry HTTP/1.1" 204 0 "-" "-" 64 "rasa-production@docker" "http://172.22.0.5:5002" 135ms
108.162.210.148 - - [24/Nov/2021:23:52:39 +0000] "GET /api/projects/default/lookupTables HTTP/1.1" 200 2 "-" "-" 66 "rasa-production@docker" "http://172.22.0.5:5002" 159ms
108.162.210.148 - - [24/Nov/2021:23:52:39 +0000] "GET /api/projects/default/regexes?limit=1&offset=0 HTTP/1.1" 200 2 "-" "-" 65 "rasa-production@docker" "http://172.22.0.5:5002" 195ms
108.162.210.148 - - [24/Nov/2021:23:52:40 +0000] "POST /api/telemetry HTTP/1.1" 204 0 "-" "-" 69 "rasa-production@docker" "http://172.22.0.5:5002" 142ms
108.162.210.148 - - [24/Nov/2021:23:52:40 +0000] "GET /api/projects/default/synonyms?q=&reference=&mapped_value= HTTP/1.1" 200 2 "-" "-" 68 "rasa-production@docker" "http://172.22.0.5:5002" 163ms
108.162.210.148 - - [24/Nov/2021:23:52:40 +0000] "POST /api/telemetry HTTP/1.1" 204 0 "-" "-" 70 "rasa-production@docker" "http://172.22.0.5:5002" 143ms
108.162.210.148 - - [24/Nov/2021:23:52:40 +0000] "GET /api/projects/default/synonyms?q=&reference=&mapped_value= HTTP/1.1" 200 2 "-" "-" 72 "rasa-production@docker" "http://172.22.0.5:5002" 153ms
108.162.210.148 - - [24/Nov/2021:23:52:40 +0000] "GET /api/projects/default/training_examples?q=&intent=&limit=20&offset=0 HTTP/1.1" 200 2 "-" "-" 73 "rasa-production@docker" "http://172.22.0.5:5002" 184ms
108.162.210.148 - - [24/Nov/2021:23:52:40 +0000] "GET /api/projects/default/entities HTTP/1.1" 200 2 "-" "-" 71 "rasa-production@docker" "http://172.22.0.5:5002" 242ms
108.162.210.148 - - [24/Nov/2021:23:52:43 +0000] "GET /api/projects/default/logs/d41d8cd98f00b204e9800998ecf8427e HTTP/1.1" 404 176 "-" "-" 74 "rasa-production@docker" "http://172.22.0.5:5002" 157ms
108.162.210.148 - - [24/Nov/2021:23:52:43 +0000] "GET /api/projects/default/training_examples/d41d8cd98f00b204e9800998ecf8427e HTTP/1.1" 404 147 "-" "-" 75 "rasa-production@docker" "http://172.22.0.5:5002" 160ms
172.70.82.166 - - [24/Nov/2021:23:54:31 +0000] "GET /api/projects/default/logs/c1d9f50f86825a1a2302ec2449c17196 HTTP/1.1" 404 176 "-" "-" 76 "rasa-production@docker" "http://172.22.0.5:5002" 159ms
172.70.82.166 - - [24/Nov/2021:23:54:31 +0000] "GET /api/projects/default/training_examples/c1d9f50f86825a1a2302ec2449c17196 HTTP/1.1" 404 147 "-" "-" 77 "rasa-production@docker" "http://172.22.0.5:5002" 168ms
172.70.82.166 - - [24/Nov/2021:23:54:31 +0000] "GET /api/projects/default/logs/71aafd38484f3160708c6a6d2d5f736b HTTP/1.1" 404 176 "-" "-" 78 "rasa-production@docker" "http://172.22.0.5:5002" 160ms
172.70.82.166 - - [24/Nov/2021:23:54:31 +0000] "GET /api/projects/default/training_examples/71aafd38484f3160708c6a6d2d5f736b HTTP/1.1" 404 147 "-" "-" 79 "rasa-production@docker" "http://172.22.0.5:5002" 165ms
172.70.82.166 - - [24/Nov/2021:23:54:31 +0000] "GET /api/projects/default/logs/168838c9bfd55962b7182ba252c3fb14 HTTP/1.1" 404 176 "-" "-" 81 "rasa-production@docker" "http://172.22.0.5:5002" 162ms
172.70.82.166 - - [24/Nov/2021:23:54:31 +0000] "GET /api/projects/default/training_examples/168838c9bfd55962b7182ba252c3fb14 HTTP/1.1" 404 147 "-" "-" 80 "rasa-production@docker" "http://172.22.0.5:5002" 163ms
172.70.82.166 - - [24/Nov/2021:23:54:32 +0000] "GET /api/projects/default/logs/f688ae26e9cfa3ba6235477831d5122e HTTP/1.1" 404 176 "-" "-" 82 "rasa-production@docker" "http://172.22.0.5:5002" 161ms
172.70.82.166 - - [24/Nov/2021:23:54:32 +0000] "GET /api/projects/default/training_examples/f688ae26e9cfa3ba6235477831d5122e HTTP/1.1" 404 147 "-" "-" 83 "rasa-production@docker" "http://172.22.0.5:5002" 163ms
172.70.82.166 - - [24/Nov/2021:23:54:54 +0000] "GET /api/projects/default/logs/f688ae26e9cfa3ba6235477831d5122e HTTP/1.1" 404 176 "-" "-" 84 "rasa-production@docker" "http://172.22.0.5:5002" 155ms
172.70.82.166 - - [24/Nov/2021:23:54:54 +0000] "GET /api/projects/default/training_examples/f688ae26e9cfa3ba6235477831d5122e HTTP/1.1" 404 147 "-" "-" 85 "rasa-production@docker" "http://172.22.0.5:5002" 161ms
172.70.82.166 - - [24/Nov/2021:23:55:05 +0000] "GET /api/projects/default/logs/f688ae26e9cfa3ba6235477831d5122e HTTP/1.1" 404 176 "-" "-" 86 "rasa-production@docker" "http://172.22.0.5:5002" 155ms
172.70.82.166 - - [24/Nov/2021:23:55:05 +0000] "GET /api/projects/default/training_examples/f688ae26e9cfa3ba6235477831d5122e HTTP/1.1" 404 147 "-" "-" 87 "rasa-production@docker" "http://172.22.0.5:5002" 163ms
172.70.82.166 - - [24/Nov/2021:23:55:10 +0000] "GET /api/projects/default/logs/8277e0910d750195b448797616e091ad HTTP/1.1" 404 176 "-" "-" 88 "rasa-production@docker" "http://172.22.0.5:5002" 173ms
172.70.82.166 - - [24/Nov/2021:23:55:10 +0000] "GET /api/projects/default/training_examples/8277e0910d750195b448797616e091ad HTTP/1.1" 404 147 "-" "-" 89 "rasa-production@docker" "http://172.22.0.5:5002" 169ms
172.70.82.166 - - [24/Nov/2021:23:55:10 +0000] "GET /api/projects/default/logs/d4579b2688d675235f402f6b4b43bcbf HTTP/1.1" 404 176 "-" "-" 90 "rasa-production@docker" "http://172.22.0.5:5002" 179ms
172.70.82.166 - - [24/Nov/2021:23:55:10 +0000] "GET /api/projects/default/training_examples/d4579b2688d675235f402f6b4b43bcbf HTTP/1.1" 404 147 "-" "-" 91 "rasa-production@docker" "http://172.22.0.5:5002" 184ms
172.70.82.166 - - [24/Nov/2021:23:55:11 +0000] "GET /api/projects/default/logs/6a01bfa30172639e770a6aacb78a3ed4 HTTP/1.1" 404 176 "-" "-" 92 "rasa-production@docker" "http://172.22.0.5:5002" 161ms
172.70.82.166 - - [24/Nov/2021:23:55:11 +0000] "GET /api/projects/default/training_examples/6a01bfa30172639e770a6aacb78a3ed4 HTTP/1.1" 404 147 "-" "-" 93 "rasa-production@docker" "http://172.22.0.5:5002" 177ms
172.70.82.166 - - [24/Nov/2021:23:55:11 +0000] "GET /api/projects/default/training_examples/f3ea5a852d44649be63af719dfa0b64e HTTP/1.1" 404 147 "-" "-" 94 "rasa-production@docker" "http://172.22.0.5:5002" 187ms
172.70.82.166 - - [24/Nov/2021:23:55:11 +0000] "GET /api/projects/default/logs/f3ea5a852d44649be63af719dfa0b64e HTTP/1.1" 404 176 "-" "-" 95 "rasa-production@docker" "http://172.22.0.5:5002" 173ms
172.70.82.166 - - [24/Nov/2021:23:55:11 +0000] "GET /api/projects/default/logs/a93bda156370e30bbcf7c21e85b03aba HTTP/1.1" 404 176 "-" "-" 96 "rasa-production@docker" "http://172.22.0.5:5002" 152ms
172.70.82.166 - - [24/Nov/2021:23:55:11 +0000] "GET /api/projects/default/training_examples/a93bda156370e30bbcf7c21e85b03aba HTTP/1.1" 404 147 "-" "-" 97 "rasa-production@docker" "http://172.22.0.5:5002" 163ms
172.70.82.166 - - [24/Nov/2021:23:55:11 +0000] "GET /api/projects/default/logs/4610281041f32c294b26ccb673ccafa7 HTTP/1.1" 404 176 "-" "-" 98 "rasa-production@docker" "http://172.22.0.5:5002" 154ms
172.70.82.166 - - [24/Nov/2021:23:55:11 +0000] "GET /api/projects/default/training_examples/4610281041f32c294b26ccb673ccafa7 HTTP/1.1" 404 147 "-" "-" 99 "rasa-production@docker" "http://172.22.0.5:5002" 158ms
172.70.82.166 - - [24/Nov/2021:23:55:11 +0000] "GET /api/projects/default/logs/7d55461048da5ad341b3ccc9cd6741cc HTTP/1.1" 404 176 "-" "-" 100 "rasa-production@docker" "http://172.22.0.5:5002" 158ms
172.70.82.166 - - [24/Nov/2021:23:55:11 +0000] "GET /api/projects/default/training_examples/7d55461048da5ad341b3ccc9cd6741cc HTTP/1.1" 404 147 "-" "-" 101 "rasa-production@docker" "http://172.22.0.5:5002" 159ms
172.70.82.166 - - [24/Nov/2021:23:55:11 +0000] "GET /api/projects/default/training_examples/de4a84db44f98426c8786f50b1f30033 HTTP/1.1" 404 147 "-" "-" 103 "rasa-production@docker" "http://172.22.0.5:5002" 154ms
172.70.82.166 - - [24/Nov/2021:23:55:11 +0000] "GET /api/projects/default/logs/de4a84db44f98426c8786f50b1f30033 HTTP/1.1" 404 176 "-" "-" 102 "rasa-production@docker" "http://172.22.0.5:5002" 158ms
172.70.82.166 - - [24/Nov/2021:23:55:14 +0000] "GET /api/projects/default/logs/e35546ea66fc67e229beb31e2ed57d12 HTTP/1.1" 404 176 "-" "-" 104 "rasa-production@docker" "http://172.22.0.5:5002" 156ms
172.70.82.166 - - [24/Nov/2021:23:55:14 +0000] "GET /api/projects/default/training_examples/e35546ea66fc67e229beb31e2ed57d12 HTTP/1.1" 404 147 "-" "-" 105 "rasa-production@docker" "http://172.22.0.5:5002" 157ms
172.70.82.166 - - [24/Nov/2021:23:55:14 +0000] "GET /api/projects/default/training_examples/825a8a5f748df3a29fa5caf8fbf1a972 HTTP/1.1" 404 147 "-" "-" 106 "rasa-production@docker" "http://172.22.0.5:5002" 158ms
172.70.82.166 - - [24/Nov/2021:23:55:14 +0000] "GET /api/projects/default/logs/825a8a5f748df3a29fa5caf8fbf1a972 HTTP/1.1" 404 176 "-" "-" 107 "rasa-production@docker" "http://172.22.0.5:5002" 156ms
172.70.82.166 - - [24/Nov/2021:23:55:15 +0000] "GET /api/projects/default/logs/7697c8a90b0376f3997b4694a27ee767 HTTP/1.1" 404 176 "-" "-" 109 "rasa-production@docker" "http://172.22.0.5:5002" 157ms
172.70.82.166 - - [24/Nov/2021:23:55:15 +0000] "GET /api/projects/default/training_examples/7697c8a90b0376f3997b4694a27ee767 HTTP/1.1" 404 147 "-" "-" 108 "rasa-production@docker" "http://172.22.0.5:5002" 161ms
172.70.82.166 - - [24/Nov/2021:23:55:15 +0000] "GET /api/projects/default/logs/4ada14fa764a02c56bb2c6b1fd4dd6fb HTTP/1.1" 404 176 "-" "-" 110 "rasa-production@docker" "http://172.22.0.5:5002" 158ms
172.70.82.166 - - [24/Nov/2021:23:55:15 +0000] "GET /api/projects/default/training_examples/4ada14fa764a02c56bb2c6b1fd4dd6fb HTTP/1.1" 404 147 "-" "-" 111 "rasa-production@docker" "http://172.22.0.5:5002" 158ms
172.70.82.166 - - [24/Nov/2021:23:55:15 +0000] "GET /api/projects/default/training_examples/57124cd2e3a5472af9a079a1b1eef16d HTTP/1.1" 404 147 "-" "-" 112 "rasa-production@docker" "http://172.22.0.5:5002" 167ms
172.70.82.166 - - [24/Nov/2021:23:55:15 +0000] "GET /api/projects/default/logs/57124cd2e3a5472af9a079a1b1eef16d HTTP/1.1" 404 176 "-" "-" 113 "rasa-production@docker" "http://172.22.0.5:5002" 167ms
172.70.82.166 - - [24/Nov/2021:23:55:15 +0000] "GET /api/projects/default/logs/bd3436ad58b66f89abcb02190910561f HTTP/1.1" 404 176 "-" "-" 114 "rasa-production@docker" "http://172.22.0.5:5002" 175ms
172.70.82.166 - - [24/Nov/2021:23:55:15 +0000] "GET /api/projects/default/training_examples/bd3436ad58b66f89abcb02190910561f HTTP/1.1" 404 147 "-" "-" 115 "rasa-production@docker" "http://172.22.0.5:5002" 171ms
172.70.82.166 - - [24/Nov/2021:23:55:17 +0000] "GET /api/projects/default/logs/d41d8cd98f00b204e9800998ecf8427e HTTP/1.1" 404 176 "-" "-" 118 "rasa-production@docker" "http://172.22.0.5:5002" 160ms
172.70.82.166 - - [24/Nov/2021:23:55:17 +0000] "GET /api/projects/default/training_examples/d41d8cd98f00b204e9800998ecf8427e HTTP/1.1" 404 147 "-" "-" 117 "rasa-production@docker" "http://172.22.0.5:5002" 166ms
172.70.82.166 - - [24/Nov/2021:23:55:17 +0000] "POST /api/projects/default/training_examples HTTP/1.1" 200 168 "-" "-" 116 "rasa-production@docker" "http://172.22.0.5:5002" 563ms
172.70.82.166 - - [24/Nov/2021:23:55:18 +0000] "PUT /api/users/me HTTP/1.1" 204 0 "-" "-" 119 "rasa-production@docker" "http://172.22.0.5:5002" 267ms
172.70.82.166 - - [24/Nov/2021:23:55:18 +0000] "GET /api/projects/default/logs/d41d8cd98f00b204e9800998ecf8427e HTTP/1.1" 404 176 "-" "-" 120 "rasa-production@docker" "http://172.22.0.5:5002" 155ms
172.70.82.166 - - [24/Nov/2021:23:55:18 +0000] "GET /api/projects/default/training_examples/d41d8cd98f00b204e9800998ecf8427e HTTP/1.1" 404 147 "-" "-" 121 "rasa-production@docker" "http://172.22.0.5:5002" 161ms
172.70.82.166 - - [24/Nov/2021:23:55:18 +0000] "GET /api/projects/default/entities HTTP/1.1" 200 2 "-" "-" 122 "rasa-production@docker" "http://172.22.0.5:5002" 247ms
172.70.82.166 - - [24/Nov/2021:23:55:19 +0000] "GET /api/projects/default/training_examples/d41d8cd98f00b204e9800998ecf8427e HTTP/1.1" 404 147 "-" "-" 124 "rasa-production@docker" "http://172.22.0.5:5002" 165ms
172.70.82.166 - - [24/Nov/2021:23:55:19 +0000] "GET /api/projects/default/logs/d41d8cd98f00b204e9800998ecf8427e HTTP/1.1" 404 176 "-" "-" 123 "rasa-production@docker" "http://172.22.0.5:5002" 170ms
172.70.82.166 - - [24/Nov/2021:23:55:19 +0000] "GET /api/projects/default/logs/d41d8cd98f00b204e9800998ecf8427e HTTP/1.1" 404 176 "-" "-" 125 "rasa-production@docker" "http://172.22.0.5:5002" 156ms
172.70.82.166 - - [24/Nov/2021:23:55:19 +0000] "GET /api/projects/default/training_examples/d41d8cd98f00b204e9800998ecf8427e HTTP/1.1" 404 147 "-" "-" 126 "rasa-production@docker" "http://172.22.0.5:5002" 156ms
172.70.82.166 - - [24/Nov/2021:23:55:19 +0000] "GET /api/projects/default/logs/d41d8cd98f00b204e9800998ecf8427e HTTP/1.1" 404 176 "-" "-" 127 "rasa-production@docker" "http://172.22.0.5:5002" 153ms
172.70.82.166 - - [24/Nov/2021:23:55:19 +0000] "GET /api/projects/default/training_examples/d41d8cd98f00b204e9800998ecf8427e HTTP/1.1" 404 147 "-" "-" 128 "rasa-production@docker" "http://172.22.0.5:5002" 157ms
172.70.82.166 - - [24/Nov/2021:23:55:20 +0000] "GET /api/projects/default/logs/d41d8cd98f00b204e9800998ecf8427e HTTP/1.1" 404 176 "-" "-" 129 "rasa-production@docker" "http://172.22.0.5:5002" 155ms
172.70.82.166 - - [24/Nov/2021:23:55:20 +0000] "GET /api/projects/default/training_examples/d41d8cd98f00b204e9800998ecf8427e HTTP/1.1" 404 147 "-" "-" 130 "rasa-production@docker" "http://172.22.0.5:5002" 158ms
172.70.82.166 - - [24/Nov/2021:23:55:23 +0000] "POST /api/telemetry HTTP/1.1" 204 0 "-" "-" 131 "rasa-production@docker" "http://172.22.0.5:5002" 135ms
172.70.82.166 - - [24/Nov/2021:23:55:23 +0000] "GET /api/projects/default/logs/d41d8cd98f00b204e9800998ecf8427e HTTP/1.1" 404 176 "-" "-" 132 "rasa-production@docker" "http://172.22.0.5:5002" 155ms
172.70.82.166 - - [24/Nov/2021:23:55:23 +0000] "GET /api/projects/default/training_examples/d41d8cd98f00b204e9800998ecf8427e HTTP/1.1" 404 147 "-" "-" 133 "rasa-production@docker" "http://172.22.0.5:5002" 160ms
172.70.82.166 - - [24/Nov/2021:23:55:23 +0000] "GET /api/projects/default/training_examples/d41d8cd98f00b204e9800998ecf8427e HTTP/1.1" 404 147 "-" "-" 134 "rasa-production@docker" "http://172.22.0.5:5002" 158ms
172.70.82.166 - - [24/Nov/2021:23:55:23 +0000] "GET /api/projects/default/logs/d41d8cd98f00b204e9800998ecf8427e HTTP/1.1" 404 176 "-" "-" 135 "rasa-production@docker" "http://172.22.0.5:5002" 155ms
172.70.82.122 - - [24/Nov/2021:23:55:54 +0000] "GET /api/projects/default/logs/d41d8cd98f00b204e9800998ecf8427e HTTP/1.1" 404 176 "-" "-" 137 "rasa-production@docker" "http://172.22.0.5:5002" 156ms
172.70.82.122 - - [24/Nov/2021:23:55:54 +0000] "GET /api/projects/default/training_examples/d41d8cd98f00b204e9800998ecf8427e HTTP/1.1" 404 147 "-" "-" 138 "rasa-production@docker" "http://172.22.0.5:5002" 159ms
172.70.82.122 - - [24/Nov/2021:23:55:54 +0000] "GET /api/projects/default/git_repositories/public_ssh_key HTTP/1.1" 200 406 "-" "-" 136 "rasa-production@docker" "http://172.22.0.5:5002" 208ms
172.70.82.122 - - [24/Nov/2021:23:55:54 +0000] "GET /api/projects/default/logs/d41d8cd98f00b204e9800998ecf8427e HTTP/1.1" 404 176 "-" "-" 139 "rasa-production@docker" "http://172.22.0.5:5002" 152ms
172.70.82.122 - - [24/Nov/2021:23:55:54 +0000] "GET /api/projects/default/training_examples/d41d8cd98f00b204e9800998ecf8427e HTTP/1.1" 404 147 "-" "-" 140 "rasa-production@docker" "http://172.22.0.5:5002" 155ms
172.70.82.210 - - [24/Nov/2021:23:55:54 +0000] "GET /static/media/ibm-plex-mono-v4-latin-regular.c708fd4f.woff2 HTTP/1.1" 200 13652 "-" "-" 141 "rasa-production@docker" "http://172.22.0.5:5002" 4ms
172.70.82.122 - - [24/Nov/2021:23:56:08 +0000] "GET /api/data_tags HTTP/1.1" 200 2 "-" "-" 142 "rasa-production@docker" "http://172.22.0.5:5002" 153ms
172.70.82.122 - - [24/Nov/2021:23:56:08 +0000] "GET /api/conversationEntities HTTP/1.1" 200 2 "-" "-" 144 "rasa-production@docker" "http://172.22.0.5:5002" 154ms
172.70.82.122 - - [24/Nov/2021:23:56:08 +0000] "GET /api/projects/default/intents?fields[example_hashes]=false&fields[suggestions]=false HTTP/1.1" 200 251 "-" "-" 143 "rasa-production@docker" "http://172.22.0.5:5002" 199ms
172.70.82.122 - - [24/Nov/2021:23:56:08 +0000] "GET /api/conversationActions HTTP/1.1" 200 2 "-" "-" 145 "rasa-production@docker" "http://172.22.0.5:5002" 306ms
172.70.82.122 - - [24/Nov/2021:23:56:08 +0000] "GET /api/conversationIntents HTTP/1.1" 200 2 "-" "-" 146 "rasa-production@docker" "http://172.22.0.5:5002" 305ms
172.70.82.122 - - [24/Nov/2021:23:56:08 +0000] "GET /api/data_tags HTTP/1.1" 200 2 "-" "-" 153 "rasa-production@docker" "http://172.22.0.5:5002" 154ms
172.70.82.122 - - [24/Nov/2021:23:56:08 +0000] "GET /api/conversations/inputChannels HTTP/1.1" 200 2 "-" "-" 149 "rasa-production@docker" "http://172.22.0.5:5002" 1115ms
172.70.82.122 - - [24/Nov/2021:23:56:08 +0000] "GET /api/conversationPolicies HTTP/1.1" 200 2 "-" "-" 147 "rasa-production@docker" "http://172.22.0.5:5002" 1119ms
172.70.82.122 - - [24/Nov/2021:23:56:08 +0000] "GET /api/conversations/slotNames HTTP/1.1" 200 2 "-" "-" 148 "rasa-production@docker" "http://172.22.0.5:5002" 1117ms
172.70.82.122 - - [24/Nov/2021:23:56:08 +0000] "GET /api/projects/default/entities HTTP/1.1" 200 2 "-" "-" 150 "rasa-production@docker" "http://172.22.0.5:5002" 1109ms
172.70.82.122 - - [24/Nov/2021:23:56:08 +0000] "GET /api/conversations?limit=30&offset=0&minimumUserMessages=1&intent=&entity=&action=&policies=&slots=&input_channels=&tags_any=&interactive=true&exclude_self=false HTTP/1.1" 200 2 "-" "-" 151 "rasa-production@docker" "http://172.22.0.5:5002" 1084ms
172.70.82.122 - - [24/Nov/2021:23:56:08 +0000] "POST /api/telemetry HTTP/1.1" 204 0 "-" "-" 152 "rasa-production@docker" "http://172.22.0.5:5002" 1184ms
172.70.82.122 - - [24/Nov/2021:23:56:13 +0000] "GET /api/projects/default/intents?fields[example_hashes]=false&fields[suggestions]=false HTTP/1.1" 200 251 "-" "-" 154 "rasa-production@docker" "http://172.22.0.5:5002" 194ms
172.70.82.122 - - [24/Nov/2021:23:56:13 +0000] "POST /api/telemetry HTTP/1.1" 204 0 "-" "-" 155 "rasa-production@docker" "http://172.22.0.5:5002" 1246ms
172.70.82.122 - - [24/Nov/2021:23:56:13 +0000] "GET /api/projects/default/entities HTTP/1.1" 200 2 "-" "-" 158 "rasa-production@docker" "http://172.22.0.5:5002" 1230ms
172.70.82.2 - - [24/Nov/2021:23:56:13 +0000] "GET /static/media/models_placeholder.00beeda6.svg HTTP/1.1" 200 11422 "-" "-" 159 "rasa-production@docker" "http://172.22.0.5:5002" 1179ms
172.70.82.122 - - [24/Nov/2021:23:56:13 +0000] "GET /api/projects/default/models?limit=1&offset=0&tag=production HTTP/1.1" 200 2 "-" "-" 157 "rasa-production@docker" "http://172.22.0.5:5002" 1478ms
172.70.82.122 - - [24/Nov/2021:23:56:13 +0000] "POST /api/conversations HTTP/1.1" 201 768 "-" "-" 156 "rasa-production@docker" "http://172.22.0.5:5002" 1871ms
172.70.82.122 - - [24/Nov/2021:23:56:15 +0000] "GET /api/conversations/ec0580766a8942d2a88983b3cd3c75f2?test_story=false HTTP/1.1" 200 105 "-" "-" 160 "rasa-production@docker" "http://172.22.0.5:5002" 272ms
172.70.82.122 - - [24/Nov/2021:23:56:15 +0000] "GET /api/conversations/ec0580766a8942d2a88983b3cd3c75f2?format=full_conversation&since=1637798174.9706428&environment=production HTTP/1.1" 200 324 "-" "-" 161 "rasa-production@docker" "http://172.22.0.5:5002" 532ms
172.70.82.122 - - [24/Nov/2021:23:56:16 +0000] "GET /api/conversations/ec0580766a8942d2a88983b3cd3c75f2?test_story=true HTTP/1.1" 200 105 "-" "-" 162 "rasa-production@docker" "http://172.22.0.5:5002" 579ms
172.70.82.122 - - [24/Nov/2021:23:56:16 +0000] "GET /api/conversations/ec0580766a8942d2a88983b3cd3c75f2?test_story=false HTTP/1.1" 200 105 "-" "-" 163 "rasa-production@docker" "http://172.22.0.5:5002" 575ms
172.70.82.122 - - [24/Nov/2021:23:56:16 +0000] "GET /api/conversations/ec0580766a8942d2a88983b3cd3c75f2?test_story=true HTTP/1.1" 200 105 "-" "-" 164 "rasa-production@docker" "http://172.22.0.5:5002" 248ms
172.70.82.122 - - [24/Nov/2021:23:56:17 +0000] "POST /api/telemetry HTTP/1.1" 204 0 "-" "-" 166 "rasa-production@docker" "http://172.22.0.5:5002" 636ms
172.70.82.122 - - [24/Nov/2021:23:56:17 +0000] "GET /api/environments HTTP/1.1" 200 202 "-" "-" 165 "rasa-production@docker" "http://172.22.0.5:5002" 638ms
172.70.82.122 - - [24/Nov/2021:23:56:17 +0000] "GET /api/projects/default/models?limit=1&offset=0 HTTP/1.1" 200 223 "-" "-" 167 "rasa-production@docker" "http://172.22.0.5:5002" 682ms
172.70.82.122 - - [24/Nov/2021:23:56:17 +0000] "GET /api/health HTTP/1.1" 200 308 "-" "-" 168 "rasa-production@docker" "http://172.22.0.5:5002" 1308ms
108.162.210.214 - - [24/Nov/2021:23:57:02 +0000] "PUT /api/projects/default/models/20211124-195148/tags/production HTTP/1.1" 204 0 "-" "-" 169 "rasa-production@docker" "http://172.22.0.5:5002" 368ms
108.162.210.214 - - [24/Nov/2021:23:57:03 +0000] "PUT /api/users/me HTTP/1.1" 204 0 "-" "-" 170 "rasa-production@docker" "http://172.22.0.5:5002" 266ms
108.162.210.214 - - [24/Nov/2021:23:57:07 +0000] "POST /api/telemetry HTTP/1.1" 204 0 "-" "-" 171 "rasa-production@docker" "http://172.22.0.5:5002" 141ms
172.70.54.82 - - [24/Nov/2021:23:57:51 +0000] "PUT /api/chatToken HTTP/1.1" 200 113 "-" "-" 172 "rasa-production@docker" "http://172.22.0.5:5002" 202ms
172.70.134.108 - - [24/Nov/2021:23:58:00 +0000] "GET /guest/conversations/production/d079296ea55545b0a6090bc21a6aeef1 HTTP/1.1" 200 3283 "-" "-" 173 "rasa-production@docker" "http://172.22.0.5:5002" 18ms
172.68.65.86 - - [24/Nov/2021:23:58:01 +0000] "GET /icons/apple-touch-icon-57x57.png HTTP/1.1" 200 2614 "-" "-" 174 "rasa-production@docker" "http://172.22.0.5:5002" 6ms
172.70.82.122 - - [24/Nov/2021:23:58:15 +0000] "GET /guest/conversations/production/d079296ea55545b0a6090bc21a6aeef1 HTTP/1.1" 200 3283 "-" "-" 175 "rasa-production@docker" "http://172.22.0.5:5002" 5ms
172.70.82.224 - - [24/Nov/2021:23:58:15 +0000] "GET /static/css/2.76114161.chunk.css HTTP/1.1" 200 10858 "-" "-" 176 "rasa-production@docker" "http://172.22.0.5:5002" 5ms
172.70.82.66 - - [24/Nov/2021:23:58:15 +0000] "GET /static/css/main.7023b552.chunk.css HTTP/1.1" 200 1120 "-" "-" 179 "rasa-production@docker" "http://172.22.0.5:5002" 9ms
172.70.82.2 - - [24/Nov/2021:23:58:15 +0000] "GET /static/js/main.cce1761c.chunk.js HTTP/1.1" 200 753993 "-" "-" 177 "rasa-production@docker" "http://172.22.0.5:5002" 338ms
172.70.82.20 - - [24/Nov/2021:23:58:15 +0000] "GET /static/js/2.aedc6ab5.chunk.js HTTP/1.1" 200 2787705 "-" "-" 178 "rasa-production@docker" "http://172.22.0.5:5002" 508ms
172.70.54.82 - - [24/Nov/2021:23:58:17 +0000] "POST /api/auth/jwt HTTP/1.1" 200 1056 "-" "-" 180 "rasa-production@docker" "http://172.22.0.5:5002" 96ms
172.70.54.76 - - [24/Nov/2021:23:58:17 +0000] "GET /icons/favicon.ico HTTP/1.1" 200 6518 "-" "-" 181 "rasa-production@docker" "http://172.22.0.5:5002" 5ms
172.70.54.82 - - [24/Nov/2021:23:58:17 +0000] "GET /api/chatToken HTTP/1.1" 200 113 "-" "-" 182 "rasa-production@docker" "http://172.22.0.5:5002" 88ms
172.70.54.90 - - [24/Nov/2021:23:58:17 +0000] "GET /static/media/lato-v14-latin-regular.cd7c0812.woff2 HTTP/1.1" 200 23316 "-" "-" 184 "rasa-production@docker" "http://172.22.0.5:5002" 4ms
172.70.54.60 - - [24/Nov/2021:23:58:17 +0000] "GET /static/media/rasa_horizontal_logo.187bf9a3.svg HTTP/1.1" 200 848 "-" "-" 186 "rasa-production@docker" "http://172.22.0.5:5002" 4ms
172.70.54.82 - - [24/Nov/2021:23:58:17 +0000] "GET /api/conversations/c203d80a927747e3b016d2522f1c172d?format=full_conversation HTTP/1.1" 404 194 "-" "-" 185 "rasa-production@docker" "http://172.22.0.5:5002" 137ms
172.70.54.82 - - [24/Nov/2021:23:58:17 +0000] "GET /api/conversations/c203d80a927747e3b016d2522f1c172d?format=full_conversation&since=0&environment=production HTTP/1.1" 404 194 "-" "-" 187 "rasa-production@docker" "http://172.22.0.5:5002" 137ms
172.70.54.94 - - [24/Nov/2021:23:58:17 +0000] "GET /static/media/lato-v14-latin-700.5c6a5a3a.woff2 HTTP/1.1" 200 22820 "-" "-" 188 "rasa-production@docker" "http://172.22.0.5:5002" 4ms
172.70.54.82 - - [24/Nov/2021:23:58:20 +0000] "GET /api/conversations/c203d80a927747e3b016d2522f1c172d?format=full_conversation&since=0&environment=production HTTP/1.1" 404 194 "-" "-" 189 "rasa-production@docker" "http://172.22.0.5:5002" 132ms
172.70.54.82 - - [24/Nov/2021:23:58:23 +0000] "POST /api/conversations/c203d80a927747e3b016d2522f1c172d/messages?environment=production HTTP/1.1" 200 2 "-" "-" 190 "rasa-production@docker" "http://172.22.0.5:5002" 657ms
172.70.54.82 - - [24/Nov/2021:23:58:24 +0000] "GET /api/conversations/c203d80a927747e3b016d2522f1c172d?format=full_conversation&since=0&environment=production HTTP/1.1" 404 194 "-" "-" 191 "rasa-production@docker" "http://172.22.0.5:5002" 139ms
172.70.83.7 - - [24/Nov/2021:23:58:24 +0000] "PUT /api/users/me HTTP/1.1" 204 0 "-" "-" 192 "rasa-production@docker" "http://172.22.0.5:5002" 266ms
172.70.54.82 - - [24/Nov/2021:23:58:24 +0000] "GET /api/conversations/c203d80a927747e3b016d2522f1c172d?format=full_conversation&since=0&environment=production HTTP/1.1" 200 944 "-" "-" 193 "rasa-production@docker" "http://172.22.0.5:5002" 119ms
172.70.83.7 - - [24/Nov/2021:23:58:27 +0000] "POST /api/telemetry HTTP/1.1" 204 0 "-" "-" 194 "rasa-production@docker" "http://172.22.0.5:5002" 134ms
172.70.54.82 - - [24/Nov/2021:23:58:28 +0000] "GET /api/conversations/c203d80a927747e3b016d2522f1c172d?format=full_conversation&since=1637798304.0376282&environment=production HTTP/1.1" 200 843 "-" "-" 195 "rasa-production@docker" "http://172.22.0.5:5002" 114ms
172.70.54.82 - - [24/Nov/2021:23:58:29 +0000] "GET /api/conversations/c203d80a927747e3b016d2522f1c172d?format=full_conversation&since=1637798304.0388446&environment=production HTTP/1.1" 200 324 "-" "-" 196 "rasa-production@docker" "http://172.22.0.5:5002" 138ms
172.70.54.82 - - [24/Nov/2021:23:58:29 +0000] "GET /api/conversations/c203d80a927747e3b016d2522f1c172d?format=full_conversation&since=1637798304.0388446&environment=production HTTP/1.1" 200 324 "-" "-" 197 "rasa-production@docker" "http://172.22.0.5:5002" 156ms
172.70.54.82 - - [24/Nov/2021:23:58:30 +0000] "GET /api/conversations/c203d80a927747e3b016d2522f1c172d?format=full_conversation&since=1637798304.0388446&environment=production HTTP/1.1" 200 324 "-" "-" 198 "rasa-production@docker" "http://172.22.0.5:5002" 138ms
172.70.54.2 - - [24/Nov/2021:23:58:31 +0000] "GET /guest/conversations/production/d079296ea55545b0a6090bc21a6aeef1 HTTP/1.1" 200 3283 "-" "-" 199 "rasa-production@docker" "http://172.22.0.5:5002" 3ms
172.70.54.60 - - [24/Nov/2021:23:58:31 +0000] "GET /static/css/2.76114161.chunk.css HTTP/1.1" 200 10858 "-" "-" 201 "rasa-production@docker" "http://172.22.0.5:5002" 5ms
172.70.54.78 - - [24/Nov/2021:23:58:31 +0000] "GET /static/css/main.7023b552.chunk.css HTTP/1.1" 200 1120 "-" "-" 202 "rasa-production@docker" "http://172.22.0.5:5002" 4ms
172.70.54.82 - - [24/Nov/2021:23:58:31 +0000] "GET /api/conversations/c203d80a927747e3b016d2522f1c172d?format=full_conversation&since=1637798304.0388446&environment=production HTTP/1.1" 200 324 "-" "-" 200 "rasa-production@docker" "http://172.22.0.5:5002" 152ms
172.70.54.42 - - [24/Nov/2021:23:58:31 +0000] "GET /static/js/main.cce1761c.chunk.js HTTP/1.1" 200 753993 "-" "-" 204 "rasa-production@docker" "http://172.22.0.5:5002" 344ms
172.70.54.64 - - [24/Nov/2021:23:58:31 +0000] "GET /static/js/2.aedc6ab5.chunk.js HTTP/1.1" 200 2787705 "-" "-" 203 "rasa-production@docker" "http://172.22.0.5:5002" 520ms
172.70.54.82 - - [24/Nov/2021:23:58:32 +0000] "GET /api/conversations/c203d80a927747e3b016d2522f1c172d?format=full_conversation&since=1637798304.0388446&environment=production HTTP/1.1" 200 324 "-" "-" 205 "rasa-production@docker" "http://172.22.0.5:5002" 136ms
162.158.122.6 - - [24/Nov/2021:23:58:33 +0000] "POST /api/auth/jwt HTTP/1.1" 200 1056 "-" "-" 206 "rasa-production@docker" "http://172.22.0.5:5002" 93ms
172.70.54.82 - - [24/Nov/2021:23:58:33 +0000] "GET /api/conversations/c203d80a927747e3b016d2522f1c172d?format=full_conversation&since=1637798304.0388446&environment=production HTTP/1.1" 200 324 "-" "-" 207 "rasa-production@docker" "http://172.22.0.5:5002" 133ms
108.162.210.194 - - [24/Nov/2021:23:58:33 +0000] "GET /static/media/rasa_horizontal_logo.187bf9a3.svg HTTP/1.1" 200 848 "-" "-" 211 "rasa-production@docker" "http://172.22.0.5:5002" 7ms
162.158.122.6 - - [24/Nov/2021:23:58:33 +0000] "GET /api/chatToken HTTP/1.1" 200 113 "-" "-" 209 "rasa-production@docker" "http://172.22.0.5:5002" 105ms
162.158.122.6 - - [24/Nov/2021:23:58:33 +0000] "GET /api/conversations/bdc16b0064eb403e8de76167991eb286?format=full_conversation HTTP/1.1" 404 194 "-" "-" 210 "rasa-production@docker" "http://172.22.0.5:5002" 135ms
162.158.122.6 - - [24/Nov/2021:23:58:33 +0000] "GET /api/conversations/bdc16b0064eb403e8de76167991eb286?format=full_conversation&since=0&environment=production HTTP/1.1" 404 194 "-" "-" 212 "rasa-production@docker" "http://172.22.0.5:5002" 141ms
172.70.54.82 - - [24/Nov/2021:23:58:34 +0000] "GET /api/conversations/c203d80a927747e3b016d2522f1c172d?format=full_conversation&since=1637798304.0388446&environment=production HTTP/1.1" 200 324 "-" "-" 213 "rasa-production@docker" "http://172.22.0.5:5002" 134ms
172.70.54.82 - - [24/Nov/2021:23:58:34 +0000] "GET /api/conversations/c203d80a927747e3b016d2522f1c172d?format=full_conversation&since=1637798304.0388446&environment=production HTTP/1.1" 200 324 "-" "-" 214 "rasa-production@docker" "http://172.22.0.5:5002" 133ms
172.70.54.82 - - [24/Nov/2021:23:58:35 +0000] "GET /api/conversations/c203d80a927747e3b016d2522f1c172d?format=full_conversation&since=1637798304.0388446&environment=production HTTP/1.1" 200 324 "-" "-" 215 "rasa-production@docker" "http://172.22.0.5:5002" 159ms
172.70.54.82 - - [24/Nov/2021:23:58:36 +0000] "GET /api/conversations/c203d80a927747e3b016d2522f1c172d?format=full_conversation&since=1637798304.0388446&environment=production HTTP/1.1" 200 324 "-" "-" 216 "rasa-production@docker" "http://172.22.0.5:5002" 133ms
162.158.122.6 - - [24/Nov/2021:23:58:36 +0000] "GET /api/conversations/bdc16b0064eb403e8de76167991eb286?format=full_conversation&since=0&environment=production HTTP/1.1" 404 194 "-" "-" 217 "rasa-production@docker" "http://172.22.0.5:5002" 157ms
172.70.54.82 - - [24/Nov/2021:23:58:37 +0000] "GET /api/conversations/c203d80a927747e3b016d2522f1c172d?format=full_conversation&since=1637798304.0388446&environment=production HTTP/1.1" 200 324 "-" "-" 218 "rasa-production@docker" "http://172.22.0.5:5002" 135ms
172.70.54.82 - - [24/Nov/2021:23:58:38 +0000] "GET /api/conversations/c203d80a927747e3b016d2522f1c172d?format=full_conversation&since=1637798304.0388446&environment=production HTTP/1.1" 200 324 "-" "-" 220 "rasa-production@docker" "http://172.22.0.5:5002" 136ms
162.158.122.6 - - [24/Nov/2021:23:58:37 +0000] "POST /api/conversations/bdc16b0064eb403e8de76167991eb286/messages?environment=production HTTP/1.1" 200 2 "-" "-" 219 "rasa-production@docker" "http://172.22.0.5:5002" 453ms
172.70.54.82 - - [24/Nov/2021:23:58:39 +0000] "GET /api/conversations/c203d80a927747e3b016d2522f1c172d?format=full_conversation&since=1637798304.0388446&environment=production HTTP/1.1" 200 324 "-" "-" 221 "rasa-production@docker" "http://172.22.0.5:5002" 133ms
172.70.54.82 - - [24/Nov/2021:23:58:39 +0000] "GET /api/conversations/c203d80a927747e3b016d2522f1c172d?format=full_conversation&since=1637798304.0388446&environment=production HTTP/1.1" 200 324 "-" "-" 222 "rasa-production@docker" "http://172.22.0.5:5002" 137ms
162.158.122.6 - - [24/Nov/2021:23:58:40 +0000] "GET /api/conversations/bdc16b0064eb403e8de76167991eb286?format=full_conversation&since=0&environment=production HTTP/1.1" 200 1474 "-" "-" 223 "rasa-production@docker" "http://172.22.0.5:5002" 113ms
162.158.122.6 - - [24/Nov/2021:23:58:41 +0000] "GET /api/conversations/bdc16b0064eb403e8de76167991eb286?format=full_conversation&since=1637798318.255578&environment=production HTTP/1.1" 200 324 "-" "-" 224 "rasa-production@docker" "http://172.22.0.5:5002" 136ms
172.70.54.82 - - [24/Nov/2021:23:58:41 +0000] "GET /api/conversations/c203d80a927747e3b016d2522f1c172d?format=full_conversation&since=1637798304.0388446&environment=production HTTP/1.1" 200 324 "-" "-" 225 "rasa-production@docker" "http://172.22.0.5:5002" 135ms
162.158.122.6 - - [24/Nov/2021:23:58:41 +0000] "GET /api/conversations/bdc16b0064eb403e8de76167991eb286?format=full_conversation&since=1637798318.255578&environment=production HTTP/1.1" 200 324 "-" "-" 226 "rasa-production@docker" "http://172.22.0.5:5002" 135ms
172.70.54.82 - - [24/Nov/2021:23:58:42 +0000] "GET /api/conversations/c203d80a927747e3b016d2522f1c172d?format=full_conversation&since=1637798304.0388446&environment=production HTTP/1.1" 200 324 "-" "-" 227 "rasa-production@docker" "http://172.22.0.5:5002" 133ms
162.158.122.6 - - [24/Nov/2021:23:58:42 +0000] "GET /api/conversations/bdc16b0064eb403e8de76167991eb286?format=full_conversation&since=1637798318.255578&environment=production HTTP/1.1" 200 324 "-" "-" 228 "rasa-production@docker" "http://172.22.0.5:5002" 137ms
172.70.54.82 - - [24/Nov/2021:23:58:43 +0000] "GET /api/conversations/c203d80a927747e3b016d2522f1c172d?format=full_conversation&since=1637798304.0388446&environment=production HTTP/1.1" 200 324 "-" "-" 229 "rasa-production@docker" "http://172.22.0.5:5002" 136ms
162.158.122.6 - - [24/Nov/2021:23:58:43 +0000] "GET /api/conversations/bdc16b0064eb403e8de76167991eb286?format=full_conversation&since=1637798318.255578&environment=production HTTP/1.1" 200 324 "-" "-" 230 "rasa-production@docker" "http://172.22.0.5:5002" 134ms
172.70.54.82 - - [24/Nov/2021:23:58:43 +0000] "GET /api/conversations/c203d80a927747e3b016d2522f1c172d?format=full_conversation&since=1637798304.0388446&environment=production HTTP/1.1" 200 324 "-" "-" 231 "rasa-production@docker" "http://172.22.0.5:5002" 134ms
162.158.122.6 - - [24/Nov/2021:23:58:44 +0000] "GET /api/conversations/bdc16b0064eb403e8de76167991eb286?format=full_conversation&since=1637798318.255578&environment=production HTTP/1.1" 200 324 "-" "-" 232 "rasa-production@docker" "http://172.22.0.5:5002" 134ms
172.70.54.82 - - [24/Nov/2021:23:58:44 +0000] "GET /api/conversations/c203d80a927747e3b016d2522f1c172d?format=full_conversation&since=1637798304.0388446&environment=production HTTP/1.1" 200 324 "-" "-" 233 "rasa-production@docker" "http://172.22.0.5:5002" 134ms
162.158.122.6 - - [24/Nov/2021:23:58:45 +0000] "GET /api/conversations/bdc16b0064eb403e8de76167991eb286?format=full_conversation&since=1637798318.255578&environment=production HTTP/1.1" 200 324 "-" "-" 234 "rasa-production@docker" "http://172.22.0.5:5002" 136ms
172.70.54.82 - - [24/Nov/2021:23:58:45 +0000] "GET /api/conversations/c203d80a927747e3b016d2522f1c172d?format=full_conversation&since=1637798304.0388446&environment=production HTTP/1.1" 200 324 "-" "-" 235 "rasa-production@docker" "http://172.22.0.5:5002" 136ms
162.158.122.6 - - [24/Nov/2021:23:58:46 +0000] "GET /api/conversations/bdc16b0064eb403e8de76167991eb286?format=full_conversation&since=1637798318.255578&environment=production HTTP/1.1" 200 324 "-" "-" 236 "rasa-production@docker" "http://172.22.0.5:5002" 133ms
172.70.54.82 - - [24/Nov/2021:23:58:46 +0000] "GET /api/conversations/c203d80a927747e3b016d2522f1c172d?format=full_conversation&since=1637798304.0388446&environment=production HTTP/1.1" 200 324 "-" "-" 237 "rasa-production@docker" "http://172.22.0.5:5002" 133ms
162.158.122.6 - - [24/Nov/2021:23:58:46 +0000] "GET /api/conversations/bdc16b0064eb403e8de76167991eb286?format=full_conversation&since=1637798318.255578&environment=production HTTP/1.1" 200 324 "-" "-" 238 "rasa-production@docker" "http://172.22.0.5:5002" 134ms
172.70.54.82 - - [24/Nov/2021:23:58:47 +0000] "GET /api/conversations/c203d80a927747e3b016d2522f1c172d?format=full_conversation&since=1637798304.0388446&environment=production HTTP/1.1" 200 324 "-" "-" 239 "rasa-production@docker" "http://172.22.0.5:5002" 171ms
162.158.122.6 - - [24/Nov/2021:23:58:47 +0000] "GET /api/conversations/bdc16b0064eb403e8de76167991eb286?format=full_conversation&since=1637798318.255578&environment=production HTTP/1.1" 200 324 "-" "-" 240 "rasa-production@docker" "http://172.22.0.5:5002" 133ms
172.70.54.82 - - [24/Nov/2021:23:58:48 +0000] "GET /api/conversations/c203d80a927747e3b016d2522f1c172d?format=full_conversation&since=1637798304.0388446&environment=production HTTP/1.1" 200 324 "-" "-" 241 "rasa-production@docker" "http://172.22.0.5:5002" 134ms
162.158.122.6 - - [24/Nov/2021:23:58:48 +0000] "GET /api/conversations/bdc16b0064eb403e8de76167991eb286?format=full_conversation&since=1637798318.255578&environment=production HTTP/1.1" 200 324 "-" "-" 242 "rasa-production@docker" "http://172.22.0.5:5002" 134ms
172.70.54.82 - - [24/Nov/2021:23:58:48 +0000] "GET /api/conversations/c203d80a927747e3b016d2522f1c172d?format=full_conversation&since=1637798304.0388446&environment=production HTTP/1.1" 200 324 "-" "-" 243 "rasa-production@docker" "http://172.22.0.5:5002" 141ms
162.158.122.6 - - [24/Nov/2021:23:58:49 +0000] "GET /api/conversations/bdc16b0064eb403e8de76167991eb286?format=full_conversation&since=1637798318.255578&environment=production HTTP/1.1" 200 324 "-" "-" 244 "rasa-production@docker" "http://172.22.0.5:5002" 134ms
172.70.54.82 - - [24/Nov/2021:23:58:49 +0000] "GET /api/conversations/c203d80a927747e3b016d2522f1c172d?format=full_conversation&since=1637798304.0388446&environment=production HTTP/1.1" 200 324 "-" "-" 245 "rasa-production@docker" "http://172.22.0.5:5002" 134ms
162.158.122.6 - - [24/Nov/2021:23:58:50 +0000] "GET /api/conversations/bdc16b0064eb403e8de76167991eb286?format=full_conversation&since=1637798318.255578&environment=production HTTP/1.1" 200 324 "-" "-" 246 "rasa-production@docker" "http://172.22.0.5:5002" 138ms
172.70.54.82 - - [24/Nov/2021:23:58:50 +0000] "GET /api/conversations/c203d80a927747e3b016d2522f1c172d?format=full_conversation&since=1637798304.0388446&environment=production HTTP/1.1" 200 324 "-" "-" 247 "rasa-production@docker" "http://172.22.0.5:5002" 133ms
162.158.122.6 - - [24/Nov/2021:23:58:51 +0000] "GET /api/conversations/bdc16b0064eb403e8de76167991eb286?format=full_conversation&since=1637798318.255578&environment=production HTTP/1.1" 200 324 "-" "-" 248 "rasa-production@docker" "http://172.22.0.5:5002" 136ms
172.70.54.82 - - [24/Nov/2021:23:58:51 +0000] "GET /api/conversations/c203d80a927747e3b016d2522f1c172d?format=full_conversation&since=1637798304.0388446&environment=production HTTP/1.1" 200 324 "-" "-" 249 "rasa-production@docker" "http://172.22.0.5:5002" 133ms
172.70.54.82 - - [24/Nov/2021:23:58:51 +0000] "POST /api/conversations/c203d80a927747e3b016d2522f1c172d/messages?environment=production HTTP/1.1" 200 2 "-" "-" 250 "rasa-production@docker" "http://172.22.0.5:5002" 315ms
162.158.122.6 - - [24/Nov/2021:23:58:51 +0000] "GET /api/conversations/bdc16b0064eb403e8de76167991eb286?format=full_conversation&since=1637798318.255578&environment=production HTTP/1.1" 200 324 "-" "-" 251 "rasa-production@docker" "http://172.22.0.5:5002" 134ms
172.70.54.82 - - [24/Nov/2021:23:58:52 +0000] "GET /api/conversations/c203d80a927747e3b016d2522f1c172d?format=full_conversation&since=1637798304.0388446&environment=production HTTP/1.1" 200 858 "-" "-" 252 "rasa-production@docker" "http://172.22.0.5:5002" 113ms
162.158.122.6 - - [24/Nov/2021:23:58:52 +0000] "GET /api/conversations/bdc16b0064eb403e8de76167991eb286?format=full_conversation&since=1637798318.255578&environment=production HTTP/1.1" 200 324 "-" "-" 253 "rasa-production@docker" "http://172.22.0.5:5002" 135ms
172.70.54.82 - - [24/Nov/2021:23:58:53 +0000] "GET /api/conversations/c203d80a927747e3b016d2522f1c172d?format=full_conversation&since=1637798331.7252574&environment=production HTTP/1.1" 200 324 "-" "-" 254 "rasa-production@docker" "http://172.22.0.5:5002" 136ms
162.158.122.6 - - [24/Nov/2021:23:58:53 +0000] "GET /api/conversations/bdc16b0064eb403e8de76167991eb286?format=full_conversation&since=1637798318.255578&environment=production HTTP/1.1" 200 324 "-" "-" 255 "rasa-production@docker" "http://172.22.0.5:5002" 135ms
172.70.54.82 - - [24/Nov/2021:23:58:53 +0000] "GET /api/conversations/c203d80a927747e3b016d2522f1c172d?format=full_conversation&since=1637798331.7252574&environment=production HTTP/1.1" 200 324 "-" "-" 256 "rasa-production@docker" "http://172.22.0.5:5002" 135ms
162.158.122.6 - - [24/Nov/2021:23:58:54 +0000] "GET /api/conversations/bdc16b0064eb403e8de76167991eb286?format=full_conversation&since=1637798318.255578&environment=production HTTP/1.1" 200 324 "-" "-" 257 "rasa-production@docker" "http://172.22.0.5:5002" 134ms
172.70.54.82 - - [24/Nov/2021:23:58:54 +0000] "GET /api/conversations/c203d80a927747e3b016d2522f1c172d?format=full_conversation&since=1637798331.7252574&environment=production HTTP/1.1" 200 324 "-" "-" 258 "rasa-production@docker" "http://172.22.0.5:5002" 136ms
172.70.54.82 - - [24/Nov/2021:23:58:54 +0000] "GET /guest/conversations/production/d079296ea55545b0a6090bc21a6aeef1 HTTP/1.1" 200 3283 "-" "-" 259 "rasa-production@docker" "http://172.22.0.5:5002" 3ms
162.158.122.6 - - [24/Nov/2021:23:58:55 +0000] "GET /api/conversations/bdc16b0064eb403e8de76167991eb286?format=full_conversation&since=1637798318.255578&environment=production HTTP/1.1" 200 324 "-" "-" 260 "rasa-production@docker" "http://172.22.0.5:5002" 133ms
172.70.54.82 - - [24/Nov/2021:23:58:55 +0000] "GET /api/chatToken HTTP/1.1" 200 113 "-" "-" 263 "rasa-production@docker" "http://172.22.0.5:5002" 89ms
172.70.54.82 - - [24/Nov/2021:23:58:55 +0000] "GET /api/conversations/c203d80a927747e3b016d2522f1c172d?format=full_conversation HTTP/1.1" 200 1873 "-" "-" 262 "rasa-production@docker" "http://172.22.0.5:5002" 112ms
172.70.54.82 - - [24/Nov/2021:23:58:55 +0000] "GET /api/conversations/c203d80a927747e3b016d2522f1c172d?format=full_conversation&since=0&environment=production HTTP/1.1" 200 1873 "-" "-" 261 "rasa-production@docker" "http://172.22.0.5:5002" 113ms
172.70.82.30 - - [24/Nov/2021:23:58:17 +0000] "GET /api/ws HTTP/1.1" 0 0 "-" "-" 183 "rasa-production@docker" "http://172.22.0.5:5002" 38339ms
162.158.122.6 - - [24/Nov/2021:23:58:56 +0000] "GET /api/conversations/bdc16b0064eb403e8de76167991eb286?format=full_conversation&since=1637798318.255578&environment=production HTTP/1.1" 200 324 "-" "-" 265 "rasa-production@docker" "http://172.22.0.5:5002" 141ms
