162.158.122.6 - - [25/Nov/2021:00:06:30 +0000] "GET /api/conversations/bdc16b0064eb403e8de76167991eb286?format=full_conversation&since=1637798318.255578&environment=production HTTP/1.1" 200 324 "-" "-" 1483 "rasa-production@docker" "http://172.22.0.5:5002" 131ms
172.70.82.166 - - [25/Nov/2021:00:06:30 +0000] "GET /api/conversations/cf7ee65db51a4c34842a55379dede435?format=full_conversation&since=1637798547.2380378&environment=production HTTP/1.1" 200 324 "-" "-" 1484 "rasa-production@docker" "http://172.22.0.5:5002" 138ms
162.158.122.6 - - [25/Nov/2021:00:06:31 +0000] "GET /api/conversations/bdc16b0064eb403e8de76167991eb286?format=full_conversation&since=1637798318.255578&environment=production HTTP/1.1" 200 324 "-" "-" 1486 "rasa-production@docker" "http://172.22.0.5:5002" 143ms
172.70.82.122 - - [25/Nov/2021:00:06:31 +0000] "GET /api/conversations/d8292b8f822c443b99ad5ab53e8470e4?format=full_conversation&since=1637798682.5246367&environment=production HTTP/1.1" 200 324 "-" "-" 1485 "rasa-production@docker" "http://172.22.0.5:5002" 269ms
172.70.82.122 - - [25/Nov/2021:00:06:31 +0000] "GET /api/conversations/bdc16b0064eb403e8de76167991eb286?format=full_conversation&since=1637798318.255578 HTTP/1.1" 200 324 "-" "-" 1487 "rasa-production@docker" "http://172.22.0.5:5002" 270ms
172.70.82.166 - - [25/Nov/2021:00:06:31 +0000] "GET /api/conversations/cf7ee65db51a4c34842a55379dede435?format=full_conversation&since=1637798547.2380378&environment=production HTTP/1.1" 200 324 "-" "-" 1488 "rasa-production@docker" "http://172.22.0.5:5002" 144ms
172.70.82.166 - - [25/Nov/2021:00:06:32 +0000] "GET /api/conversations/cf7ee65db51a4c34842a55379dede435?format=full_conversation&since=1637798547.2380378&environment=production HTTP/1.1" 200 324 "-" "-" 1489 "rasa-production@docker" "http://172.22.0.5:5002" 131ms
162.158.122.6 - - [25/Nov/2021:00:06:32 +0000] "GET /api/conversations/bdc16b0064eb403e8de76167991eb286?format=full_conversation&since=1637798318.255578&environment=production HTTP/1.1" 200 324 "-" "-" 1490 "rasa-production@docker" "http://172.22.0.5:5002" 133ms
172.70.82.166 - - [25/Nov/2021:00:06:33 +0000] "GET /api/conversations/cf7ee65db51a4c34842a55379dede435?format=full_conversation&since=1637798547.2380378&environment=production HTTP/1.1" 200 324 "-" "-" 1491 "rasa-production@docker" "http://172.22.0.5:5002" 133ms
162.158.122.6 - - [25/Nov/2021:00:06:33 +0000] "GET /api/conversations/bdc16b0064eb403e8de76167991eb286?format=full_conversation&since=1637798318.255578&environment=production HTTP/1.1" 200 324 "-" "-" 1493 "rasa-production@docker" "http://172.22.0.5:5002" 140ms
172.70.82.122 - - [25/Nov/2021:00:06:33 +0000] "GET /api/conversations/bdc16b0064eb403e8de76167991eb286?format=full_conversation&since=1637798318.255578 HTTP/1.1" 200 324 "-" "-" 1492 "rasa-production@docker" "http://172.22.0.5:5002" 263ms
172.70.82.166 - - [25/Nov/2021:00:06:34 +0000] "GET /api/conversations/cf7ee65db51a4c34842a55379dede435?format=full_conversation&since=1637798547.2380378&environment=production HTTP/1.1" 200 324 "-" "-" 1494 "rasa-production@docker" "http://172.22.0.5:5002" 160ms
162.158.122.6 - - [25/Nov/2021:00:06:34 +0000] "GET /api/conversations/bdc16b0064eb403e8de76167991eb286?format=full_conversation&since=1637798318.255578&environment=production HTTP/1.1" 200 324 "-" "-" 1495 "rasa-production@docker" "http://172.22.0.5:5002" 145ms
172.70.82.166 - - [25/Nov/2021:00:06:35 +0000] "GET /api/conversations/cf7ee65db51a4c34842a55379dede435?format=full_conversation&since=1637798547.2380378&environment=production HTTP/1.1" 200 324 "-" "-" 1496 "rasa-production@docker" "http://172.22.0.5:5002" 147ms
162.158.122.6 - - [25/Nov/2021:00:06:35 +0000] "GET /api/conversations/bdc16b0064eb403e8de76167991eb286?format=full_conversation&since=1637798318.255578&environment=production HTTP/1.1" 200 324 "-" "-" 1498 "rasa-production@docker" "http://172.22.0.5:5002" 132ms
172.70.82.122 - - [25/Nov/2021:00:06:35 +0000] "GET /api/conversations/bdc16b0064eb403e8de76167991eb286?format=full_conversation&since=1637798318.255578 HTTP/1.1" 200 324 "-" "-" 1497 "rasa-production@docker" "http://172.22.0.5:5002" 304ms
172.70.82.122 - - [25/Nov/2021:00:06:35 +0000] "GET /api/conversations/d8292b8f822c443b99ad5ab53e8470e4?format=full_conversation&since=1637798682.5246367&environment=production HTTP/1.1" 200 324 "-" "-" 1499 "rasa-production@docker" "http://172.22.0.5:5002" 264ms
172.70.82.166 - - [25/Nov/2021:00:06:35 +0000] "GET /api/conversations/cf7ee65db51a4c34842a55379dede435?format=full_conversation&since=1637798547.2380378&environment=production HTTP/1.1" 200 324 "-" "-" 1500 "rasa-production@docker" "http://172.22.0.5:5002" 147ms
162.158.122.6 - - [25/Nov/2021:00:06:36 +0000] "GET /api/conversations/bdc16b0064eb403e8de76167991eb286?format=full_conversation&since=1637798318.255578&environment=production HTTP/1.1" 200 324 "-" "-" 1501 "rasa-production@docker" "http://172.22.0.5:5002" 135ms
172.70.82.166 - - [25/Nov/2021:00:06:36 +0000] "GET /api/conversations/cf7ee65db51a4c34842a55379dede435?format=full_conversation&since=1637798547.2380378&environment=production HTTP/1.1" 200 324 "-" "-" 1502 "rasa-production@docker" "http://172.22.0.5:5002" 133ms
172.70.82.166 - - [25/Nov/2021:00:06:37 +0000] "GET /api/conversations/cf7ee65db51a4c34842a55379dede435?format=full_conversation&since=1637798547.2380378&environment=production HTTP/1.1" 200 324 "-" "-" 1503 "rasa-production@docker" "http://172.22.0.5:5002" 134ms
162.158.122.6 - - [25/Nov/2021:00:06:37 +0000] "GET /api/conversations/bdc16b0064eb403e8de76167991eb286?format=full_conversation&since=1637798318.255578&environment=production HTTP/1.1" 200 324 "-" "-" 1504 "rasa-production@docker" "http://172.22.0.5:5002" 146ms
172.70.82.122 - - [25/Nov/2021:00:06:37 +0000] "GET /api/conversations/bdc16b0064eb403e8de76167991eb286?format=full_conversation&since=1637798318.255578 HTTP/1.1" 200 324 "-" "-" 1505 "rasa-production@docker" "http://172.22.0.5:5002" 263ms
172.70.82.166 - - [25/Nov/2021:00:06:38 +0000] "GET /api/conversations/cf7ee65db51a4c34842a55379dede435?format=full_conversation&since=1637798547.2380378&environment=production HTTP/1.1" 200 324 "-" "-" 1506 "rasa-production@docker" "http://172.22.0.5:5002" 133ms
162.158.122.6 - - [25/Nov/2021:00:06:38 +0000] "GET /api/conversations/bdc16b0064eb403e8de76167991eb286?format=full_conversation&since=1637798318.255578&environment=production HTTP/1.1" 200 324 "-" "-" 1507 "rasa-production@docker" "http://172.22.0.5:5002" 132ms
172.70.82.166 - - [25/Nov/2021:00:06:39 +0000] "GET /api/conversations/cf7ee65db51a4c34842a55379dede435?format=full_conversation&since=1637798547.2380378&environment=production HTTP/1.1" 200 324 "-" "-" 1508 "rasa-production@docker" "http://172.22.0.5:5002" 134ms
162.158.122.6 - - [25/Nov/2021:00:06:39 +0000] "GET /api/conversations/bdc16b0064eb403e8de76167991eb286?format=full_conversation&since=1637798318.255578&environment=production HTTP/1.1" 200 324 "-" "-" 1511 "rasa-production@docker" "http://172.22.0.5:5002" 133ms
172.70.82.122 - - [25/Nov/2021:00:06:39 +0000] "GET /api/conversations/bdc16b0064eb403e8de76167991eb286?format=full_conversation&since=1637798318.255578 HTTP/1.1" 200 324 "-" "-" 1509 "rasa-production@docker" "http://172.22.0.5:5002" 267ms
172.70.82.122 - - [25/Nov/2021:00:06:39 +0000] "GET /api/conversations/d8292b8f822c443b99ad5ab53e8470e4?format=full_conversation&since=1637798682.5246367&environment=production HTTP/1.1" 200 324 "-" "-" 1510 "rasa-production@docker" "http://172.22.0.5:5002" 267ms
172.70.82.166 - - [25/Nov/2021:00:06:40 +0000] "GET /api/conversations/cf7ee65db51a4c34842a55379dede435?format=full_conversation&since=1637798547.2380378&environment=production HTTP/1.1" 200 324 "-" "-" 1512 "rasa-production@docker" "http://172.22.0.5:5002" 135ms
172.70.82.166 - - [25/Nov/2021:00:06:40 +0000] "GET /api/conversations/cf7ee65db51a4c34842a55379dede435?format=full_conversation&since=1637798547.2380378&environment=production HTTP/1.1" 200 324 "-" "-" 1513 "rasa-production@docker" "http://172.22.0.5:5002" 138ms
162.158.122.6 - - [25/Nov/2021:00:06:41 +0000] "GET /api/conversations/bdc16b0064eb403e8de76167991eb286?format=full_conversation&since=1637798318.255578&environment=production HTTP/1.1" 200 324 "-" "-" 1515 "rasa-production@docker" "http://172.22.0.5:5002" 145ms
172.70.82.122 - - [25/Nov/2021:00:06:41 +0000] "GET /api/conversations/bdc16b0064eb403e8de76167991eb286?format=full_conversation&since=1637798318.255578 HTTP/1.1" 200 324 "-" "-" 1514 "rasa-production@docker" "http://172.22.0.5:5002" 279ms
172.70.82.166 - - [25/Nov/2021:00:06:41 +0000] "GET /api/conversations/cf7ee65db51a4c34842a55379dede435?format=full_conversation&since=1637798547.2380378&environment=production HTTP/1.1" 200 324 "-" "-" 1516 "rasa-production@docker" "http://172.22.0.5:5002" 135ms
162.158.122.6 - - [25/Nov/2021:00:06:42 +0000] "GET /api/conversations/bdc16b0064eb403e8de76167991eb286?format=full_conversation&since=1637798318.255578&environment=production HTTP/1.1" 200 324 "-" "-" 1517 "rasa-production@docker" "http://172.22.0.5:5002" 132ms
172.70.82.166 - - [25/Nov/2021:00:06:42 +0000] "GET /api/conversations/cf7ee65db51a4c34842a55379dede435?format=full_conversation&since=1637798547.2380378&environment=production HTTP/1.1" 200 324 "-" "-" 1518 "rasa-production@docker" "http://172.22.0.5:5002" 132ms
172.70.82.166 - - [25/Nov/2021:00:06:43 +0000] "GET /api/conversations/cf7ee65db51a4c34842a55379dede435?format=full_conversation&since=1637798547.2380378&environment=production HTTP/1.1" 200 324 "-" "-" 1519 "rasa-production@docker" "http://172.22.0.5:5002" 134ms
162.158.122.6 - - [25/Nov/2021:00:06:43 +0000] "GET /api/conversations/bdc16b0064eb403e8de76167991eb286?format=full_conversation&since=1637798318.255578&environment=production HTTP/1.1" 200 324 "-" "-" 1522 "rasa-production@docker" "http://172.22.0.5:5002" 141ms
172.70.82.122 - - [25/Nov/2021:00:06:43 +0000] "GET /api/conversations/bdc16b0064eb403e8de76167991eb286?format=full_conversation&since=1637798318.255578 HTTP/1.1" 200 324 "-" "-" 1521 "rasa-production@docker" "http://172.22.0.5:5002" 262ms
172.70.82.122 - - [25/Nov/2021:00:06:43 +0000] "GET /api/conversations/d8292b8f822c443b99ad5ab53e8470e4?format=full_conversation&since=1637798682.5246367&environment=production HTTP/1.1" 200 324 "-" "-" 1520 "rasa-production@docker" "http://172.22.0.5:5002" 264ms
172.70.82.166 - - [25/Nov/2021:00:06:44 +0000] "GET /api/conversations/cf7ee65db51a4c34842a55379dede435?format=full_conversation&since=1637798547.2380378&environment=production HTTP/1.1" 200 324 "-" "-" 1523 "rasa-production@docker" "http://172.22.0.5:5002" 132ms
172.70.82.166 - - [25/Nov/2021:00:06:45 +0000] "GET /api/conversations/cf7ee65db51a4c34842a55379dede435?format=full_conversation&since=1637798547.2380378&environment=production HTTP/1.1" 200 324 "-" "-" 1524 "rasa-production@docker" "http://172.22.0.5:5002" 185ms
162.158.122.6 - - [25/Nov/2021:00:06:45 +0000] "GET /api/conversations/bdc16b0064eb403e8de76167991eb286?format=full_conversation&since=1637798318.255578&environment=production HTTP/1.1" 200 324 "-" "-" 1525 "rasa-production@docker" "http://172.22.0.5:5002" 141ms
172.70.82.122 - - [25/Nov/2021:00:06:45 +0000] "GET /api/conversations/bdc16b0064eb403e8de76167991eb286?format=full_conversation&since=1637798318.255578 HTTP/1.1" 200 324 "-" "-" 1526 "rasa-production@docker" "http://172.22.0.5:5002" 283ms
172.70.82.166 - - [25/Nov/2021:00:06:45 +0000] "GET /api/conversations/cf7ee65db51a4c34842a55379dede435?format=full_conversation&since=1637798547.2380378&environment=production HTTP/1.1" 200 324 "-" "-" 1527 "rasa-production@docker" "http://172.22.0.5:5002" 135ms
162.158.122.6 - - [25/Nov/2021:00:06:46 +0000] "GET /api/conversations/bdc16b0064eb403e8de76167991eb286?format=full_conversation&since=1637798318.255578&environment=production HTTP/1.1" 200 324 "-" "-" 1528 "rasa-production@docker" "http://172.22.0.5:5002" 131ms
172.70.82.166 - - [25/Nov/2021:00:06:46 +0000] "GET /api/conversations/cf7ee65db51a4c34842a55379dede435?format=full_conversation&since=1637798547.2380378&environment=production HTTP/1.1" 200 324 "-" "-" 1529 "rasa-production@docker" "http://172.22.0.5:5002" 135ms
162.158.122.6 - - [25/Nov/2021:00:06:47 +0000] "GET /api/conversations/bdc16b0064eb403e8de76167991eb286?format=full_conversation&since=1637798318.255578&environment=production HTTP/1.1" 200 324 "-" "-" 1530 "rasa-production@docker" "http://172.22.0.5:5002" 138ms
172.70.82.166 - - [25/Nov/2021:00:06:47 +0000] "GET /api/conversations/cf7ee65db51a4c34842a55379dede435?format=full_conversation&since=1637798547.2380378&environment=production HTTP/1.1" 200 324 "-" "-" 1533 "rasa-production@docker" "http://172.22.0.5:5002" 135ms
172.70.82.122 - - [25/Nov/2021:00:06:47 +0000] "GET /api/conversations/bdc16b0064eb403e8de76167991eb286?format=full_conversation&since=1637798318.255578 HTTP/1.1" 200 324 "-" "-" 1531 "rasa-production@docker" "http://172.22.0.5:5002" 267ms
172.70.82.122 - - [25/Nov/2021:00:06:47 +0000] "GET /api/conversations/d8292b8f822c443b99ad5ab53e8470e4?format=full_conversation&since=1637798682.5246367&environment=production HTTP/1.1" 200 324 "-" "-" 1532 "rasa-production@docker" "http://172.22.0.5:5002" 263ms
172.70.82.166 - - [25/Nov/2021:00:06:48 +0000] "GET /api/conversations/cf7ee65db51a4c34842a55379dede435?format=full_conversation&since=1637798547.2380378&environment=production HTTP/1.1" 200 324 "-" "-" 1534 "rasa-production@docker" "http://172.22.0.5:5002" 142ms
162.158.122.6 - - [25/Nov/2021:00:06:48 +0000] "GET /api/conversations/bdc16b0064eb403e8de76167991eb286?format=full_conversation&since=1637798318.255578&environment=production HTTP/1.1" 200 324 "-" "-" 1535 "rasa-production@docker" "http://172.22.0.5:5002" 138ms
172.70.82.166 - - [25/Nov/2021:00:06:49 +0000] "GET /api/conversations/cf7ee65db51a4c34842a55379dede435?format=full_conversation&since=1637798547.2380378&environment=production HTTP/1.1" 200 324 "-" "-" 1536 "rasa-production@docker" "http://172.22.0.5:5002" 132ms
162.158.122.6 - - [25/Nov/2021:00:06:49 +0000] "GET /api/conversations/bdc16b0064eb403e8de76167991eb286?format=full_conversation&since=1637798318.255578&environment=production HTTP/1.1" 200 324 "-" "-" 1537 "rasa-production@docker" "http://172.22.0.5:5002" 137ms
172.70.82.122 - - [25/Nov/2021:00:06:49 +0000] "GET /api/conversations/bdc16b0064eb403e8de76167991eb286?format=full_conversation&since=1637798318.255578 HTTP/1.1" 200 324 "-" "-" 1538 "rasa-production@docker" "http://172.22.0.5:5002" 283ms
172.70.82.166 - - [25/Nov/2021:00:06:50 +0000] "GET /api/conversations/cf7ee65db51a4c34842a55379dede435?format=full_conversation&since=1637798547.2380378&environment=production HTTP/1.1" 200 324 "-" "-" 1539 "rasa-production@docker" "http://172.22.0.5:5002" 140ms
162.158.122.6 - - [25/Nov/2021:00:06:50 +0000] "GET /api/conversations/bdc16b0064eb403e8de76167991eb286?format=full_conversation&since=1637798318.255578&environment=production HTTP/1.1" 200 324 "-" "-" 1540 "rasa-production@docker" "http://172.22.0.5:5002" 133ms
172.70.82.166 - - [25/Nov/2021:00:06:50 +0000] "GET /api/conversations/cf7ee65db51a4c34842a55379dede435?format=full_conversation&since=1637798547.2380378&environment=production HTTP/1.1" 200 324 "-" "-" 1541 "rasa-production@docker" "http://172.22.0.5:5002" 134ms
162.158.122.6 - - [25/Nov/2021:00:06:51 +0000] "GET /api/conversations/bdc16b0064eb403e8de76167991eb286?format=full_conversation&since=1637798318.255578&environment=production HTTP/1.1" 200 324 "-" "-" 1542 "rasa-production@docker" "http://172.22.0.5:5002" 133ms
172.70.82.122 - - [25/Nov/2021:00:06:51 +0000] "GET /api/conversations/bdc16b0064eb403e8de76167991eb286?format=full_conversation&since=1637798318.255578 HTTP/1.1" 200 324 "-" "-" 1543 "rasa-production@docker" "http://172.22.0.5:5002" 264ms
172.70.82.122 - - [25/Nov/2021:00:06:51 +0000] "GET /api/conversations/d8292b8f822c443b99ad5ab53e8470e4?format=full_conversation&since=1637798682.5246367&environment=production HTTP/1.1" 200 324 "-" "-" 1544 "rasa-production@docker" "http://172.22.0.5:5002" 261ms
172.70.82.166 - - [25/Nov/2021:00:06:51 +0000] "GET /api/conversations/cf7ee65db51a4c34842a55379dede435?format=full_conversation&since=1637798547.2380378&environment=production HTTP/1.1" 200 324 "-" "-" 1545 "rasa-production@docker" "http://172.22.0.5:5002" 137ms
172.70.82.166 - - [25/Nov/2021:00:06:52 +0000] "GET /api/conversations/cf7ee65db51a4c34842a55379dede435?format=full_conversation&since=1637798547.2380378&environment=production HTTP/1.1" 200 324 "-" "-" 1546 "rasa-production@docker" "http://172.22.0.5:5002" 136ms
162.158.122.6 - - [25/Nov/2021:00:06:52 +0000] "GET /api/conversations/bdc16b0064eb403e8de76167991eb286?format=full_conversation&since=1637798318.255578&environment=production HTTP/1.1" 200 324 "-" "-" 1547 "rasa-production@docker" "http://172.22.0.5:5002" 134ms
172.70.82.166 - - [25/Nov/2021:00:06:53 +0000] "GET /api/conversations/cf7ee65db51a4c34842a55379dede435?format=full_conversation&since=1637798547.2380378&environment=production HTTP/1.1" 200 324 "-" "-" 1548 "rasa-production@docker" "http://172.22.0.5:5002" 132ms
162.158.122.6 - - [25/Nov/2021:00:06:53 +0000] "GET /api/conversations/bdc16b0064eb403e8de76167991eb286?format=full_conversation&since=1637798318.255578&environment=production HTTP/1.1" 200 324 "-" "-" 1549 "rasa-production@docker" "http://172.22.0.5:5002" 133ms
172.70.82.122 - - [25/Nov/2021:00:06:53 +0000] "GET /api/conversations/bdc16b0064eb403e8de76167991eb286?format=full_conversation&since=1637798318.255578 HTTP/1.1" 200 324 "-" "-" 1550 "rasa-production@docker" "http://172.22.0.5:5002" 268ms
172.70.82.166 - - [25/Nov/2021:00:06:54 +0000] "GET /api/conversations/cf7ee65db51a4c34842a55379dede435?format=full_conversation&since=1637798547.2380378&environment=production HTTP/1.1" 200 324 "-" "-" 1551 "rasa-production@docker" "http://172.22.0.5:5002" 135ms
162.158.122.6 - - [25/Nov/2021:00:06:54 +0000] "GET /api/conversations/bdc16b0064eb403e8de76167991eb286?format=full_conversation&since=1637798318.255578&environment=production HTTP/1.1" 200 324 "-" "-" 1552 "rasa-production@docker" "http://172.22.0.5:5002" 132ms
172.70.82.166 - - [25/Nov/2021:00:06:54 +0000] "GET /api/conversations/cf7ee65db51a4c34842a55379dede435?format=full_conversation&since=1637798547.2380378&environment=production HTTP/1.1" 200 324 "-" "-" 1553 "rasa-production@docker" "http://172.22.0.5:5002" 148ms
162.158.122.6 - - [25/Nov/2021:00:06:55 +0000] "GET /api/conversations/bdc16b0064eb403e8de76167991eb286?format=full_conversation&since=1637798318.255578&environment=production HTTP/1.1" 200 324 "-" "-" 1554 "rasa-production@docker" "http://172.22.0.5:5002" 132ms
172.70.82.122 - - [25/Nov/2021:00:06:55 +0000] "GET /api/conversations/bdc16b0064eb403e8de76167991eb286?format=full_conversation&since=1637798318.255578 HTTP/1.1" 200 324 "-" "-" 1555 "rasa-production@docker" "http://172.22.0.5:5002" 263ms
172.70.82.122 - - [25/Nov/2021:00:06:55 +0000] "GET /api/conversations/d8292b8f822c443b99ad5ab53e8470e4?format=full_conversation&since=1637798682.5246367&environment=production HTTP/1.1" 200 324 "-" "-" 1556 "rasa-production@docker" "http://172.22.0.5:5002" 261ms
172.70.82.166 - - [25/Nov/2021:00:06:55 +0000] "GET /api/conversations/cf7ee65db51a4c34842a55379dede435?format=full_conversation&since=1637798547.2380378&environment=production HTTP/1.1" 200 324 "-" "-" 1557 "rasa-production@docker" "http://172.22.0.5:5002" 131ms
162.158.122.6 - - [25/Nov/2021:00:06:56 +0000] "GET /api/conversations/bdc16b0064eb403e8de76167991eb286?format=full_conversation&since=1637798318.255578&environment=production HTTP/1.1" 200 324 "-" "-" 1558 "rasa-production@docker" "http://172.22.0.5:5002" 133ms
172.70.82.166 - - [25/Nov/2021:00:06:56 +0000] "GET /api/conversations/cf7ee65db51a4c34842a55379dede435?format=full_conversation&since=1637798547.2380378&environment=production HTTP/1.1" 200 324 "-" "-" 1559 "rasa-production@docker" "http://172.22.0.5:5002" 133ms
172.70.82.166 - - [25/Nov/2021:00:06:57 +0000] "GET /api/conversations/cf7ee65db51a4c34842a55379dede435?format=full_conversation&since=1637798547.2380378&environment=production HTTP/1.1" 200 324 "-" "-" 1560 "rasa-production@docker" "http://172.22.0.5:5002" 132ms
162.158.122.6 - - [25/Nov/2021:00:06:57 +0000] "GET /api/conversations/bdc16b0064eb403e8de76167991eb286?format=full_conversation&since=1637798318.255578&environment=production HTTP/1.1" 200 324 "-" "-" 1562 "rasa-production@docker" "http://172.22.0.5:5002" 133ms
172.70.82.122 - - [25/Nov/2021:00:06:57 +0000] "GET /api/conversations/bdc16b0064eb403e8de76167991eb286?format=full_conversation&since=1637798318.255578 HTTP/1.1" 200 324 "-" "-" 1561 "rasa-production@docker" "http://172.22.0.5:5002" 262ms
172.70.82.166 - - [25/Nov/2021:00:06:58 +0000] "GET /api/conversations/cf7ee65db51a4c34842a55379dede435?format=full_conversation&since=1637798547.2380378&environment=production HTTP/1.1" 200 324 "-" "-" 1563 "rasa-production@docker" "http://172.22.0.5:5002" 133ms
162.158.122.6 - - [25/Nov/2021:00:06:58 +0000] "GET /api/conversations/bdc16b0064eb403e8de76167991eb286?format=full_conversation&since=1637798318.255578&environment=production HTTP/1.1" 200 324 "-" "-" 1564 "rasa-production@docker" "http://172.22.0.5:5002" 134ms
172.70.82.166 - - [25/Nov/2021:00:06:59 +0000] "GET /api/conversations/cf7ee65db51a4c34842a55379dede435?format=full_conversation&since=1637798547.2380378&environment=production HTTP/1.1" 200 324 "-" "-" 1565 "rasa-production@docker" "http://172.22.0.5:5002" 134ms
162.158.122.6 - - [25/Nov/2021:00:06:59 +0000] "GET /api/conversations/bdc16b0064eb403e8de76167991eb286?format=full_conversation&since=1637798318.255578&environment=production HTTP/1.1" 200 324 "-" "-" 1566 "rasa-production@docker" "http://172.22.0.5:5002" 131ms
172.70.82.122 - - [25/Nov/2021:00:06:59 +0000] "GET /api/conversations/d8292b8f822c443b99ad5ab53e8470e4?format=full_conversation&since=1637798682.5246367&environment=production HTTP/1.1" 200 324 "-" "-" 1567 "rasa-production@docker" "http://172.22.0.5:5002" 263ms
172.70.82.122 - - [25/Nov/2021:00:06:59 +0000] "GET /api/conversations/bdc16b0064eb403e8de76167991eb286?format=full_conversation&since=1637798318.255578 HTTP/1.1" 200 324 "-" "-" 1568 "rasa-production@docker" "http://172.22.0.5:5002" 259ms
172.70.82.166 - - [25/Nov/2021:00:06:59 +0000] "GET /api/conversations/cf7ee65db51a4c34842a55379dede435?format=full_conversation&since=1637798547.2380378&environment=production HTTP/1.1" 200 324 "-" "-" 1569 "rasa-production@docker" "http://172.22.0.5:5002" 248ms
162.158.122.6 - - [25/Nov/2021:00:07:00 +0000] "GET /api/conversations/bdc16b0064eb403e8de76167991eb286?format=full_conversation&since=1637798318.255578&environment=production HTTP/1.1" 200 324 "-" "-" 1570 "rasa-production@docker" "http://172.22.0.5:5002" 148ms
172.70.82.166 - - [25/Nov/2021:00:07:00 +0000] "GET /api/conversations/cf7ee65db51a4c34842a55379dede435?format=full_conversation&since=1637798547.2380378&environment=production HTTP/1.1" 200 324 "-" "-" 1571 "rasa-production@docker" "http://172.22.0.5:5002" 136ms
162.158.122.6 - - [25/Nov/2021:00:07:01 +0000] "GET /api/conversations/bdc16b0064eb403e8de76167991eb286?format=full_conversation&since=1637798318.255578&environment=production HTTP/1.1" 200 324 "-" "-" 1572 "rasa-production@docker" "http://172.22.0.5:5002" 136ms
172.70.82.166 - - [25/Nov/2021:00:07:01 +0000] "GET /api/conversations/cf7ee65db51a4c34842a55379dede435?format=full_conversation&since=1637798547.2380378&environment=production HTTP/1.1" 200 324 "-" "-" 1574 "rasa-production@docker" "http://172.22.0.5:5002" 142ms
172.70.82.122 - - [25/Nov/2021:00:07:01 +0000] "GET /api/conversations/bdc16b0064eb403e8de76167991eb286?format=full_conversation&since=1637798318.255578 HTTP/1.1" 200 324 "-" "-" 1573 "rasa-production@docker" "http://172.22.0.5:5002" 270ms
172.70.82.166 - - [25/Nov/2021:00:07:02 +0000] "GET /api/conversations/cf7ee65db51a4c34842a55379dede435?format=full_conversation&since=1637798547.2380378&environment=production HTTP/1.1" 200 324 "-" "-" 1575 "rasa-production@docker" "http://172.22.0.5:5002" 149ms
162.158.122.6 - - [25/Nov/2021:00:07:02 +0000] "GET /api/conversations/bdc16b0064eb403e8de76167991eb286?format=full_conversation&since=1637798318.255578&environment=production HTTP/1.1" 200 324 "-" "-" 1576 "rasa-production@docker" "http://172.22.0.5:5002" 153ms
172.70.82.166 - - [25/Nov/2021:00:07:03 +0000] "GET /api/conversations/cf7ee65db51a4c34842a55379dede435?format=full_conversation&since=1637798547.2380378&environment=production HTTP/1.1" 200 324 "-" "-" 1577 "rasa-production@docker" "http://172.22.0.5:5002" 135ms
162.158.122.6 - - [25/Nov/2021:00:07:03 +0000] "GET /api/conversations/bdc16b0064eb403e8de76167991eb286?format=full_conversation&since=1637798318.255578&environment=production HTTP/1.1" 200 324 "-" "-" 1578 "rasa-production@docker" "http://172.22.0.5:5002" 134ms
172.70.82.122 - - [25/Nov/2021:00:07:03 +0000] "GET /api/conversations/bdc16b0064eb403e8de76167991eb286?format=full_conversation&since=1637798318.255578 HTTP/1.1" 200 324 "-" "-" 1579 "rasa-production@docker" "http://172.22.0.5:5002" 270ms
172.70.82.122 - - [25/Nov/2021:00:07:03 +0000] "GET /api/conversations/d8292b8f822c443b99ad5ab53e8470e4?format=full_conversation&since=1637798682.5246367&environment=production HTTP/1.1" 200 324 "-" "-" 1580 "rasa-production@docker" "http://172.22.0.5:5002" 266ms
172.70.82.166 - - [25/Nov/2021:00:07:04 +0000] "GET /api/conversations/cf7ee65db51a4c34842a55379dede435?format=full_conversation&since=1637798547.2380378&environment=production HTTP/1.1" 200 324 "-" "-" 1581 "rasa-production@docker" "http://172.22.0.5:5002" 138ms
162.158.122.6 - - [25/Nov/2021:00:07:04 +0000] "GET /api/conversations/bdc16b0064eb403e8de76167991eb286?format=full_conversation&since=1637798318.255578&environment=production HTTP/1.1" 200 324 "-" "-" 1582 "rasa-production@docker" "http://172.22.0.5:5002" 135ms
172.70.82.166 - - [25/Nov/2021:00:07:04 +0000] "GET /api/conversations/cf7ee65db51a4c34842a55379dede435?format=full_conversation&since=1637798547.2380378&environment=production HTTP/1.1" 200 324 "-" "-" 1583 "rasa-production@docker" "http://172.22.0.5:5002" 155ms
162.158.122.6 - - [25/Nov/2021:00:07:05 +0000] "GET /api/conversations/bdc16b0064eb403e8de76167991eb286?format=full_conversation&since=1637798318.255578&environment=production HTTP/1.1" 200 324 "-" "-" 1584 "rasa-production@docker" "http://172.22.0.5:5002" 136ms
172.70.82.122 - - [25/Nov/2021:00:07:05 +0000] "GET /api/conversations/bdc16b0064eb403e8de76167991eb286?format=full_conversation&since=1637798318.255578 HTTP/1.1" 200 324 "-" "-" 1585 "rasa-production@docker" "http://172.22.0.5:5002" 267ms
172.70.82.166 - - [25/Nov/2021:00:07:05 +0000] "GET /api/conversations/cf7ee65db51a4c34842a55379dede435?format=full_conversation&since=1637798547.2380378&environment=production HTTP/1.1" 200 324 "-" "-" 1586 "rasa-production@docker" "http://172.22.0.5:5002" 137ms
172.70.82.166 - - [25/Nov/2021:00:07:06 +0000] "GET /api/conversations/cf7ee65db51a4c34842a55379dede435?format=full_conversation&since=1637798547.2380378&environment=production HTTP/1.1" 200 324 "-" "-" 1587 "rasa-production@docker" "http://172.22.0.5:5002" 135ms
162.158.122.6 - - [25/Nov/2021:00:07:06 +0000] "GET /api/conversations/bdc16b0064eb403e8de76167991eb286?format=full_conversation&since=1637798318.255578&environment=production HTTP/1.1" 200 324 "-" "-" 1588 "rasa-production@docker" "http://172.22.0.5:5002" 134ms
172.70.82.166 - - [25/Nov/2021:00:07:07 +0000] "GET /api/conversations/cf7ee65db51a4c34842a55379dede435?format=full_conversation&since=1637798547.2380378&environment=production HTTP/1.1" 200 324 "-" "-" 1589 "rasa-production@docker" "http://172.22.0.5:5002" 135ms
172.70.82.122 - - [25/Nov/2021:00:07:07 +0000] "GET /api/conversations/d8292b8f822c443b99ad5ab53e8470e4?format=full_conversation&since=1637798682.5246367&environment=production HTTP/1.1" 200 324 "-" "-" 1590 "rasa-production@docker" "http://172.22.0.5:5002" 262ms
172.70.82.122 - - [25/Nov/2021:00:07:07 +0000] "GET /api/conversations/bdc16b0064eb403e8de76167991eb286?format=full_conversation&since=1637798318.255578 HTTP/1.1" 200 324 "-" "-" 1591 "rasa-production@docker" "http://172.22.0.5:5002" 262ms
172.70.82.166 - - [25/Nov/2021:00:07:08 +0000] "GET /api/conversations/cf7ee65db51a4c34842a55379dede435?format=full_conversation&since=1637798547.2380378&environment=production HTTP/1.1" 200 324 "-" "-" 1592 "rasa-production@docker" "http://172.22.0.5:5002" 135ms
162.158.122.6 - - [25/Nov/2021:00:07:08 +0000] "GET /api/conversations/bdc16b0064eb403e8de76167991eb286?format=full_conversation&since=1637798318.255578&environment=production HTTP/1.1" 200 324 "-" "-" 1593 "rasa-production@docker" "http://172.22.0.5:5002" 133ms
172.70.82.166 - - [25/Nov/2021:00:07:09 +0000] "GET /api/conversations/cf7ee65db51a4c34842a55379dede435?format=full_conversation&since=1637798547.2380378&environment=production HTTP/1.1" 200 324 "-" "-" 1594 "rasa-production@docker" "http://172.22.0.5:5002" 134ms
172.70.82.122 - - [25/Nov/2021:00:07:09 +0000] "GET /api/conversations/bdc16b0064eb403e8de76167991eb286?format=full_conversation&since=1637798318.255578 HTTP/1.1" 200 324 "-" "-" 1595 "rasa-production@docker" "http://172.22.0.5:5002" 261ms
172.70.82.166 - - [25/Nov/2021:00:07:09 +0000] "GET /api/conversations/cf7ee65db51a4c34842a55379dede435?format=full_conversation&since=1637798547.2380378&environment=production HTTP/1.1" 200 324 "-" "-" 1596 "rasa-production@docker" "http://172.22.0.5:5002" 145ms
162.158.122.6 - - [25/Nov/2021:00:07:10 +0000] "GET /api/conversations/bdc16b0064eb403e8de76167991eb286?format=full_conversation&since=1637798318.255578&environment=production HTTP/1.1" 200 324 "-" "-" 1597 "rasa-production@docker" "http://172.22.0.5:5002" 135ms
172.70.82.166 - - [25/Nov/2021:00:07:10 +0000] "GET /api/conversations/cf7ee65db51a4c34842a55379dede435?format=full_conversation&since=1637798547.2380378&environment=production HTTP/1.1" 200 324 "-" "-" 1598 "rasa-production@docker" "http://172.22.0.5:5002" 137ms
162.158.122.6 - - [25/Nov/2021:00:07:11 +0000] "GET /api/conversations/bdc16b0064eb403e8de76167991eb286?format=full_conversation&since=1637798318.255578&environment=production HTTP/1.1" 200 324 "-" "-" 1600 "rasa-production@docker" "http://172.22.0.5:5002" 134ms
172.70.82.122 - - [25/Nov/2021:00:07:11 +0000] "GET /api/conversations/d8292b8f822c443b99ad5ab53e8470e4?format=full_conversation&since=1637798682.5246367&environment=production HTTP/1.1" 200 324 "-" "-" 1599 "rasa-production@docker" "http://172.22.0.5:5002" 263ms
172.70.82.122 - - [25/Nov/2021:00:07:11 +0000] "GET /api/conversations/bdc16b0064eb403e8de76167991eb286?format=full_conversation&since=1637798318.255578 HTTP/1.1" 200 324 "-" "-" 1601 "rasa-production@docker" "http://172.22.0.5:5002" 261ms
172.70.82.166 - - [25/Nov/2021:00:07:11 +0000] "GET /api/conversations/cf7ee65db51a4c34842a55379dede435?format=full_conversation&since=1637798547.2380378&environment=production HTTP/1.1" 200 324 "-" "-" 1602 "rasa-production@docker" "http://172.22.0.5:5002" 137ms
162.158.122.6 - - [25/Nov/2021:00:07:12 +0000] "GET /api/conversations/bdc16b0064eb403e8de76167991eb286?format=full_conversation&since=1637798318.255578&environment=production HTTP/1.1" 200 324 "-" "-" 1603 "rasa-production@docker" "http://172.22.0.5:5002" 142ms
172.70.82.166 - - [25/Nov/2021:00:07:12 +0000] "GET /api/conversations/cf7ee65db51a4c34842a55379dede435?format=full_conversation&since=1637798547.2380378&environment=production HTTP/1.1" 200 324 "-" "-" 1604 "rasa-production@docker" "http://172.22.0.5:5002" 135ms
162.158.122.6 - - [25/Nov/2021:00:07:13 +0000] "GET /api/conversations/bdc16b0064eb403e8de76167991eb286?format=full_conversation&since=1637798318.255578&environment=production HTTP/1.1" 200 324 "-" "-" 1605 "rasa-production@docker" "http://172.22.0.5:5002" 131ms
172.70.82.166 - - [25/Nov/2021:00:07:13 +0000] "GET /api/conversations/cf7ee65db51a4c34842a55379dede435?format=full_conversation&since=1637798547.2380378&environment=production HTTP/1.1" 200 324 "-" "-" 1607 "rasa-production@docker" "http://172.22.0.5:5002" 132ms
172.70.82.122 - - [25/Nov/2021:00:07:13 +0000] "GET /api/conversations/bdc16b0064eb403e8de76167991eb286?format=full_conversation&since=1637798318.255578 HTTP/1.1" 200 324 "-" "-" 1606 "rasa-production@docker" "http://172.22.0.5:5002" 263ms
172.70.82.166 - - [25/Nov/2021:00:07:14 +0000] "GET /api/conversations/cf7ee65db51a4c34842a55379dede435?format=full_conversation&since=1637798547.2380378&environment=production HTTP/1.1" 200 324 "-" "-" 1608 "rasa-production@docker" "http://172.22.0.5:5002" 132ms
162.158.122.6 - - [25/Nov/2021:00:07:14 +0000] "GET /api/conversations/bdc16b0064eb403e8de76167991eb286?format=full_conversation&since=1637798318.255578&environment=production HTTP/1.1" 200 324 "-" "-" 1609 "rasa-production@docker" "http://172.22.0.5:5002" 136ms
172.70.82.166 - - [25/Nov/2021:00:07:15 +0000] "GET /api/conversations/cf7ee65db51a4c34842a55379dede435?format=full_conversation&since=1637798547.2380378&environment=production HTTP/1.1" 200 324 "-" "-" 1610 "rasa-production@docker" "http://172.22.0.5:5002" 149ms
162.158.122.6 - - [25/Nov/2021:00:07:15 +0000] "GET /api/conversations/bdc16b0064eb403e8de76167991eb286?format=full_conversation&since=1637798318.255578&environment=production HTTP/1.1" 200 324 "-" "-" 1612 "rasa-production@docker" "http://172.22.0.5:5002" 135ms
172.70.82.122 - - [25/Nov/2021:00:07:15 +0000] "GET /api/conversations/d8292b8f822c443b99ad5ab53e8470e4?format=full_conversation&since=1637798682.5246367&environment=production HTTP/1.1" 200 324 "-" "-" 1613 "rasa-production@docker" "http://172.22.0.5:5002" 266ms
172.70.82.122 - - [25/Nov/2021:00:07:15 +0000] "GET /api/conversations/bdc16b0064eb403e8de76167991eb286?format=full_conversation&since=1637798318.255578 HTTP/1.1" 200 324 "-" "-" 1611 "rasa-production@docker" "http://172.22.0.5:5002" 277ms
172.70.82.166 - - [25/Nov/2021:00:07:16 +0000] "GET /api/conversations/cf7ee65db51a4c34842a55379dede435?format=full_conversation&since=1637798547.2380378&environment=production HTTP/1.1" 200 324 "-" "-" 1614 "rasa-production@docker" "http://172.22.0.5:5002" 133ms
162.158.122.6 - - [25/Nov/2021:00:07:16 +0000] "GET /api/conversations/bdc16b0064eb403e8de76167991eb286?format=full_conversation&since=1637798318.255578&environment=production HTTP/1.1" 200 324 "-" "-" 1615 "rasa-production@docker" "http://172.22.0.5:5002" 134ms
172.70.82.166 - - [25/Nov/2021:00:07:16 +0000] "GET /api/conversations/cf7ee65db51a4c34842a55379dede435?format=full_conversation&since=1637798547.2380378&environment=production HTTP/1.1" 200 324 "-" "-" 1616 "rasa-production@docker" "http://172.22.0.5:5002" 134ms
162.158.122.6 - - [25/Nov/2021:00:07:17 +0000] "GET /api/conversations/bdc16b0064eb403e8de76167991eb286?format=full_conversation&since=1637798318.255578&environment=production HTTP/1.1" 200 324 "-" "-" 1617 "rasa-production@docker" "http://172.22.0.5:5002" 134ms
172.70.82.122 - - [25/Nov/2021:00:07:17 +0000] "GET /api/conversations/bdc16b0064eb403e8de76167991eb286?format=full_conversation&since=1637798318.255578 HTTP/1.1" 200 324 "-" "-" 1618 "rasa-production@docker" "http://172.22.0.5:5002" 265ms
172.70.82.166 - - [25/Nov/2021:00:07:17 +0000] "GET /api/conversations/cf7ee65db51a4c34842a55379dede435?format=full_conversation&since=1637798547.2380378&environment=production HTTP/1.1" 200 324 "-" "-" 1619 "rasa-production@docker" "http://172.22.0.5:5002" 139ms
162.158.122.6 - - [25/Nov/2021:00:07:18 +0000] "GET /api/conversations/bdc16b0064eb403e8de76167991eb286?format=full_conversation&since=1637798318.255578&environment=production HTTP/1.1" 200 324 "-" "-" 1620 "rasa-production@docker" "http://172.22.0.5:5002" 140ms
172.70.82.166 - - [25/Nov/2021:00:07:18 +0000] "GET /api/conversations/cf7ee65db51a4c34842a55379dede435?format=full_conversation&since=1637798547.2380378&environment=production HTTP/1.1" 200 324 "-" "-" 1621 "rasa-production@docker" "http://172.22.0.5:5002" 136ms
162.158.122.6 - - [25/Nov/2021:00:07:19 +0000] "GET /api/conversations/bdc16b0064eb403e8de76167991eb286?format=full_conversation&since=1637798318.255578&environment=production HTTP/1.1" 200 324 "-" "-" 1623 "rasa-production@docker" "http://172.22.0.5:5002" 135ms
172.70.82.166 - - [25/Nov/2021:00:07:19 +0000] "GET /api/conversations/cf7ee65db51a4c34842a55379dede435?format=full_conversation&since=1637798547.2380378&environment=production HTTP/1.1" 200 324 "-" "-" 1624 "rasa-production@docker" "http://172.22.0.5:5002" 135ms
172.70.82.122 - - [25/Nov/2021:00:07:19 +0000] "GET /api/conversations/bdc16b0064eb403e8de76167991eb286?format=full_conversation&since=1637798318.255578 HTTP/1.1" 200 324 "-" "-" 1622 "rasa-production@docker" "http://172.22.0.5:5002" 267ms
172.70.82.122 - - [25/Nov/2021:00:07:19 +0000] "GET /api/conversations/d8292b8f822c443b99ad5ab53e8470e4?format=full_conversation&since=1637798682.5246367&environment=production HTTP/1.1" 200 324 "-" "-" 1625 "rasa-production@docker" "http://172.22.0.5:5002" 267ms
162.158.122.6 - - [25/Nov/2021:00:07:20 +0000] "GET /api/conversations/bdc16b0064eb403e8de76167991eb286?format=full_conversation&since=1637798318.255578&environment=production HTTP/1.1" 200 324 "-" "-" 1626 "rasa-production@docker" "http://172.22.0.5:5002" 155ms
172.70.82.166 - - [25/Nov/2021:00:07:20 +0000] "GET /api/conversations/cf7ee65db51a4c34842a55379dede435?format=full_conversation&since=1637798547.2380378&environment=production HTTP/1.1" 200 324 "-" "-" 1627 "rasa-production@docker" "http://172.22.0.5:5002" 162ms
172.70.82.166 - - [25/Nov/2021:00:07:21 +0000] "GET /api/conversations/cf7ee65db51a4c34842a55379dede435?format=full_conversation&since=1637798547.2380378&environment=production HTTP/1.1" 200 324 "-" "-" 1628 "rasa-production@docker" "http://172.22.0.5:5002" 135ms
162.158.122.6 - - [25/Nov/2021:00:07:21 +0000] "GET /api/conversations/bdc16b0064eb403e8de76167991eb286?format=full_conversation&since=1637798318.255578&environment=production HTTP/1.1" 200 324 "-" "-" 1629 "rasa-production@docker" "http://172.22.0.5:5002" 135ms
172.70.82.122 - - [25/Nov/2021:00:07:21 +0000] "GET /api/conversations/bdc16b0064eb403e8de76167991eb286?format=full_conversation&since=1637798318.255578 HTTP/1.1" 200 324 "-" "-" 1630 "rasa-production@docker" "http://172.22.0.5:5002" 265ms
172.70.82.166 - - [25/Nov/2021:00:07:22 +0000] "GET /api/conversations/cf7ee65db51a4c34842a55379dede435?format=full_conversation&since=1637798547.2380378&environment=production HTTP/1.1" 200 324 "-" "-" 1631 "rasa-production@docker" "http://172.22.0.5:5002" 131ms
162.158.122.6 - - [25/Nov/2021:00:07:22 +0000] "GET /api/conversations/bdc16b0064eb403e8de76167991eb286?format=full_conversation&since=1637798318.255578&environment=production HTTP/1.1" 200 324 "-" "-" 1632 "rasa-production@docker" "http://172.22.0.5:5002" 131ms
172.70.82.122 - - [25/Nov/2021:00:07:22 +0000] "POST /api/telemetry HTTP/1.1" 204 0 "-" "-" 1634 "rasa-production@docker" "http://172.22.0.5:5002" 135ms
172.70.82.122 - - [25/Nov/2021:00:07:22 +0000] "GET /api/conversations/bdc16b0064eb403e8de76167991eb286?format=full_conversation&since=1637798318.255578 HTTP/1.1" 200 324 "-" "-" 1633 "rasa-production@docker" "http://172.22.0.5:5002" 262ms
172.70.82.166 - - [25/Nov/2021:00:07:23 +0000] "GET /api/conversations/cf7ee65db51a4c34842a55379dede435?format=full_conversation&since=1637798547.2380378&environment=production HTTP/1.1" 200 324 "-" "-" 1636 "rasa-production@docker" "http://172.22.0.5:5002" 134ms
172.70.82.122 - - [25/Nov/2021:00:07:23 +0000] "GET /api/conversations/d8292b8f822c443b99ad5ab53e8470e4?format=full_conversation&since=1637798682.5246367&environment=production HTTP/1.1" 200 324 "-" "-" 1635 "rasa-production@docker" "http://172.22.0.5:5002" 264ms
162.158.122.6 - - [25/Nov/2021:00:07:23 +0000] "GET /api/conversations/bdc16b0064eb403e8de76167991eb286?format=full_conversation&since=1637798318.255578&environment=production HTTP/1.1" 200 324 "-" "-" 1637 "rasa-production@docker" "http://172.22.0.5:5002" 132ms
172.70.82.166 - - [25/Nov/2021:00:07:23 +0000] "GET /api/conversations/cf7ee65db51a4c34842a55379dede435?format=full_conversation&since=1637798547.2380378&environment=production HTTP/1.1" 200 324 "-" "-" 1638 "rasa-production@docker" "http://172.22.0.5:5002" 134ms
172.70.82.122 - - [25/Nov/2021:00:07:24 +0000] "POST /api/telemetry HTTP/1.1" 204 0 "-" "-" 1639 "rasa-production@docker" "http://172.22.0.5:5002" 133ms
162.158.122.6 - - [25/Nov/2021:00:07:24 +0000] "GET /api/conversations/bdc16b0064eb403e8de76167991eb286?format=full_conversation&since=1637798318.255578&environment=production HTTP/1.1" 200 324 "-" "-" 1640 "rasa-production@docker" "http://172.22.0.5:5002" 135ms
172.70.82.122 - - [25/Nov/2021:00:07:24 +0000] "GET /api/conversations/bdc16b0064eb403e8de76167991eb286?format=full_conversation&since=1637798318.255578 HTTP/1.1" 200 324 "-" "-" 1641 "rasa-production@docker" "http://172.22.0.5:5002" 271ms
172.70.82.166 - - [25/Nov/2021:00:07:24 +0000] "GET /api/conversations/cf7ee65db51a4c34842a55379dede435?format=full_conversation&since=1637798547.2380378&environment=production HTTP/1.1" 200 324 "-" "-" 1642 "rasa-production@docker" "http://172.22.0.5:5002" 132ms
162.158.122.6 - - [25/Nov/2021:00:07:25 +0000] "GET /api/conversations/bdc16b0064eb403e8de76167991eb286?format=full_conversation&since=1637798318.255578&environment=production HTTP/1.1" 200 324 "-" "-" 1643 "rasa-production@docker" "http://172.22.0.5:5002" 149ms
172.70.82.166 - - [25/Nov/2021:00:07:25 +0000] "GET /api/conversations/cf7ee65db51a4c34842a55379dede435?format=full_conversation&since=1637798547.2380378&environment=production HTTP/1.1" 200 324 "-" "-" 1644 "rasa-production@docker" "http://172.22.0.5:5002" 144ms
172.70.82.166 - - [25/Nov/2021:00:07:26 +0000] "GET /api/conversations/cf7ee65db51a4c34842a55379dede435?format=full_conversation&since=1637798547.2380378&environment=production HTTP/1.1" 200 324 "-" "-" 1645 "rasa-production@docker" "http://172.22.0.5:5002" 138ms
162.158.122.6 - - [25/Nov/2021:00:07:26 +0000] "GET /api/conversations/bdc16b0064eb403e8de76167991eb286?format=full_conversation&since=1637798318.255578&environment=production HTTP/1.1" 200 324 "-" "-" 1646 "rasa-production@docker" "http://172.22.0.5:5002" 130ms
172.70.82.122 - - [25/Nov/2021:00:07:26 +0000] "GET /api/conversations/d8292b8f822c443b99ad5ab53e8470e4?format=full_conversation&since=1637798682.5246367&environment=production HTTP/1.1" 200 324 "-" "-" 1647 "rasa-production@docker" "http://172.22.0.5:5002" 269ms
172.70.82.122 - - [25/Nov/2021:00:07:26 +0000] "GET /api/conversations/bdc16b0064eb403e8de76167991eb286?format=full_conversation&since=1637798318.255578 HTTP/1.1" 200 324 "-" "-" 1648 "rasa-production@docker" "http://172.22.0.5:5002" 268ms
172.70.82.166 - - [25/Nov/2021:00:07:27 +0000] "GET /api/conversations/cf7ee65db51a4c34842a55379dede435?format=full_conversation&since=1637798547.2380378&environment=production HTTP/1.1" 200 324 "-" "-" 1649 "rasa-production@docker" "http://172.22.0.5:5002" 132ms
162.158.122.6 - - [25/Nov/2021:00:07:27 +0000] "GET /api/conversations/bdc16b0064eb403e8de76167991eb286?format=full_conversation&since=1637798318.255578&environment=production HTTP/1.1" 200 324 "-" "-" 1650 "rasa-production@docker" "http://172.22.0.5:5002" 133ms
172.70.82.166 - - [25/Nov/2021:00:07:28 +0000] "GET /api/conversations/cf7ee65db51a4c34842a55379dede435?format=full_conversation&since=1637798547.2380378&environment=production HTTP/1.1" 200 324 "-" "-" 1651 "rasa-production@docker" "http://172.22.0.5:5002" 135ms
162.158.122.6 - - [25/Nov/2021:00:07:28 +0000] "GET /api/conversations/bdc16b0064eb403e8de76167991eb286?format=full_conversation&since=1637798318.255578&environment=production HTTP/1.1" 200 324 "-" "-" 1653 "rasa-production@docker" "http://172.22.0.5:5002" 132ms
172.70.82.122 - - [25/Nov/2021:00:07:28 +0000] "GET /api/conversations/bdc16b0064eb403e8de76167991eb286?format=full_conversation&since=1637798318.255578 HTTP/1.1" 200 324 "-" "-" 1652 "rasa-production@docker" "http://172.22.0.5:5002" 265ms
172.70.82.166 - - [25/Nov/2021:00:07:28 +0000] "GET /api/conversations/cf7ee65db51a4c34842a55379dede435?format=full_conversation&since=1637798547.2380378&environment=production HTTP/1.1" 200 324 "-" "-" 1654 "rasa-production@docker" "http://172.22.0.5:5002" 134ms
172.70.82.122 - - [25/Nov/2021:00:07:29 +0000] "GET /api/data_tags HTTP/1.1" 200 2 "-" "-" 1656 "rasa-production@docker" "http://172.22.0.5:5002" 158ms
172.70.82.122 - - [25/Nov/2021:00:07:29 +0000] "GET /api/conversationEntities HTTP/1.1" 200 2 "-" "-" 1658 "rasa-production@docker" "http://172.22.0.5:5002" 156ms
172.70.82.122 - - [25/Nov/2021:00:07:29 +0000] "GET /api/conversations/slotNames HTTP/1.1" 200 2 "-" "-" 1657 "rasa-production@docker" "http://172.22.0.5:5002" 178ms
172.70.82.122 - - [25/Nov/2021:00:07:29 +0000] "GET /api/projects/default/intents?fields[example_hashes]=false&fields[suggestions]=false HTTP/1.1" 200 251 "-" "-" 1655 "rasa-production@docker" "http://172.22.0.5:5002" 205ms
172.70.82.166 - - [25/Nov/2021:00:07:29 +0000] "GET /api/conversations/cf7ee65db51a4c34842a55379dede435?format=full_conversation&since=1637798547.2380378&environment=production HTTP/1.1" 200 324 "-" "-" 1669 "rasa-production@docker" "http://172.22.0.5:5002" 133ms
172.70.82.122 - - [25/Nov/2021:00:07:29 +0000] "GET /api/data_tags HTTP/1.1" 200 2 "-" "-" 1670 "rasa-production@docker" "http://172.22.0.5:5002" 154ms
172.70.82.122 - - [25/Nov/2021:00:07:30 +0000] "GET /api/data_tags HTTP/1.1" 200 2 "-" "-" 1671 "rasa-production@docker" "http://172.22.0.5:5002" 158ms
172.70.82.122 - - [25/Nov/2021:00:07:30 +0000] "GET /api/data_tags HTTP/1.1" 200 2 "-" "-" 1673 "rasa-production@docker" "http://172.22.0.5:5002" 152ms
172.70.82.166 - - [25/Nov/2021:00:07:30 +0000] "GET /api/conversations/cf7ee65db51a4c34842a55379dede435?format=full_conversation&since=1637798547.2380378&environment=production HTTP/1.1" 200 324 "-" "-" 1674 "rasa-production@docker" "http://172.22.0.5:5002" 134ms
172.70.82.122 - - [25/Nov/2021:00:07:30 +0000] "GET /api/conversations/bdc16b0064eb403e8de76167991eb286?format=full_conversation&since=1637798318.255578 HTTP/1.1" 200 324 "-" "-" 1672 "rasa-production@docker" "http://172.22.0.5:5002" 261ms
172.70.82.166 - - [25/Nov/2021:00:07:31 +0000] "GET /api/conversations/cf7ee65db51a4c34842a55379dede435?format=full_conversation&since=1637798547.2380378&environment=production HTTP/1.1" 200 324 "-" "-" 1675 "rasa-production@docker" "http://172.22.0.5:5002" 136ms
172.70.82.122 - - [25/Nov/2021:00:07:31 +0000] "GET /api/conversations/bdc16b0064eb403e8de76167991eb286?format=full_conversation&since=1637798318.255578 HTTP/1.1" 200 324 "-" "-" 1676 "rasa-production@docker" "http://172.22.0.5:5002" 264ms
162.158.122.6 - - [25/Nov/2021:00:07:29 +0000] "GET /api/conversations/bdc16b0064eb403e8de76167991eb286?format=full_conversation&since=1637798318.255578&environment=production HTTP/1.1" 200 324 "-" "-" 1661 "rasa-production@docker" "http://172.22.0.5:5002" 2521ms
172.70.82.122 - - [25/Nov/2021:00:07:29 +0000] "POST /api/telemetry HTTP/1.1" 204 0 "-" "-" 1666 "rasa-production@docker" "http://172.22.0.5:5002" 2475ms
172.70.82.122 - - [25/Nov/2021:00:07:29 +0000] "GET /api/conversations/inputChannels HTTP/1.1" 200 17 "-" "-" 1662 "rasa-production@docker" "http://172.22.0.5:5002" 2479ms
172.70.82.122 - - [25/Nov/2021:00:07:29 +0000] "GET /api/conversationPolicies HTTP/1.1" 200 2 "-" "-" 1663 "rasa-production@docker" "http://172.22.0.5:5002" 2478ms
172.70.82.122 - - [25/Nov/2021:00:07:29 +0000] "GET /api/conversationIntents HTTP/1.1" 200 2 "-" "-" 1659 "rasa-production@docker" "http://172.22.0.5:5002" 2563ms
172.70.82.122 - - [25/Nov/2021:00:07:29 +0000] "GET /api/projects/default/entities HTTP/1.1" 200 2 "-" "-" 1667 "rasa-production@docker" "http://172.22.0.5:5002" 2472ms
172.70.82.122 - - [25/Nov/2021:00:07:29 +0000] "GET /api/conversationActions HTTP/1.1" 200 40 "-" "-" 1660 "rasa-production@docker" "http://172.22.0.5:5002" 2561ms
172.70.82.122 - - [25/Nov/2021:00:07:29 +0000] "GET /api/conversations?limit=30&offset=0&minimumUserMessages=1&intent=&entity=&action=&policies=&slots=&input_channels=&tags_any=&interactive=true&exclude_self=false HTTP/1.1" 200 1590 "-" "-" 1664 "rasa-production@docker" "http://172.22.0.5:5002" 2476ms
172.70.82.122 - - [25/Nov/2021:00:07:29 +0000] "GET /api/conversations/cf7ee65db51a4c34842a55379dede435?format=full_conversation&since=1637798547.2380378 HTTP/1.1" 200 324 "-" "-" 1665 "rasa-production@docker" "http://172.22.0.5:5002" 2476ms
172.70.82.122 - - [25/Nov/2021:00:07:29 +0000] "GET /api/conversations/cf7ee65db51a4c34842a55379dede435?test_story=false HTTP/1.1" 200 119 "-" "-" 1668 "rasa-production@docker" "http://172.22.0.5:5002" 2471ms
172.70.82.122 - - [25/Nov/2021:00:07:31 +0000] "GET /api/projects/default/synonyms?q=&reference=&mapped_value= HTTP/1.1" 200 2 "-" "-" 1677 "rasa-production@docker" "http://172.22.0.5:5002" 157ms
172.70.82.122 - - [25/Nov/2021:00:07:31 +0000] "GET /api/data_tags HTTP/1.1" 200 2 "-" "-" 1678 "rasa-production@docker" "http://172.22.0.5:5002" 157ms
172.70.82.122 - - [25/Nov/2021:00:07:32 +0000] "GET /api/projects/default/intents?fields[example_hashes]=false&fields[suggestions]=false HTTP/1.1" 200 251 "-" "-" 1679 "rasa-production@docker" "http://172.22.0.5:5002" 197ms
172.70.82.166 - - [25/Nov/2021:00:07:32 +0000] "GET /api/conversations/cf7ee65db51a4c34842a55379dede435?format=full_conversation&since=1637798547.2380378&environment=production HTTP/1.1" 200 324 "-" "-" 1680 "rasa-production@docker" "http://172.22.0.5:5002" 140ms
172.70.82.122 - - [25/Nov/2021:00:07:32 +0000] "GET /api/projects/default/logs?q=&intent=&entity=&tags=&limit=50&offset=0&sort_by=time&sort_order=desc HTTP/1.1" 200 2 "-" "-" 1681 "rasa-production@docker" "http://172.22.0.5:5002" 180ms
